198.58.156.187 - - [12/Jan/2018:05:55:15 +0100] "GET /?OtherGamesThatCanBePlayedUsingGoEquipment HTTP/1.1" 200 8294 "https://www.google.ca/" "Mozilla/5.0 (Linux; Android 6.0.1; SAMSUNG-SM-J320A Build/MMB29K) AppleWebKit/537.36 (KHTML, like Gecko) Chrome/63.0.3239.111 Mobile Safari/537.36"
46.229.168.79 - - [12/Jan/2018:05:55:26 +0100] "GET /?forum=TsumegoFromGames87 HTTP/1.1" 200 5241 "-" "Mozilla/5.0 (compatible; SemrushBot/1.2~bl; +http://www.semrush.com/bot.html)"
40.77.167.7 - - [12/Jan/2018:05:55:37 +0100] "GET /?Kokiri%2FrecentGame10 HTTP/1.1" 200 6975 "-" "Mozilla/5.0 (iPhone; CPU iPhone OS 7_0 like Mac OS X) AppleWebKit/537.51.1 (KHTML, like Gecko) Version/7.0 Mobile/11A465 Safari/9537.53 (compatible; bingbot/2.0; +http://www.bing.com/bingbot.htm)"
72.187.218.117 - - [12/Jan/2018:05:55:38 +0100] "GET /?AfterJoseki HTTP/1.1" 200 7762 "https://www.google.com/" "Mozilla/5.0 (Windows NT 6.1; Win64; x64) AppleWebKit/537.36 (KHTML, like Gecko) Chrome/63.0.3239.132 Safari/537.36"
40.77.167.7 - - [12/Jan/2018:05:55:37 +0100] "GET /?TengenFuseki HTTP/1.1" 200 9303 "-" "Mozilla/5.0 (iPhone; CPU iPhone OS 7_0 like Mac OS X) AppleWebKit/537.51.1 (KHTML, like Gecko) Version/7.0 Mobile/11A465 Safari/9537.53 (compatible; bingbot/2.0; +http://www.bing.com/bingbot.htm)"
40.77.167.54 - - [12/Jan/2018:05:55:42 +0100] "GET /?DaeMaBulSa HTTP/1.1" 200 8068 "-" "Mozilla/5.0 (iPhone; CPU iPhone OS 7_0 like Mac OS X) AppleWebKit/537.51.1 (KHTML, like Gecko) Version/7.0 Mobile/11A465 Safari/9537.53 (compatible; bingbot/2.0; +http://www.bing.com/bingbot.htm)"
40.77.167.7 - - [12/Jan/2018:05:55:52 +0100] "GET /?kifu HTTP/1.1" 200 7464 "-" "Mozilla/5.0 (iPhone; CPU iPhone OS 7_0 like Mac OS X) AppleWebKit/537.51.1 (KHTML, like Gecko) Version/7.0 Mobile/11A465 Safari/9537.53 (compatible; bingbot/2.0; +http://www.bing.com/bingbot.htm)"
111.95.65.176 - - [12/Jan/2018:05:55:54 +0100] "GET /wp-login.php HTTP/1.1" 404 3572 "-" "Mozilla/5.0 (Windows NT 6.1; WOW64; rv:40.0) Gecko/20100101 Firefox/40.1"
111.95.65.176 - - [12/Jan/2018:05:55:54 +0100] "GET / HTTP/1.1" 200 9342 "-" "Mozilla/5.0 (Windows NT 6.1; WOW64; rv:40.0) Gecko/20100101 Firefox/40.1"
213.180.203.2 - - [12/Jan/2018:05:55:54 +0100] "GET /?Indigo HTTP/1.1" 200 5784 "-" "Mozilla/5.0 (compatible; YandexBot/3.0; +http://yandex.com/bots)"
54.36.148.92 - - [12/Jan/2018:05:55:59 +0100] "GET /?forum=ProfessionalDiploma HTTP/1.1" 200 5227 "-" "Mozilla/5.0 (compatible; AhrefsBot/5.2; +http://ahrefs.com/robot/)"
40.77.167.80 - - [12/Jan/2018:05:56:01 +0100] "GET /?InfluenceMap HTTP/1.1" 200 11262 "-" "Mozilla/5.0 (iPhone; CPU iPhone OS 7_0 like Mac OS X) AppleWebKit/537.51.1 (KHTML, like Gecko) Version/7.0 Mobile/11A465 Safari/9537.53 (compatible; bingbot/2.0; +http://www.bing.com/bingbot.htm)"
99.118.1.110 - - [12/Jan/2018:05:56:07 +0100] "GET /?WabiSabi HTTP/1.1" 200 5528 "https://senseis.xmp.net/?EquipmentDimensions" "Mozilla/5.0 (Windows NT 6.1; Win64; x64) AppleWebKit/537.36 (KHTML, like Gecko) Chrome/63.0.3239.132 Safari/537.36"
199.30.24.4 - - [12/Jan/2018:05:56:08 +0100] "GET /?34PointDistantHighApproachOneSpaceLowPincer HTTP/1.1" 200 17134 "-" "Mozilla/5.0 (Windows NT 6.1; WOW64) AppleWebKit/534+ (KHTML, like Gecko) BingPreview/1.0b"
71.126.173.72 - - [12/Jan/2018:05:56:14 +0100] "GET /?Seki HTTP/1.1" 200 10962 "https://senseis.xmp.net/?AliveIntroductory" "Mozilla/5.0 (iPhone; CPU iPhone OS 11_2_1 like Mac OS X) AppleWebKit/604.4.7 (KHTML, like Gecko) Version/11.0 Mobile/15C153 Safari/604.1"
76.25.251.213 - - [12/Jan/2018:05:56:18 +0100] "GET /?KobayashiFuseki HTTP/1.1" 200 7805 "https://www.google.com/" "Mozilla/5.0 (Windows NT 10.0; Win64; x64) AppleWebKit/537.36 (KHTML, like Gecko) Chrome/63.0.3239.132 Safari/537.36"
54.36.148.28 - - [12/Jan/2018:05:56:18 +0100] "GET /?forum=FukumensiMihori HTTP/1.1" 200 5222 "-" "Mozilla/5.0 (compatible; AhrefsBot/5.2; +http://ahrefs.com/robot/)"
76.25.251.213 - - [12/Jan/2018:05:56:19 +0100] "GET /favicon.ico HTTP/1.1" 200 646 "https://senseis.xmp.net/?KobayashiFuseki" "Mozilla/5.0 (Windows NT 10.0; Win64; x64) AppleWebKit/537.36 (KHTML, like Gecko) Chrome/63.0.3239.132 Safari/537.36"
213.180.203.2 - - [12/Jan/2018:05:56:24 +0100] "GET /?SquareGoodShape HTTP/1.1" 200 6486 "-" "Mozilla/5.0 (compatible; YandexBot/3.0; +http://yandex.com/bots)"
68.180.230.239 - - [12/Jan/2018:05:56:24 +0100] "GET /?MandMsBrown HTTP/1.1" 304 3386 "-" "Mozilla/5.0 (compatible; Yahoo! Slurp; http://help.yahoo.com/help/us/ysearch/slurp)"
46.229.168.74 - - [12/Jan/2018:05:56:28 +0100] "GET /?CraigDaniel HTTP/1.1" 200 7481 "-" "Mozilla/5.0 (compatible; SemrushBot/1.2~bl; +http://www.semrush.com/bot.html)"
199.30.24.94 - - [12/Jan/2018:05:56:33 +0100] "GET /?34PointDistantHighApproachOneSpaceLowPincer HTTP/1.1" 200 17134 "-" "Mozilla/5.0 (Windows NT 6.1; WOW64) AppleWebKit/534+ (KHTML, like Gecko) BingPreview/1.0b"
107.77.225.50 - - [12/Jan/2018:05:56:34 +0100] "GET /?44Point33InvasionJoseki HTTP/1.1" 200 9638 "https://senseis.xmp.net/?33PointInvasion" "Mozilla/5.0 (iPhone; CPU iPhone OS 11_2_1 like Mac OS X) AppleWebKit/604.4.7 (KHTML, like Gecko) Version/11.0 Mobile/15C153 Safari/604.1"
66.249.64.205 - - [12/Jan/2018:05:56:36 +0100] "GET /?FanTingyu HTTP/1.1" 200 6574 "-" "Mozilla/5.0 (compatible; Googlebot/2.1; +http://www.google.com/bot.html)"
116.15.199.196 - - [12/Jan/2018:05:56:39 +0100] "GET /?JapaneseNameSuffix HTTP/1.1" 200 15905 "https://www.google.com.sg/" "Mozilla/5.0 (Linux; Android 5.0.2; SM-A500G Build/LRX22G) AppleWebKit/537.36 (KHTML, like Gecko) Chrome/63.0.3239.111 Mobile Safari/537.36"
213.180.203.2 - - [12/Jan/2018:05:56:49 +0100] "GET /?Attack HTTP/1.1" 200 6511 "-" "Mozilla/5.0 (compatible; YandexBot/3.0; +http://yandex.com/bots)"
65.95.168.69 - - [12/Jan/2018:05:56:51 +0100] "GET /?JapaneseNameSuffix HTTP/1.1" 304 3452 "https://www.google.ca/" "Mozilla/5.0 (Linux; Android 7.0; SAMSUNG SM-G950W-parrot Build/NRD90M) AppleWebKit/537.36 (KHTML, like Gecko) SamsungBrowser/6.2 Chrome/56.0.2924.87 Mobile Safari/537.36"
65.95.168.69 - - [12/Jan/2018:05:56:52 +0100] "GET /favicon.ico HTTP/1.1" 200 646 "https://senseis.xmp.net/?JapaneseNameSuffix" "Mozilla/5.0 (Linux; Android 7.0; SAMSUNG SM-G950W-parrot Build/NRD90M) AppleWebKit/537.36 (KHTML, like Gecko) SamsungBrowser/6.2 Chrome/56.0.2924.87 Mobile Safari/537.36"
46.229.168.68 - - [12/Jan/2018:05:56:54 +0100] "GET /?forum=JawStrap HTTP/1.1" 200 5449 "-" "Mozilla/5.0 (compatible; SemrushBot/1.2~bl; +http://www.semrush.com/bot.html)"
148.251.237.246 - - [12/Jan/2018:05:56:56 +0100] "GET /?DragonTournament2010 HTTP/1.1" 200 93708 "-" "Mozilla/5.0 (Windows NT 5.1; rv:21.0) Gecko/20130401 Firefox/21.0"
199.30.80.107 - - [12/Jan/2018:05:57:00 +0100] "GET /?KobayashiKoichi HTTP/1.1" 200 15533 "-" "Mozilla/5.0 (Windows NT 6.1; stumbleupon.com) Chrome/58.0.3029.110 Safari/537.36"
116.15.199.196 - - [12/Jan/2018:05:57:01 +0100] "GET /favicon.ico HTTP/1.1" 200 799 "https://senseis.xmp.net/?JapaneseNameSuffix" "Mozilla/5.0 (Linux; Android 5.0.2; SM-A500G Build/LRX22G) AppleWebKit/537.36 (KHTML, like Gecko) Chrome/63.0.3239.111 Mobile Safari/537.36"
46.229.168.68 - - [12/Jan/2018:05:57:02 +0100] "GET /?forum=JawStrap HTTP/1.1" 200 5449 "-" "Mozilla/5.0 (compatible; SemrushBot/1.2~bl; +http://www.semrush.com/bot.html)"
106.120.173.128 - - [12/Jan/2018:05:57:03 +0100] "GET /?Suji HTTP/1.1" 200 7248 "-" "Mozilla/5.0 (iPhone; CPU iPhone OS 6_0 like Mac OS X) AppleWebKit/536.26 (KHTML, like Gecko) Version/6.0 Mobile/10A5376e Safari/8536.25"
40.77.167.22 - - [12/Jan/2018:05:57:03 +0100] "GET /?rengo HTTP/1.1" 200 9224 "-" "Mozilla/5.0 (iPhone; CPU iPhone OS 7_0 like Mac OS X) AppleWebKit/537.51.1 (KHTML, like Gecko) Version/7.0 Mobile/11A465 Safari/9537.53 (compatible; bingbot/2.0; +http://www.bing.com/bingbot.htm)"
68.180.230.239 - - [12/Jan/2018:05:57:09 +0100] "GET /?MikawaShinji HTTP/1.1" 304 3386 "-" "Mozilla/5.0 (compatible; Yahoo! Slurp; http://help.yahoo.com/help/us/ysearch/slurp)"
216.244.66.249 - - [12/Jan/2018:05:57:13 +0100] "GET /?Yeonguseng HTTP/1.1" 200 10805 "-" "Mozilla/5.0 (compatible; DotBot/1.1; http://www.opensiteexplorer.org/dotbot, help@moz.com)"
199.30.25.252 - - [12/Jan/2018:05:57:14 +0100] "GET /?FusekiExercise1%2FSolution HTTP/1.1" 200 15763 "-" "Mozilla/5.0 (iPhone; CPU iPhone OS 7_0 like Mac OS X) AppleWebKit/537.51.1 (KHTML, like Gecko) Version/7.0 Mobile/11A465 Safari/9537.53 BingPreview/1.0b"
71.126.173.72 - - [12/Jan/2018:05:57:29 +0100] "GET /?UnsettledIntroductory HTTP/1.1" 200 6592 "https://senseis.xmp.net/?IntroductionToLifeAndDeath" "Mozilla/5.0 (iPhone; CPU iPhone OS 11_2_1 like Mac OS X) AppleWebKit/604.4.7 (KHTML, like Gecko) Version/11.0 Mobile/15C153 Safari/604.1"
46.229.168.77 - - [12/Jan/2018:05:57:30 +0100] "GET /?forum=GokyoShumyoSection1Problem24 HTTP/1.1" 200 5273 "-" "Mozilla/5.0 (compatible; SemrushBot/1.2~bl; +http://www.semrush.com/bot.html)"
40.77.167.7 - - [12/Jan/2018:05:57:33 +0100] "GET /?NamedPoints HTTP/1.1" 200 7768 "-" "Mozilla/5.0 (iPhone; CPU iPhone OS 7_0 like Mac OS X) AppleWebKit/537.51.1 (KHTML, like Gecko) Version/7.0 Mobile/11A465 Safari/9537.53 (compatible; bingbot/2.0; +http://www.bing.com/bingbot.htm)"
46.229.168.66 - - [12/Jan/2018:05:57:34 +0100] "GET /?YoshiharaYukari HTTP/1.1" 200 7801 "-" "Mozilla/5.0 (compatible; SemrushBot/1.2~bl; +http://www.semrush.com/bot.html)"
189.149.215.146 - - [12/Jan/2018:05:57:34 +0100] "POST / HTTP/1.1" 200 10304 "https://senseis.xmp.net/?BeginnersGuideToTheOpening" "Mozilla/5.0 (Macintosh; Intel Mac OS X 10_13_2) AppleWebKit/604.4.7 (KHTML, like Gecko) Version/11.0.2 Safari/604.4.7"
46.229.168.72 - - [12/Jan/2018:05:57:43 +0100] "GET /?forum=BeginnerExercise17 HTTP/1.1" 200 5241 "-" "Mozilla/5.0 (compatible; SemrushBot/1.2~bl; +http://www.semrush.com/bot.html)"
46.229.168.77 - - [12/Jan/2018:05:57:49 +0100] "GET /?forum=GokyoShumyoSection1Problem24 HTTP/1.1" 200 5273 "-" "Mozilla/5.0 (compatible; SemrushBot/1.2~bl; +http://www.semrush.com/bot.html)"
46.229.168.72 - - [12/Jan/2018:05:57:52 +0100] "GET /?forum=BeginnerExercise17 HTTP/1.1" 200 5241 "-" "Mozilla/5.0 (compatible; SemrushBot/1.2~bl; +http://www.semrush.com/bot.html)"
46.229.168.66 - - [12/Jan/2018:05:57:54 +0100] "GET /?YoshiharaYukari HTTP/1.1" 200 7801 "-" "Mozilla/5.0 (compatible; SemrushBot/1.2~bl; +http://www.semrush.com/bot.html)"
40.77.167.54 - - [12/Jan/2018:05:58:02 +0100] "GET /?KGSIssueBanningPolicy HTTP/1.1" 200 10234 "-" "Mozilla/5.0 (iPhone; CPU iPhone OS 7_0 like Mac OS X) AppleWebKit/537.51.1 (KHTML, like Gecko) Version/7.0 Mobile/11A465 Safari/9537.53 (compatible; bingbot/2.0; +http://www.bing.com/bingbot.htm)"
40.77.167.54 - - [12/Jan/2018:05:58:08 +0100] "GET /?path=shapecollection&page=b2bomber HTTP/1.1" 200 27290 "-" "Mozilla/5.0 (compatible; bingbot/2.0; +http://www.bing.com/bingbot.htm)"
40.77.167.54 - - [12/Jan/2018:05:58:08 +0100] "GET /?GoLessons HTTP/1.1" 200 7159 "-" "Mozilla/5.0 (iPhone; CPU iPhone OS 7_0 like Mac OS X) AppleWebKit/537.51.1 (KHTML, like Gecko) Version/7.0 Mobile/11A465 Safari/9537.53 (compatible; bingbot/2.0; +http://www.bing.com/bingbot.htm)"
46.229.168.77 - - [12/Jan/2018:05:58:10 +0100] "GET /?forum=GokyoShumyoSection1Problem24 HTTP/1.1" 200 5273 "-" "Mozilla/5.0 (compatible; SemrushBot/1.2~bl; +http://www.semrush.com/bot.html)"
46.229.168.68 - - [12/Jan/2018:05:58:12 +0100] "GET /?forum=ShikatsuMyokiTsumegoSeries158 HTTP/1.1" 200 5257 "-" "Mozilla/5.0 (compatible; SemrushBot/1.2~bl; +http://www.semrush.com/bot.html)"
82.222.53.212 - - [12/Jan/2018:05:58:14 +0100] "GET /?TheThirtySixStratagemsAppliedToGo HTTP/1.1" 200 8504 "https://www.google.com.tr/" "Mozilla/5.0 (iPad; CPU OS 11_2_1 like Mac OS X) AppleWebKit/604.4.7 (KHTML, like Gecko) Version/11.0 Mobile/15C153 Safari/604.1"
99.118.1.110 - - [12/Jan/2018:05:58:18 +0100] "GET /?DifferentSizedBoards HTTP/1.1" 200 5981 "https://www.google.com/" "Mozilla/5.0 (Windows NT 6.1; Win64; x64) AppleWebKit/537.36 (KHTML, like Gecko) Chrome/63.0.3239.132 Safari/537.36"
46.229.168.67 - - [12/Jan/2018:05:58:18 +0100] "GET /?CEGOAcademicSystem%2FEdition20152016 HTTP/1.1" 200 11838 "-" "Mozilla/5.0 (compatible; SemrushBot/1.2~bl; +http://www.semrush.com/bot.html)"
46.229.168.72 - - [12/Jan/2018:05:58:19 +0100] "GET /?forum=BeginnerExercise17 HTTP/1.1" 200 5241 "-" "Mozilla/5.0 (compatible; SemrushBot/1.2~bl; +http://www.semrush.com/bot.html)"
31.168.50.254 - - [12/Jan/2018:05:58:23 +0100] "GET /?Black HTTP/1.1" 200 6842 "https://senseis.xmp.net/?MaterialStones" "Mozilla/5.0 (Windows NT 10.0; Win64; x64) AppleWebKit/537.36 (KHTML, like Gecko) Chrome/63.0.3239.132 Safari/537.36"
99.118.1.110 - - [12/Jan/2018:05:58:26 +0100] "GET /?LargeBoards HTTP/1.1" 200 6850 "https://senseis.xmp.net/?DifferentSizedBoards" "Mozilla/5.0 (Windows NT 6.1; Win64; x64) AppleWebKit/537.36 (KHTML, like Gecko) Chrome/63.0.3239.132 Safari/537.36"
99.118.1.110 - - [12/Jan/2018:05:58:34 +0100] "GET /?TibetanGo HTTP/1.1" 200 5750 "https://senseis.xmp.net/?DifferentSizedBoards" "Mozilla/5.0 (Windows NT 6.1; Win64; x64) AppleWebKit/537.36 (KHTML, like Gecko) Chrome/63.0.3239.132 Safari/537.36"
46.229.168.74 - - [12/Jan/2018:05:58:40 +0100] "GET /?1stSaikyoLeagueGoSeigenVsFujisawaHosai%2FDiscussion HTTP/1.1" 200 10121 "-" "Mozilla/5.0 (compatible; SemrushBot/1.2~bl; +http://www.semrush.com/bot.html)"
46.229.168.67 - - [12/Jan/2018:05:58:41 +0100] "GET /?CEGOAcademicSystem%2FEdition20152016 HTTP/1.1" 200 11838 "-" "Mozilla/5.0 (compatible; SemrushBot/1.2~bl; +http://www.semrush.com/bot.html)"
73.106.184.225 - - [12/Jan/2018:05:58:47 +0100] "GET /?CharlesMatthews HTTP/1.1" 200 12152 "https://senseis.xmp.net/?KeimaSlideAndOgeimaSlide" "Mozilla/5.0 (Windows NT 10.0; Win64; x64) AppleWebKit/537.36 (KHTML, like Gecko) Chrome/63.0.3239.132 Safari/537.36"
46.229.168.74 - - [12/Jan/2018:05:58:54 +0100] "GET /?1stSaikyoLeagueGoSeigenVsFujisawaHosai%2FDiscussion HTTP/1.1" 200 10121 "-" "Mozilla/5.0 (compatible; SemrushBot/1.2~bl; +http://www.semrush.com/bot.html)"
46.229.168.65 - - [12/Jan/2018:05:58:58 +0100] "GET /?XuanxuanQijingProblem9 HTTP/1.1" 200 5785 "-" "Mozilla/5.0 (compatible; SemrushBot/1.2~bl; +http://www.semrush.com/bot.html)"
73.106.184.225 - - [12/Jan/2018:05:59:06 +0100] "GET /?Shapeup HTTP/1.1" 200 3304 "https://senseis.xmp.net/?CharlesMatthews" "Mozilla/5.0 (Windows NT 10.0; Win64; x64) AppleWebKit/537.36 (KHTML, like Gecko) Chrome/63.0.3239.132 Safari/537.36"
46.229.168.73 - - [12/Jan/2018:05:59:12 +0100] "GET /?ChunlanCup HTTP/1.1" 200 6953 "-" "Mozilla/5.0 (compatible; SemrushBot/1.2~bl; +http://www.semrush.com/bot.html)"
40.77.167.80 - - [12/Jan/2018:05:59:12 +0100] "GET /?swisstournament/acceleratedpairings HTTP/1.1" 200 7720 "-" "Mozilla/5.0 (iPhone; CPU iPhone OS 7_0 like Mac OS X) AppleWebKit/537.51.1 (KHTML, like Gecko) Version/7.0 Mobile/11A465 Safari/9537.53 (compatible; bingbot/2.0; +http://www.bing.com/bingbot.htm)"
71.126.173.72 - - [12/Jan/2018:05:59:12 +0100] "GET /?IntroExercise1 HTTP/1.1" 200 3021 "https://senseis.xmp.net/?IntroductionToLifeAndDeath" "Mozilla/5.0 (iPhone; CPU iPhone OS 11_2_1 like Mac OS X) AppleWebKit/604.4.7 (KHTML, like Gecko) Version/11.0 Mobile/15C153 Safari/604.1"
73.106.184.225 - - [12/Jan/2018:05:59:16 +0100] "GET /?SacrificeASingleStoneOnTheSecondLine HTTP/1.1" 200 3539 "https://senseis.xmp.net/?CharlesMatthews" "Mozilla/5.0 (Windows NT 10.0; Win64; x64) AppleWebKit/537.36 (KHTML, like Gecko) Chrome/63.0.3239.132 Safari/537.36"
46.229.168.65 - - [12/Jan/2018:05:59:20 +0100] "GET /?XuanxuanQijingProblem9 HTTP/1.1" 200 5785 "-" "Mozilla/5.0 (compatible; SemrushBot/1.2~bl; +http://www.semrush.com/bot.html)"
46.229.168.67 - - [12/Jan/2018:05:59:20 +0100] "GET /?forum=BeginnerExercise19 HTTP/1.1" 200 5337 "-" "Mozilla/5.0 (compatible; SemrushBot/1.2~bl; +http://www.semrush.com/bot.html)"
46.229.168.73 - - [12/Jan/2018:05:59:34 +0100] "GET /?ChunlanCup HTTP/1.1" 200 6953 "-" "Mozilla/5.0 (compatible; SemrushBot/1.2~bl; +http://www.semrush.com/bot.html)"
46.229.168.65 - - [12/Jan/2018:05:59:34 +0100] "GET /?XuanxuanQijingProblem9 HTTP/1.1" 200 5785 "-" "Mozilla/5.0 (compatible; SemrushBot/1.2~bl; +http://www.semrush.com/bot.html)"
71.126.173.72 - - [12/Jan/2018:05:59:36 +0100] "GET /?IntroExercise1%2FAnswer HTTP/1.1" 200 2918 "https://senseis.xmp.net/?IntroExercise1" "Mozilla/5.0 (iPhone; CPU iPhone OS 11_2_1 like Mac OS X) AppleWebKit/604.4.7 (KHTML, like Gecko) Version/11.0 Mobile/15C153 Safari/604.1"
72.187.218.117 - - [12/Jan/2018:05:59:37 +0100] "GET /?AfterJoseki/TOC HTTP/1.1" 200 3808 "https://senseis.xmp.net/?AfterJoseki" "Mozilla/5.0 (Windows NT 6.1; Win64; x64) AppleWebKit/537.36 (KHTML, like Gecko) Chrome/63.0.3239.132 Safari/537.36"
40.77.167.7 - - [12/Jan/2018:05:59:38 +0100] "GET /?StudyingProfessionalGames HTTP/1.1" 200 8209 "-" "Mozilla/5.0 (iPhone; CPU iPhone OS 7_0 like Mac OS X) AppleWebKit/537.51.1 (KHTML, like Gecko) Version/7.0 Mobile/11A465 Safari/9537.53 (compatible; bingbot/2.0; +http://www.bing.com/bingbot.htm)"
40.77.167.22 - - [12/Jan/2018:05:59:48 +0100] "GET /?Efficiency HTTP/1.1" 200 8308 "-" "Mozilla/5.0 (iPhone; CPU iPhone OS 7_0 like Mac OS X) AppleWebKit/537.51.1 (KHTML, like Gecko) Version/7.0 Mobile/11A465 Safari/9537.53 (compatible; bingbot/2.0; +http://www.bing.com/bingbot.htm)"
46.229.168.69 - - [12/Jan/2018:05:59:51 +0100] "GET /?Sh HTTP/1.1" 200 9785 "-" "Mozilla/5.0 (compatible; SemrushBot/1.2~bl; +http://www.semrush.com/bot.html)"
71.126.173.72 - - [12/Jan/2018:05:59:52 +0100] "GET /?IntroExercise2 HTTP/1.1" 200 3022 "https://senseis.xmp.net/?IntroExercise1%2FAnswer" "Mozilla/5.0 (iPhone; CPU iPhone OS 11_2_1 like Mac OS X) AppleWebKit/604.4.7 (KHTML, like Gecko) Version/11.0 Mobile/15C153 Safari/604.1"
46.229.168.73 - - [12/Jan/2018:05:59:54 +0100] "GET /?XuanxuanQijingProblem41 HTTP/1.1" 200 5769 "-" "Mozilla/5.0 (compatible; SemrushBot/1.2~bl; +http://www.semrush.com/bot.html)"
46.229.168.73 - - [12/Jan/2018:05:59:57 +0100] "GET /?ChunlanCup HTTP/1.1" 200 6953 "-" "Mozilla/5.0 (compatible; SemrushBot/1.2~bl; +http://www.semrush.com/bot.html)"
46.229.168.69 - - [12/Jan/2018:06:00:10 +0100] "GET /?Sh HTTP/1.1" 200 9785 "-" "Mozilla/5.0 (compatible; SemrushBot/1.2~bl; +http://www.semrush.com/bot.html)"
31.168.50.254 - - [12/Jan/2018:06:00:14 +0100] "GET /?Goishi HTTP/1.1" 200 5852 "https://www.google.co.il/" "Mozilla/5.0 (Windows NT 10.0; Win64; x64) AppleWebKit/537.36 (KHTML, like Gecko) Chrome/63.0.3239.132 Safari/537.36"
71.126.173.72 - - [12/Jan/2018:06:00:14 +0100] "GET /?IntroExercise2%2FAnswer HTTP/1.1" 200 3179 "https://senseis.xmp.net/?IntroExercise2" "Mozilla/5.0 (iPhone; CPU iPhone OS 11_2_1 like Mac OS X) AppleWebKit/604.4.7 (KHTML, like Gecko) Version/11.0 Mobile/15C153 Safari/604.1"
46.229.168.73 - - [12/Jan/2018:06:00:17 +0100] "GET /?XuanxuanQijingProblem41 HTTP/1.1" 200 5769 "-" "Mozilla/5.0 (compatible; SemrushBot/1.2~bl; +http://www.semrush.com/bot.html)"
68.180.230.239 - - [12/Jan/2018:06:00:20 +0100] "GET /?Barry HTTP/1.1" 304 3386 "-" "Mozilla/5.0 (compatible; Yahoo! Slurp; http://help.yahoo.com/help/us/ysearch/slurp)"
107.219.122.121 - - [12/Jan/2018:06:00:24 +0100] "GET /?Sanrensei HTTP/1.1" 200 9844 "https://duckduckgo.com/" "Mozilla/5.0 (X11; Ubuntu; Linux x86_64; rv:57.0) Gecko/20100101 Firefox/57.0"
107.219.122.121 - - [12/Jan/2018:06:00:26 +0100] "GET /favicon.ico HTTP/1.1" 200 646 "-" "Mozilla/5.0 (X11; Ubuntu; Linux x86_64; rv:57.0) Gecko/20100101 Firefox/57.0"
106.11.157.250 - - [12/Jan/2018:06:00:26 +0100] "GET /?blockme=GendaiJosekiJiten HTTP/1.1" 403 2449 "-" "YisouSpider"
106.11.156.231 - - [12/Jan/2018:06:00:26 +0100] "GET /?diff=WeiqiLifeAndDeath1000Problems HTTP/1.1" 403 2529 "-" "YisouSpider"
46.229.168.65 - - [12/Jan/2018:06:00:30 +0100] "GET /?YangShihai HTTP/1.1" 200 5561 "-" "Mozilla/5.0 (compatible; SemrushBot/1.2~bl; +http://www.semrush.com/bot.html)"
24.186.150.92 - - [12/Jan/2018:06:00:31 +0100] "GET /?Baduk HTTP/1.1" 200 7426 "https://www.google.com/" "Mozilla/5.0 (X11; Linux x86_64) AppleWebKit/537.36 (KHTML, like Gecko) Chrome/60.0.3112.78 Safari/537.36"
24.186.150.92 - - [12/Jan/2018:06:00:31 +0100] "GET /favicon.ico HTTP/1.1" 200 646 "https://senseis.xmp.net/?Baduk" "Mozilla/5.0 (X11; Linux x86_64) AppleWebKit/537.36 (KHTML, like Gecko) Chrome/60.0.3112.78 Safari/537.36"
46.229.168.69 - - [12/Jan/2018:06:00:32 +0100] "GET /?Sh HTTP/1.1" 200 9785 "-" "Mozilla/5.0 (compatible; SemrushBot/1.2~bl; +http://www.semrush.com/bot.html)"
66.249.64.201 - - [12/Jan/2018:06:00:36 +0100] "GET /?DaggerGo HTTP/1.1" 200 5758 "-" "Mozilla/5.0 (compatible; Googlebot/2.1; +http://www.google.com/bot.html)"
50.2.38.243 - - [12/Jan/2018:06:00:38 +0100] "GET /?WikiWikiWeb HTTP/1.0" 200 6367 "https://senseis.xmp.net/" "Mozilla/5.0 (Windows NT 10.0) AppleWebKit/537.36 (KHTML, like Gecko) Chrome/59.0.3071.115 Safari/537.36"
50.2.38.243 - - [12/Jan/2018:06:00:40 +0100] "GET /?WhatToExpectFromJosekiPagesAtSL HTTP/1.1" 200 12602 "https://senseis.xmp.net/" "Mozilla/5.0 (Windows NT 10.0) AppleWebKit/537.36 (KHTML, like Gecko) Chrome/59.0.3071.115 Safari/537.36"
46.229.168.65 - - [12/Jan/2018:06:00:41 +0100] "GET /?YangShihai HTTP/1.1" 200 5561 "-" "Mozilla/5.0 (compatible; SemrushBot/1.2~bl; +http://www.semrush.com/bot.html)"
24.186.150.92 - - [12/Jan/2018:06:00:44 +0100] "GET /?searchstring=liberty&fullsearch.x=0&fullsearch.y=0&fullsearch=full&searchtype=either HTTP/1.1" 200 12638 "https://senseis.xmp.net/?Baduk" "Mozilla/5.0 (X11; Linux x86_64) AppleWebKit/537.36 (KHTML, like Gecko) Chrome/60.0.3112.78 Safari/537.36"
97.99.220.73 - - [12/Jan/2018:06:00:45 +0100] "GET /?Keima HTTP/1.1" 200 7416 "https://www.google.com/" "Mozilla/5.0 (Linux; Android 7.0; SM-T713 Build/NRD90M) AppleWebKit/537.36 (KHTML, like Gecko) Chrome/63.0.3239.111 Safari/537.36"
97.99.220.73 - - [12/Jan/2018:06:00:46 +0100] "GET /favicon.ico HTTP/1.1" 200 646 "https://senseis.xmp.net/?Keima" "Mozilla/5.0 (Linux; Android 7.0; SM-T713 Build/NRD90M) AppleWebKit/537.36 (KHTML, like Gecko) Chrome/63.0.3239.111 Safari/537.36"
24.186.150.92 - - [12/Jan/2018:06:00:48 +0100] "GET /?Liberty HTTP/1.1" 200 6791 "https://senseis.xmp.net/?searchstring=liberty&fullsearch.x=0&fullsearch.y=0&fullsearch=full&searchtype=either" "Mozilla/5.0 (X11; Linux x86_64) AppleWebKit/537.36 (KHTML, like Gecko) Chrome/60.0.3112.78 Safari/537.36"
97.99.220.73 - - [12/Jan/2018:06:00:59 +0100] "GET /?JapaneseGoTerm HTTP/1.1" 200 12515 "https://senseis.xmp.net/?Keima" "Mozilla/5.0 (Linux; Android 7.0; SM-T713 Build/NRD90M) AppleWebKit/537.36 (KHTML, like Gecko) Chrome/63.0.3239.111 Safari/537.36"
46.229.168.69 - - [12/Jan/2018:06:01:02 +0100] "GET /?SteppingstonesToGo HTTP/1.1" 200 5785 "-" "Mozilla/5.0 (compatible; SemrushBot/1.2~bl; +http://www.semrush.com/bot.html)"
24.186.150.92 - - [12/Jan/2018:06:01:07 +0100] "GET /?LibertyIntroductory HTTP/1.1" 200 4320 "https://senseis.xmp.net/?Liberty" "Mozilla/5.0 (X11; Linux x86_64) AppleWebKit/537.36 (KHTML, like Gecko) Chrome/60.0.3112.78 Safari/537.36"
46.229.168.72 - - [12/Jan/2018:06:01:08 +0100] "GET /?forum=ChessPlayersNewToGo HTTP/1.1" 200 5161 "-" "Mozilla/5.0 (compatible; SemrushBot/1.2~bl; +http://www.semrush.com/bot.html)"
71.126.173.72 - - [12/Jan/2018:06:01:09 +0100] "GET /?IntroExercise3 HTTP/1.1" 200 3054 "https://senseis.xmp.net/?IntroExercise2%2FAnswer" "Mozilla/5.0 (iPhone; CPU iPhone OS 11_2_1 like Mac OS X) AppleWebKit/604.4.7 (KHTML, like Gecko) Version/11.0 Mobile/15C153 Safari/604.1"
46.229.168.72 - - [12/Jan/2018:06:01:13 +0100] "GET /?forum=ChessPlayersNewToGo HTTP/1.1" 200 5161 "-" "Mozilla/5.0 (compatible; SemrushBot/1.2~bl; +http://www.semrush.com/bot.html)"
46.229.168.67 - - [12/Jan/2018:06:01:13 +0100] "GET /?TournamentSimulation HTTP/1.1" 200 7529 "-" "Mozilla/5.0 (compatible; SemrushBot/1.2~bl; +http://www.semrush.com/bot.html)"
46.229.168.69 - - [12/Jan/2018:06:01:16 +0100] "GET /?SteppingstonesToGo HTTP/1.1" 200 5785 "-" "Mozilla/5.0 (compatible; SemrushBot/1.2~bl; +http://www.semrush.com/bot.html)"
24.186.150.92 - - [12/Jan/2018:06:01:23 +0100] "GET /?RecentChanges HTTP/1.1" 200 3387 "https://senseis.xmp.net/?LibertyIntroductory" "Mozilla/5.0 (X11; Linux x86_64) AppleWebKit/537.36 (KHTML, like Gecko) Chrome/60.0.3112.78 Safari/537.36"
107.219.122.121 - - [12/Jan/2018:06:01:30 +0100] "GET /?ChineseFuseki HTTP/1.1" 200 5361 "https://senseis.xmp.net/?Sanrensei" "Mozilla/5.0 (X11; Ubuntu; Linux x86_64; rv:57.0) Gecko/20100101 Firefox/57.0"
46.229.168.67 - - [12/Jan/2018:06:01:31 +0100] "GET /?forum=XuanxuanQijingProblem205 HTTP/1.1" 200 5257 "-" "Mozilla/5.0 (compatible; SemrushBot/1.2~bl; +http://www.semrush.com/bot.html)"
69.245.243.89 - - [12/Jan/2018:06:01:33 +0100] "GET /?LevelUp HTTP/1.1" 200 13463 "https://www.google.com/" "Mozilla/5.0 (iPhone; CPU iPhone OS 11_2_1 like Mac OS X) AppleWebKit/604.4.7 (KHTML, like Gecko) Version/11.0 Mobile/15C153 Safari/604.1"
46.229.168.79 - - [12/Jan/2018:06:01:33 +0100] "GET /?topic=3228 HTTP/1.1" 200 5609 "-" "Mozilla/5.0 (compatible; SemrushBot/1.2~bl; +http://www.semrush.com/bot.html)"
24.186.150.92 - - [12/Jan/2018:06:01:33 +0100] "GET /?searchstring=lee+sedol&fullsearch.x=0&fullsearch.y=0&fullsearch=full&searchtype=either HTTP/1.1" 200 12009 "https://senseis.xmp.net/?RecentChanges" "Mozilla/5.0 (X11; Linux x86_64) AppleWebKit/537.36 (KHTML, like Gecko) Chrome/60.0.3112.78 Safari/537.36"
46.229.168.67 - - [12/Jan/2018:06:01:36 +0100] "GET /?TournamentSimulation HTTP/1.1" 200 7529 "-" "Mozilla/5.0 (compatible; SemrushBot/1.2~bl; +http://www.semrush.com/bot.html)"
71.126.173.72 - - [12/Jan/2018:06:01:39 +0100] "GET /?IntroExercise4 HTTP/1.1" 200 3028 "https://senseis.xmp.net/?IntroExercise3" "Mozilla/5.0 (iPhone; CPU iPhone OS 11_2_1 like Mac OS X) AppleWebKit/604.4.7 (KHTML, like Gecko) Version/11.0 Mobile/15C153 Safari/604.1"
24.186.150.92 - - [12/Jan/2018:06:01:39 +0100] "GET /?YiSeTol HTTP/1.1" 200 9771 "https://senseis.xmp.net/?searchstring=lee+sedol&fullsearch.x=0&fullsearch.y=0&fullsearch=full&searchtype=either" "Mozilla/5.0 (X11; Linux x86_64) AppleWebKit/537.36 (KHTML, like Gecko) Chrome/60.0.3112.78 Safari/537.36"
46.229.168.73 - - [12/Jan/2018:06:01:42 +0100] "GET /?Siedes HTTP/1.1" 200 5241 "-" "Mozilla/5.0 (compatible; SemrushBot/1.2~bl; +http://www.semrush.com/bot.html)"
71.126.173.72 - - [12/Jan/2018:06:01:43 +0100] "GET /?IntroExercise3%2FAnswer HTTP/1.1" 200 3325 "https://senseis.xmp.net/?IntroExercise3" "Mozilla/5.0 (iPhone; CPU iPhone OS 11_2_1 like Mac OS X) AppleWebKit/604.4.7 (KHTML, like Gecko) Version/11.0 Mobile/15C153 Safari/604.1"
46.229.168.67 - - [12/Jan/2018:06:01:43 +0100] "GET /?forum=XuanxuanQijingProblem205 HTTP/1.1" 200 5257 "-" "Mozilla/5.0 (compatible; SemrushBot/1.2~bl; +http://www.semrush.com/bot.html)"
184.160.153.205 - - [12/Jan/2018:06:01:44 +0100] "GET /?SugiuchiKazuko HTTP/1.1" 200 6821 "https://www.google.ca/" "Mozilla/5.0 (Windows NT 6.1; WOW64; rv:57.0) Gecko/20100101 Firefox/57.0"
40.77.167.22 - - [12/Jan/2018:06:01:45 +0100] "GET /?Shimari HTTP/1.1" 200 10703 "-" "Mozilla/5.0 (iPhone; CPU iPhone OS 7_0 like Mac OS X) AppleWebKit/537.51.1 (KHTML, like Gecko) Version/7.0 Mobile/11A465 Safari/9537.53 (compatible; bingbot/2.0; +http://www.bing.com/bingbot.htm)"
184.160.153.205 - - [12/Jan/2018:06:01:46 +0100] "GET /favicon.ico HTTP/1.1" 200 646 "-" "Mozilla/5.0 (Windows NT 6.1; WOW64; rv:57.0) Gecko/20100101 Firefox/57.0"
40.77.167.54 - - [12/Jan/2018:06:01:49 +0100] "GET /?Honinbo HTTP/1.1" 200 12097 "-" "Mozilla/5.0 (iPhone; CPU iPhone OS 7_0 like Mac OS X) AppleWebKit/537.51.1 (KHTML, like Gecko) Version/7.0 Mobile/11A465 Safari/9537.53 (compatible; bingbot/2.0; +http://www.bing.com/bingbot.htm)"
54.36.148.231 - - [12/Jan/2018:06:01:53 +0100] "GET /?GokyoShumyoSection7Problem36%2FSolution HTTP/1.1" 200 6009 "-" "Mozilla/5.0 (compatible; AhrefsBot/5.2; +http://ahrefs.com/robot/)"
191.101.127.203 - - [12/Jan/2018:06:02:01 +0100] "GET /?HowToUseWiki HTTP/1.0" 200 6943 "https://senseis.xmp.net/" "Mozilla/5.0 (Macintosh; Intel Mac OS X 10.12; rv:54.0) Gecko/20100101 Firefox/54.0"
46.229.168.67 - - [12/Jan/2018:06:02:04 +0100] "GET /?forum=XuanxuanQijingProblem205 HTTP/1.1" 200 5257 "-" "Mozilla/5.0 (compatible; SemrushBot/1.2~bl; +http://www.semrush.com/bot.html)"
40.77.167.22 - - [12/Jan/2018:06:02:06 +0100] "GET /?KoreanToEnglishRequests HTTP/1.1" 200 10038 "-" "Mozilla/5.0 (iPhone; CPU iPhone OS 7_0 like Mac OS X) AppleWebKit/537.51.1 (KHTML, like Gecko) Version/7.0 Mobile/11A465 Safari/9537.53 (compatible; bingbot/2.0; +http://www.bing.com/bingbot.htm)"
46.229.168.73 - - [12/Jan/2018:06:02:10 +0100] "GET /?Siedes HTTP/1.1" 200 5241 "-" "Mozilla/5.0 (compatible; SemrushBot/1.2~bl; +http://www.semrush.com/bot.html)"
191.101.127.203 - - [12/Jan/2018:06:02:10 +0100] "GET /?TextFormattingRulesIntroduction HTTP/1.1" 200 6937 "https://senseis.xmp.net/" "Mozilla/5.0 (Macintosh; Intel Mac OS X 10.12; rv:54.0) Gecko/20100101 Firefox/54.0"
107.219.122.121 - - [12/Jan/2018:06:02:12 +0100] "GET /?CosmicStyle HTTP/1.1" 200 4777 "https://senseis.xmp.net/?Sanrensei" "Mozilla/5.0 (X11; Ubuntu; Linux x86_64; rv:57.0) Gecko/20100101 Firefox/57.0"
191.101.127.212 - - [12/Jan/2018:06:02:15 +0100] "GET /?UsingAndContributingToSenseisLibrary HTTP/1.0" 200 6943 "https://senseis.xmp.net/" "Mozilla/5.0 (X11; Linux x86_64) AppleWebKit/537.36 (KHTML, like Gecko) Chrome/59.0.3071.86 Safari/537.36"
191.101.127.212 - - [12/Jan/2018:06:02:19 +0100] "GET /?TextFormattingRulesIntroduction HTTP/1.1" 200 6937 "https://senseis.xmp.net/" "Mozilla/5.0 (X11; Linux x86_64) AppleWebKit/537.36 (KHTML, like Gecko) Chrome/59.0.3071.86 Safari/537.36"
64.85.244.182 - - [12/Jan/2018:06:02:20 +0100] "GET /?BasicRulesOfGo HTTP/1.1" 200 12365 "-" "Mozilla/5.0 (Windows NT 10.0; Win64; x64; rv:57.0) Gecko/20100101 Firefox/57.0"
46.229.168.73 - - [12/Jan/2018:06:02:21 +0100] "GET /?Siedes HTTP/1.1" 200 5241 "-" "Mozilla/5.0 (compatible; SemrushBot/1.2~bl; +http://www.semrush.com/bot.html)"
40.77.167.22 - - [12/Jan/2018:06:02:23 +0100] "GET /?KoreanToEnglishRequests HTTP/1.1" 200 10038 "-" "Mozilla/5.0 (iPhone; CPU iPhone OS 7_0 like Mac OS X) AppleWebKit/537.51.1 (KHTML, like Gecko) Version/7.0 Mobile/11A465 Safari/9537.53 (compatible; bingbot/2.0; +http://www.bing.com/bingbot.htm)"
71.126.173.72 - - [12/Jan/2018:06:02:25 +0100] "GET /?IntroExercise4 HTTP/1.1" 304 377 "https://senseis.xmp.net/?IntroExercise3%2FAnswer" "Mozilla/5.0 (iPhone; CPU iPhone OS 11_2_1 like Mac OS X) AppleWebKit/604.4.7 (KHTML, like Gecko) Version/11.0 Mobile/15C153 Safari/604.1"
46.229.168.68 - - [12/Jan/2018:06:02:29 +0100] "GET /?Sazn HTTP/1.1" 200 5769 "-" "Mozilla/5.0 (compatible; SemrushBot/1.2~bl; +http://www.semrush.com/bot.html)"
46.229.168.77 - - [12/Jan/2018:06:02:36 +0100] "GET /?IgoHatsuyoRonProblem45 HTTP/1.1" 200 5785 "-" "Mozilla/5.0 (compatible; SemrushBot/1.2~bl; +http://www.semrush.com/bot.html)"
66.249.64.205 - - [12/Jan/2018:06:02:36 +0100] "GET /?DiagonalAttachmentKnightsMoveAnglePlaySabakiTechnique HTTP/1.1" 200 6945 "-" "Mozilla/5.0 (compatible; Googlebot/2.1; +http://www.google.com/bot.html)"
216.244.66.249 - - [12/Jan/2018:06:02:38 +0100] "GET /?HangTianpeng HTTP/1.1" 200 9152 "-" "Mozilla/5.0 (compatible; DotBot/1.1; http://www.opensiteexplorer.org/dotbot, help@moz.com)"
46.229.168.80 - - [12/Jan/2018:06:02:39 +0100] "GET /?forum=BQM346 HTTP/1.1" 200 5225 "-" "Mozilla/5.0 (compatible; SemrushBot/1.2~bl; +http://www.semrush.com/bot.html)"
124.183.204.197 - - [12/Jan/2018:06:02:47 +0100] "GET /?searchstring=farmers+hat&fullsearch.x=0&fullsearch.y=0&fullsearch=full&searchtype=either HTTP/1.1" 200 15940 "https://senseis.xmp.net/?Hane" "Mozilla/5.0 (Windows NT 10.0; Win64; x64) AppleWebKit/537.36 (KHTML, like Gecko) Chrome/63.0.3239.132 Safari/537.36"
124.183.204.197 - - [12/Jan/2018:06:02:51 +0100] "GET /?FarmersHat HTTP/1.1" 200 4019 "https://senseis.xmp.net/?searchstring=farmers+hat&fullsearch.x=0&fullsearch.y=0&fullsearch=full&searchtype=either" "Mozilla/5.0 (Windows NT 10.0; Win64; x64) AppleWebKit/537.36 (KHTML, like Gecko) Chrome/63.0.3239.132 Safari/537.36"
54.36.148.168 - - [12/Jan/2018:06:02:54 +0100] "GET /?NetExample4 HTTP/1.1" 200 6746 "-" "Mozilla/5.0 (compatible; AhrefsBot/5.2; +http://ahrefs.com/robot/)"
46.229.168.77 - - [12/Jan/2018:06:03:00 +0100] "GET /?IgoHatsuyoRonProblem45 HTTP/1.1" 200 5785 "-" "Mozilla/5.0 (compatible; SemrushBot/1.2~bl; +http://www.semrush.com/bot.html)"
191.101.127.212 - - [12/Jan/2018:06:03:02 +0100] "GET /?StartingPoints HTTP/1.0" 200 6998 "https://senseis.xmp.net/" "Mozilla/5.0 (Windows NT 6.1) AppleWebKit/537.36 (KHTML, like Gecko) Chrome/59.0.3071.115 Safari/537.36"
72.187.218.117 - - [12/Jan/2018:06:03:04 +0100] "GET /?JosekiEveryDDKShouldKnow HTTP/1.1" 200 10443 "https://www.google.com/" "Mozilla/5.0 (Windows NT 6.1; Win64; x64) AppleWebKit/537.36 (KHTML, like Gecko) Chrome/63.0.3239.132 Safari/537.36"
216.244.66.239 - - [12/Jan/2018:06:03:11 +0100] "GET /robots.txt HTTP/1.1" 200 4483 "-" "Mozilla/5.0 (compatible; DotBot/1.1; http://www.opensiteexplorer.org/dotbot, help@moz.com)"
71.126.173.72 - - [12/Jan/2018:06:03:24 +0100] "GET /apple-touch-icon-120x120-precomposed.png HTTP/1.1" 404 3598 "-" "MobileSafari/604.1 CFNetwork/893.14.2 Darwin/17.3.0"
71.126.173.72 - - [12/Jan/2018:06:03:24 +0100] "GET /apple-touch-icon-120x120.png HTTP/1.1" 404 553 "-" "MobileSafari/604.1 CFNetwork/893.14.2 Darwin/17.3.0"
71.126.173.72 - - [12/Jan/2018:06:03:24 +0100] "GET /apple-touch-icon.png HTTP/1.1" 404 545 "-" "MobileSafari/604.1 CFNetwork/893.14.2 Darwin/17.3.0"
71.126.173.72 - - [12/Jan/2018:06:03:24 +0100] "GET /apple-touch-icon.png HTTP/1.1" 404 545 "-" "MobileSafari/604.1 CFNetwork/893.14.2 Darwin/17.3.0"
46.229.168.65 - - [12/Jan/2018:06:03:25 +0100] "GET /?forum=RGGFAQPart4Section8 HTTP/1.1" 200 5241 "-" "Mozilla/5.0 (compatible; SemrushBot/1.2~bl; +http://www.semrush.com/bot.html)"
71.126.173.72 - - [12/Jan/2018:06:03:29 +0100] "GET /apple-touch-icon-120x120-precomposed.png HTTP/1.1" 404 565 "-" "MobileSafari/604.1 CFNetwork/893.14.2 Darwin/17.3.0"
71.126.173.72 - - [12/Jan/2018:06:03:29 +0100] "GET /apple-touch-icon-120x120.png HTTP/1.1" 404 553 "-" "MobileSafari/604.1 CFNetwork/893.14.2 Darwin/17.3.0"
71.126.173.72 - - [12/Jan/2018:06:03:29 +0100] "GET /apple-touch-icon.png HTTP/1.1" 404 545 "-" "MobileSafari/604.1 CFNetwork/893.14.2 Darwin/17.3.0"
71.126.173.72 - - [12/Jan/2018:06:03:30 +0100] "GET /apple-touch-icon.png HTTP/1.1" 404 545 "-" "MobileSafari/604.1 CFNetwork/893.14.2 Darwin/17.3.0"
64.145.79.120 - - [12/Jan/2018:06:03:30 +0100] "GET /?ListOfKoreanNames HTTP/1.1" 200 13664 "-" "Mozilla/5.0 (iPhone; CPU iPhone OS 11_1_2 like Mac OS X) AppleWebKit/604.3.5 (KHTML, like Gecko) Version/11.0 Mobile/15B202 Safari/604.1"
191.101.127.212 - - [12/Jan/2018:06:03:30 +0100] "GET /?TouchgraphWikiBrowser HTTP/1.1" 200 6026 "https://senseis.xmp.net/" "Mozilla/5.0 (Windows NT 6.1) AppleWebKit/537.36 (KHTML, like Gecko) Chrome/59.0.3071.115 Safari/537.36"
179.61.178.138 - - [12/Jan/2018:06:03:36 +0100] "GET /?Problems HTTP/1.0" 200 8164 "https://senseis.xmp.net/" "Mozilla/5.0 (Windows NT 10.0; Win64; x64) AppleWebKit/537.36 (KHTML, like Gecko) Chrome/58.0.3029.110 Safari/537.36"
136.243.17.161 - - [12/Jan/2018:06:03:36 +0100] "GET /?OliverLenz HTTP/1.1" 200 9155 "-" "Mozilla/5.0 (Macintosh; Intel Mac OS X 1084) AppleWebKit/536.28.10 (KHTML like Gecko) Version/6.0.3 Safari/536.28.10"
179.61.178.138 - - [12/Jan/2018:06:03:38 +0100] "GET /?DontHelpYourOpponentExercises HTTP/1.1" 200 5841 "https://senseis.xmp.net/" "Mozilla/5.0 (Windows NT 10.0; Win64; x64) AppleWebKit/537.36 (KHTML, like Gecko) Chrome/58.0.3029.110 Safari/537.36"
46.229.168.65 - - [12/Jan/2018:06:03:41 +0100] "GET /?forum=RGGFAQPart4Section8 HTTP/1.1" 200 5241 "-" "Mozilla/5.0 (compatible; SemrushBot/1.2~bl; +http://www.semrush.com/bot.html)"
40.77.167.54 - - [12/Jan/2018:06:03:44 +0100] "GET /?WaltherisGoPatternSearch HTTP/1.1" 200 6196 "-" "Mozilla/5.0 (iPhone; CPU iPhone OS 7_0 like Mac OS X) AppleWebKit/537.51.1 (KHTML, like Gecko) Version/7.0 Mobile/11A465 Safari/9537.53 (compatible; bingbot/2.0; +http://www.bing.com/bingbot.htm)"
124.183.204.197 - - [12/Jan/2018:06:03:44 +0100] "GET /?BadShape HTTP/1.1" 200 3389 "https://senseis.xmp.net/?FarmersHat" "Mozilla/5.0 (Windows NT 10.0; Win64; x64) AppleWebKit/537.36 (KHTML, like Gecko) Chrome/63.0.3239.132 Safari/537.36"
46.229.168.75 - - [12/Jan/2018:06:03:46 +0100] "GET /?SanRenSeiLowVariant HTTP/1.1" 200 6457 "-" "Mozilla/5.0 (compatible; SemrushBot/1.2~bl; +http://www.semrush.com/bot.html)"
191.101.127.212 - - [12/Jan/2018:06:03:46 +0100] "GET /?ReferenceSection HTTP/1.0" 200 8575 "https://senseis.xmp.net/" "Mozilla/5.0 (Windows NT 10.0; WOW64; Trident/7.0; Touch; rv:11.0) like Gecko"
191.101.127.212 - - [12/Jan/2018:06:03:47 +0100] "GET /?TsumegoFromGames HTTP/1.1" 200 8228 "https://senseis.xmp.net/" "Mozilla/5.0 (Windows NT 10.0; WOW64; Trident/7.0; Touch; rv:11.0) like Gecko"
46.229.168.71 - - [12/Jan/2018:06:03:54 +0100] "GET /?topic=462 HTTP/1.1" 200 5913 "-" "Mozilla/5.0 (compatible; SemrushBot/1.2~bl; +http://www.semrush.com/bot.html)"
184.160.153.205 - - [12/Jan/2018:06:03:59 +0100] "GET /?KatoTomoko HTTP/1.1" 200 6404 "https://www.google.ca/" "Mozilla/5.0 (Windows NT 6.1; WOW64; rv:57.0) Gecko/20100101 Firefox/57.0"
46.229.168.75 - - [12/Jan/2018:06:04:02 +0100] "GET /?forum=EndgameClamp HTTP/1.1" 200 5241 "-" "Mozilla/5.0 (compatible; SemrushBot/1.2~bl; +http://www.semrush.com/bot.html)"
46.229.168.75 - - [12/Jan/2018:06:04:03 +0100] "GET /?SanRenSeiLowVariant HTTP/1.1" 200 6457 "-" "Mozilla/5.0 (compatible; SemrushBot/1.2~bl; +http://www.semrush.com/bot.html)"
72.187.218.117 - - [12/Jan/2018:06:04:09 +0100] "GET /?Joseki HTTP/1.1" 200 5294 "https://www.google.com/" "Mozilla/5.0 (Windows NT 6.1; Win64; x64) AppleWebKit/537.36 (KHTML, like Gecko) Chrome/63.0.3239.132 Safari/537.36"
78.46.156.169 - - [12/Jan/2018:06:04:12 +0100] "GET /?WangYao HTTP/1.1" 200 10038 "-" "Mozilla/5.0 (Macintosh; Intel Mac OS X 107) AppleWebKit/534.48.3 (KHTML like Gecko) Version/5.1 Safari/534.48.3"
187.99.250.248 - - [12/Jan/2018:06:04:15 +0100] "GET /?RulesOfGoSecondTutorial HTTP/1.1" 200 12810 "https://www.google.com.br/" "Mozilla/5.0 (X11; Ubuntu; Linux x86_64; rv:57.0) Gecko/20100101 Firefox/57.0"
54.36.148.92 - - [12/Jan/2018:06:04:16 +0100] "GET /?forum=RGGFAQPart5Section3 HTTP/1.1" 200 5312 "-" "Mozilla/5.0 (compatible; AhrefsBot/5.2; +http://ahrefs.com/robot/)"
187.99.250.248 - - [12/Jan/2018:06:04:18 +0100] "GET /favicon.ico HTTP/1.1" 200 646 "-" "Mozilla/5.0 (X11; Ubuntu; Linux x86_64; rv:57.0) Gecko/20100101 Firefox/57.0"
75.71.123.72 - - [12/Jan/2018:06:04:19 +0100] "HEAD / HTTP/1.1" 200 412 "-" "Mozilla/5.0 (Macintosh; Intel Mac OS X 10.13; rv:57.0) Gecko/20100101 Firefox/57.0"
75.71.123.72 - - [12/Jan/2018:06:04:19 +0100] "HEAD /?GoProverbs HTTP/1.1" 200 412 "-" "Mozilla/5.0 (Macintosh; Intel Mac OS X 10.13; rv:57.0) Gecko/20100101 Firefox/57.0"
72.187.218.117 - - [12/Jan/2018:06:04:20 +0100] "GET /?JosekiPages HTTP/1.1" 200 4528 "https://senseis.xmp.net/?Joseki" "Mozilla/5.0 (Windows NT 6.1; Win64; x64) AppleWebKit/537.36 (KHTML, like Gecko) Chrome/63.0.3239.132 Safari/537.36"
40.77.167.80 - - [12/Jan/2018:06:04:24 +0100] "GET /?MAsterdam HTTP/1.1" 200 9672 "-" "Mozilla/5.0 (iPhone; CPU iPhone OS 7_0 like Mac OS X) AppleWebKit/537.51.1 (KHTML, like Gecko) Version/7.0 Mobile/11A465 Safari/9537.53 (compatible; bingbot/2.0; +http://www.bing.com/bingbot.htm)"
46.229.168.75 - - [12/Jan/2018:06:04:31 +0100] "GET /?SanRenSeiLowVariant HTTP/1.1" 200 6457 "-" "Mozilla/5.0 (compatible; SemrushBot/1.2~bl; +http://www.semrush.com/bot.html)"
66.249.64.201 - - [12/Jan/2018:06:04:36 +0100] "GET /?XuanxuanQijingProblem131%2FSolution HTTP/1.1" 200 6364 "-" "Mozilla/5.0 (compatible; Googlebot/2.1; +http://www.google.com/bot.html)"
54.36.149.79 - - [12/Jan/2018:06:04:40 +0100] "GET /?topic=2261 HTTP/1.1" 200 6349 "-" "Mozilla/5.0 (compatible; AhrefsBot/5.2; +http://ahrefs.com/robot/)"
71.126.173.72 - - [12/Jan/2018:06:04:45 +0100] "GET /?GoEtiquette HTTP/1.1" 200 6911 "-" "Mozilla/5.0 (iPad; CPU OS 11_2_2 like Mac OS X) AppleWebKit/604.4.7 (KHTML, like Gecko) Version/11.0 Mobile/15C202 Safari/604.1"
54.36.148.162 - - [12/Jan/2018:06:04:46 +0100] "GET /?RetractorProblem HTTP/1.1" 200 5592 "-" "Mozilla/5.0 (compatible; AhrefsBot/5.2; +http://ahrefs.com/robot/)"
46.229.168.68 - - [12/Jan/2018:06:04:58 +0100] "GET /?Bojo HTTP/1.1" 200 5929 "-" "Mozilla/5.0 (compatible; SemrushBot/1.2~bl; +http://www.semrush.com/bot.html)"
46.229.168.75 - - [12/Jan/2018:06:04:59 +0100] "GET /?topic=292 HTTP/1.1" 200 5449 "-" "Mozilla/5.0 (compatible; SemrushBot/1.2~bl; +http://www.semrush.com/bot.html)"
40.77.167.80 - - [12/Jan/2018:06:05:00 +0100] "GET /?Semedori HTTP/1.1" 304 3879 "-" "Mozilla/5.0 (compatible; bingbot/2.0; +http://www.bing.com/bingbot.htm)"
213.180.203.2 - - [12/Jan/2018:06:05:03 +0100] "GET /?KishimotoKaoru HTTP/1.1" 200 6267 "-" "Mozilla/5.0 (compatible; YandexBot/3.0; +http://yandex.com/bots)"
222.133.16.134 - - [12/Jan/2018:06:05:04 +0100] "GET /?HowToUseWiki HTTP/1.1" 200 6980 "https://senseis.xmp.net/" "Mozilla/5.0 (Windows NT 10.0; Win64; x64) AppleWebKit/537.36 (KHTML, like Gecko) Chrome/51.0.2704.79 Safari/537.36 Edge/14.14393"
222.133.16.134 - - [12/Jan/2018:06:05:05 +0100] "GET /?TextFormattingRulesIntroduction HTTP/1.1" 200 3719 "https://senseis.xmp.net/" "Mozilla/5.0 (Windows NT 10.0; Win64; x64) AppleWebKit/537.36 (KHTML, like Gecko) Chrome/51.0.2704.79 Safari/537.36 Edge/14.14393"
46.229.168.66 - - [12/Jan/2018:06:05:06 +0100] "GET /?forum=NintendoDS HTTP/1.1" 200 5145 "-" "Mozilla/5.0 (compatible; SemrushBot/1.2~bl; +http://www.semrush.com/bot.html)"
46.229.168.79 - - [12/Jan/2018:06:05:07 +0100] "GET /?forum=YangSangKuk HTTP/1.1" 200 5145 "-" "Mozilla/5.0 (compatible; SemrushBot/1.2~bl; +http://www.semrush.com/bot.html)"
46.229.168.70 - - [12/Jan/2018:06:05:07 +0100] "GET /?forum=KimKiwon HTTP/1.1" 200 5145 "-" "Mozilla/5.0 (compatible; SemrushBot/1.2~bl; +http://www.semrush.com/bot.html)"
107.219.122.121 - - [12/Jan/2018:06:05:11 +0100] "GET /?SanziPu HTTP/1.1" 200 4368 "https://senseis.xmp.net/?Sanrensei" "Mozilla/5.0 (X11; Ubuntu; Linux x86_64; rv:57.0) Gecko/20100101 Firefox/57.0"
107.219.122.121 - - [12/Jan/2018:06:05:17 +0100] "GET /?Nirensei HTTP/1.1" 200 4706 "https://senseis.xmp.net/?Sanrensei" "Mozilla/5.0 (X11; Ubuntu; Linux x86_64; rv:57.0) Gecko/20100101 Firefox/57.0"
72.187.218.117 - - [12/Jan/2018:06:05:22 +0100] "GET /?NonJosekiExercises HTTP/1.1" 200 3277 "https://senseis.xmp.net/?JosekiPages" "Mozilla/5.0 (Windows NT 6.1; Win64; x64) AppleWebKit/537.36 (KHTML, like Gecko) Chrome/63.0.3239.132 Safari/537.36"
71.126.173.72 - - [12/Jan/2018:06:05:22 +0100] "GET /?BeginnerStudySection HTTP/1.1" 200 11572 "https://senseis.xmp.net/?GoEtiquette" "Mozilla/5.0 (iPad; CPU OS 11_2_2 like Mac OS X) AppleWebKit/604.4.7 (KHTML, like Gecko) Version/11.0 Mobile/15C202 Safari/604.1"
24.186.150.92 - - [12/Jan/2018:06:05:23 +0100] "GET /?GoGameGuru HTTP/1.1" 200 3430 "https://senseis.xmp.net/?YiSeTol" "Mozilla/5.0 (X11; Linux x86_64) AppleWebKit/537.36 (KHTML, like Gecko) Chrome/60.0.3112.78 Safari/537.36"
107.219.122.121 - - [12/Jan/2018:06:05:24 +0100] "GET /?Yonrensei HTTP/1.1" 200 4475 "https://senseis.xmp.net/?Sanrensei" "Mozilla/5.0 (X11; Ubuntu; Linux x86_64; rv:57.0) Gecko/20100101 Firefox/57.0"
107.219.122.121 - - [12/Jan/2018:06:05:27 +0100] "GET /?HighConceptOpeningMyth HTTP/1.1" 200 11937 "https://senseis.xmp.net/?Sanrensei" "Mozilla/5.0 (X11; Ubuntu; Linux x86_64; rv:57.0) Gecko/20100101 Firefox/57.0"
71.126.173.72 - - [12/Jan/2018:06:05:29 +0100] "GET /?IntroductionToLifeAndDeath HTTP/1.1" 200 3219 "https://senseis.xmp.net/?BeginnerStudySection" "Mozilla/5.0 (iPad; CPU OS 11_2_2 like Mac OS X) AppleWebKit/604.4.7 (KHTML, like Gecko) Version/11.0 Mobile/15C202 Safari/604.1"
46.229.168.76 - - [12/Jan/2018:06:05:29 +0100] "GET /?forum=EndgameProblem28 HTTP/1.1" 200 5225 "-" "Mozilla/5.0 (compatible; SemrushBot/1.2~bl; +http://www.semrush.com/bot.html)"
107.219.122.121 - - [12/Jan/2018:06:05:30 +0100] "GET /?TheSanrenseiFiles HTTP/1.1" 200 6433 "https://senseis.xmp.net/?Sanrensei" "Mozilla/5.0 (X11; Ubuntu; Linux x86_64; rv:57.0) Gecko/20100101 Firefox/57.0"
72.187.218.117 - - [12/Jan/2018:06:05:34 +0100] "GET /?DeviatingFromJosekiInGames HTTP/1.1" 200 2655 "https://senseis.xmp.net/?JosekiPages" "Mozilla/5.0 (Windows NT 6.1; Win64; x64) AppleWebKit/537.36 (KHTML, like Gecko) Chrome/63.0.3239.132 Safari/537.36"
71.126.173.72 - - [12/Jan/2018:06:05:34 +0100] "GET /?IntroExercise4 HTTP/1.1" 200 3028 "https://senseis.xmp.net/?IntroductionToLifeAndDeath" "Mozilla/5.0 (iPad; CPU OS 11_2_2 like Mac OS X) AppleWebKit/604.4.7 (KHTML, like Gecko) Version/11.0 Mobile/15C202 Safari/604.1"
72.187.218.117 - - [12/Jan/2018:06:05:37 +0100] "GET /?DeviatingFromJosekiInGames1 HTTP/1.1" 200 3496 "https://senseis.xmp.net/?DeviatingFromJosekiInGames" "Mozilla/5.0 (Windows NT 6.1; Win64; x64) AppleWebKit/537.36 (KHTML, like Gecko) Chrome/63.0.3239.132 Safari/537.36"
54.36.148.150 - - [12/Jan/2018:06:05:41 +0100] "GET /?topic=817 HTTP/1.1" 200 7186 "-" "Mozilla/5.0 (compatible; AhrefsBot/5.2; +http://ahrefs.com/robot/)"
107.219.122.121 - - [12/Jan/2018:06:05:43 +0100] "GET /?AllStarsOpening HTTP/1.1" 200 4583 "https://senseis.xmp.net/?Sanrensei" "Mozilla/5.0 (X11; Ubuntu; Linux x86_64; rv:57.0) Gecko/20100101 Firefox/57.0"
187.99.250.248 - - [12/Jan/2018:06:05:48 +0100] "GET /?searchstring=time&fullsearch.x=0&fullsearch.y=0&searchtype=either HTTP/1.1" 200 12223 "https://senseis.xmp.net/?RulesOfGoSecondTutorial" "Mozilla/5.0 (X11; Ubuntu; Linux x86_64; rv:57.0) Gecko/20100101 Firefox/57.0"
216.244.66.202 - - [12/Jan/2018:06:05:49 +0100] "GET /robots.txt HTTP/1.1" 200 4483 "-" "Mozilla/5.0 (compatible; DotBot/1.1; http://www.opensiteexplorer.org/dotbot, help@moz.com)"
182.21.49.194 - - [12/Jan/2018:06:05:50 +0100] "GET /?NGF HTTP/1.1" 200 7419 "https://www.google.co.jp/" "Mozilla/5.0 (Windows NT 10.0; Win64; x64) AppleWebKit/537.36 (KHTML, like Gecko) Chrome/63.0.3239.84 Safari/537.36"
46.229.168.74 - - [12/Jan/2018:06:05:51 +0100] "GET /?forum=EndoYoshifumi HTTP/1.1" 200 5145 "-" "Mozilla/5.0 (compatible; SemrushBot/1.2~bl; +http://www.semrush.com/bot.html)"
182.21.49.194 - - [12/Jan/2018:06:05:52 +0100] "GET /favicon.ico HTTP/1.1" 200 646 "https://senseis.xmp.net/?NGF" "Mozilla/5.0 (Windows NT 10.0; Win64; x64) AppleWebKit/537.36 (KHTML, like Gecko) Chrome/63.0.3239.84 Safari/537.36"
187.99.250.248 - - [12/Jan/2018:06:05:52 +0100] "GET /?TimeSystems%2FDiscussion HTTP/1.1" 200 15947 "https://senseis.xmp.net/?searchstring=time&fullsearch.x=0&fullsearch.y=0&searchtype=either" "Mozilla/5.0 (X11; Ubuntu; Linux x86_64; rv:57.0) Gecko/20100101 Firefox/57.0"
107.219.122.121 - - [12/Jan/2018:06:05:56 +0100] "GET /?AllStarsOpening HTTP/1.1" 304 377 "https://senseis.xmp.net/?Sanrensei" "Mozilla/5.0 (X11; Ubuntu; Linux x86_64; rv:57.0) Gecko/20100101 Firefox/57.0"
42.60.83.124 - - [12/Jan/2018:06:05:57 +0100] "GET /?NNGS HTTP/1.1" 200 6691 "https://www.google.com.sg/" "Mozilla/5.0 (Windows NT 6.1) AppleWebKit/537.36 (KHTML, like Gecko) Chrome/63.0.3239.132 Safari/537.36"
42.60.83.124 - - [12/Jan/2018:06:05:58 +0100] "GET /favicon.ico HTTP/1.1" 200 646 "https://senseis.xmp.net/?NNGS" "Mozilla/5.0 (Windows NT 6.1) AppleWebKit/537.36 (KHTML, like Gecko) Chrome/63.0.3239.132 Safari/537.36"
40.77.167.54 - - [12/Jan/2018:06:06:00 +0100] "GET /?Samsung2012Game1 HTTP/1.1" 200 11938 "-" "Mozilla/5.0 (iPhone; CPU iPhone OS 7_0 like Mac OS X) AppleWebKit/537.51.1 (KHTML, like Gecko) Version/7.0 Mobile/11A465 Safari/9537.53 (compatible; bingbot/2.0; +http://www.bing.com/bingbot.htm)"
174.226.28.30 - - [12/Jan/2018:06:06:03 +0100] "GET /?EquipmentDimensions HTTP/1.1" 200 11804 "http://www.google.com/search?q=go+board+size&oq=go+board+size&gs_l=mobile-heirloom-serp.12...0.0.1.1107.0.0.0.0.0.0.0.0..0.0....0...1c..34.mobile-heirloom-serp..0.1.16.YWhrUhjA_Lo" "Mozilla/5.0 (Android 7.1.1; Mobile; rv:57.0) Gecko/57.0 Firefox/57.0"
174.226.28.30 - - [12/Jan/2018:06:06:04 +0100] "GET /favicon.ico HTTP/1.1" 200 3874 "-" "Mozilla/5.0 (Android 7.1.1; Mobile; rv:57.0.4) Gecko/57.0.4 Firefox/57.0.4"
72.187.218.117 - - [12/Jan/2018:06:06:28 +0100] "GET /?DiscardedJoseki HTTP/1.1" 200 3647 "https://senseis.xmp.net/?JosekiPages" "Mozilla/5.0 (Windows NT 6.1; Win64; x64) AppleWebKit/537.36 (KHTML, like Gecko) Chrome/63.0.3239.132 Safari/537.36"
66.249.64.201 - - [12/Jan/2018:06:06:36 +0100] "GET /?BeginnerExercise321%2FAttempts HTTP/1.1" 200 7025 "-" "Mozilla/5.0 (compatible; Googlebot/2.1; +http://www.google.com/bot.html)"
180.76.15.152 - - [12/Jan/2018:06:06:40 +0100] "GET /?GokyoSeimyoVolume3Problem65 HTTP/1.1" 200 11466 "-" "Mozilla/5.0 (compatible; Baiduspider/2.0; +http://www.baidu.com/search/spider.html)"
173.236.224.154 - - [12/Jan/2018:06:06:46 +0100] "HEAD /?ChunPoongJho HTTP/1.1" 200 3325 "http://tasliyol.com" "Mozilla/5.0 (compatible; MSIE 9.0; Windows NT 6.1; WOW64; Trident/5.0)"
187.99.250.248 - - [12/Jan/2018:06:06:49 +0100] "GET /?RobertPauli HTTP/1.1" 200 2945 "https://senseis.xmp.net/?TimeSystems%2FDiscussion" "Mozilla/5.0 (X11; Ubuntu; Linux x86_64; rv:57.0) Gecko/20100101 Firefox/57.0"
107.219.122.121 - - [12/Jan/2018:06:06:53 +0100] "GET /?YiChangHo HTTP/1.1" 200 12994 "https://senseis.xmp.net/?CosmicStyle" "Mozilla/5.0 (X11; Ubuntu; Linux x86_64; rv:57.0) Gecko/20100101 Firefox/57.0"
187.99.250.248 - - [12/Jan/2018:06:06:54 +0100] "GET /?LJRG HTTP/1.1" 200 2847 "https://senseis.xmp.net/?RobertPauli" "Mozilla/5.0 (X11; Ubuntu; Linux x86_64; rv:57.0) Gecko/20100101 Firefox/57.0"
46.229.168.72 - - [12/Jan/2018:06:06:54 +0100] "GET /?forum=MovesOrPatterns HTTP/1.1" 200 5145 "-" "Mozilla/5.0 (compatible; SemrushBot/1.2~bl; +http://www.semrush.com/bot.html)"
106.11.154.237 - - [12/Jan/2018:06:06:59 +0100] "GET /?edit=doubleko&section=3 HTTP/1.1" 403 4054 "-" "YisouSpider"
