46.229.168.79 - - [12/Jan/2018:06:07:02 +0100] "GET /?RTGProblem6%2FAttempts HTTP/1.1" 200 6361 "-" "Mozilla/5.0 (compatible; SemrushBot/1.2~bl; +http://www.semrush.com/bot.html)"
54.36.148.89 - - [12/Jan/2018:06:07:03 +0100] "GET /?GendaiNoMeikyoku HTTP/1.1" 200 5595 "-" "Mozilla/5.0 (compatible; AhrefsBot/5.2; +http://ahrefs.com/robot/)"
72.187.218.117 - - [12/Jan/2018:06:07:04 +0100] "GET /?UnexploredJoseki HTTP/1.1" 200 4413 "https://senseis.xmp.net/?JosekiPages" "Mozilla/5.0 (Windows NT 6.1; Win64; x64) AppleWebKit/537.36 (KHTML, like Gecko) Chrome/63.0.3239.132 Safari/537.36"
40.77.167.22 - - [12/Jan/2018:06:07:13 +0100] "GET /?DieKunstDesAngriffsStrategieUndTaktikImGo HTTP/1.1" 200 7237 "-" "Mozilla/5.0 (iPhone; CPU iPhone OS 7_0 like Mac OS X) AppleWebKit/537.51.1 (KHTML, like Gecko) Version/7.0 Mobile/11A465 Safari/9537.53 (compatible; bingbot/2.0; +http://www.bing.com/bingbot.htm)"
62.210.189.101 - - [12/Jan/2018:06:07:14 +0100] "GET /?PlayingStylesAndPlayerTypes HTTP/1.1" 200 13615 "-" "Mozilla/5.0 (Windows NT 6.1; Win64; x64; rv:54.0) Gecko/20100101 Firefox/54.0"
46.229.168.76 - - [12/Jan/2018:06:07:18 +0100] "GET /?ProgrammersGoban HTTP/1.1" 200 5817 "-" "Mozilla/5.0 (compatible; SemrushBot/1.2~bl; +http://www.semrush.com/bot.html)"
46.229.168.68 - - [12/Jan/2018:06:07:24 +0100] "GET /?forum=33PointInvasionQuery7 HTTP/1.1" 200 5161 "-" "Mozilla/5.0 (compatible; SemrushBot/1.2~bl; +http://www.semrush.com/bot.html)"
54.36.148.149 - - [12/Jan/2018:06:07:24 +0100] "GET /?ItoTomoe HTTP/1.1" 200 6522 "-" "Mozilla/5.0 (compatible; AhrefsBot/5.2; +http://ahrefs.com/robot/)"
71.126.173.72 - - [12/Jan/2018:06:07:25 +0100] "GET /?IntroExercise4%2FAnswer HTTP/1.1" 200 3389 "https://senseis.xmp.net/?IntroExercise4" "Mozilla/5.0 (iPad; CPU OS 11_2_2 like Mac OS X) AppleWebKit/604.4.7 (KHTML, like Gecko) Version/11.0 Mobile/15C202 Safari/604.1"
213.180.203.2 - - [12/Jan/2018:06:07:29 +0100] "GET /?DictionaryofBasicTesuji HTTP/1.1" 200 11889 "-" "Mozilla/5.0 (compatible; YandexBot/3.0; +http://yandex.com/bots)"
213.180.203.2 - - [12/Jan/2018:06:07:30 +0100] "GET /?FiveSpaceExtension HTTP/1.1" 200 3951 "-" "Mozilla/5.0 (compatible; YandexBot/3.0; +http://yandex.com/bots)"
37.9.113.55 - - [12/Jan/2018:06:07:31 +0100] "GET /?IdiotBot HTTP/1.1" 200 5780 "-" "Mozilla/5.0 (compatible; YandexBot/3.0; +http://yandex.com/bots)"
136.243.17.161 - - [12/Jan/2018:06:07:38 +0100] "GET /?Mdobbins HTTP/1.1" 200 11118 "-" "Mozilla/5.0 (Windows NT 5.1; rv:21.0) Gecko/20130401 Firefox/21.0"
107.219.122.121 - - [12/Jan/2018:06:07:38 +0100] "GET /?Honte HTTP/1.1" 200 7609 "https://senseis.xmp.net/?CosmicStyle" "Mozilla/5.0 (X11; Ubuntu; Linux x86_64; rv:57.0) Gecko/20100101 Firefox/57.0"
213.180.203.2 - - [12/Jan/2018:06:07:39 +0100] "GET /?PinwheelKo HTTP/1.1" 200 6691 "-" "Mozilla/5.0 (compatible; YandexBot/3.0; +http://yandex.com/bots)"
37.9.113.55 - - [12/Jan/2018:06:07:40 +0100] "GET /?OhashiNaruya HTTP/1.1" 200 5914 "-" "Mozilla/5.0 (compatible; YandexBot/3.0; +http://yandex.com/bots)"
40.77.167.7 - - [12/Jan/2018:06:07:46 +0100] "GET /?reduction HTTP/1.1" 200 7829 "-" "Mozilla/5.0 (iPhone; CPU iPhone OS 7_0 like Mac OS X) AppleWebKit/537.51.1 (KHTML, like Gecko) Version/7.0 Mobile/11A465 Safari/9537.53 (compatible; bingbot/2.0; +http://www.bing.com/bingbot.htm)"
5.9.112.6 - - [12/Jan/2018:06:07:52 +0100] "GET /?Mdobbins HTTP/1.1" 200 11118 "-" "Mozilla/5.0 (Windows NT 5.1) AppleWebKit/537.31 (KHTML, like Gecko) Chrome/26.0.1410.43 Safari/537.31"
117.103.185.20 - - [12/Jan/2018:06:07:52 +0100] "GET /?SixGoodAndSixBadShapes HTTP/1.1" 304 3442 "http://search.yahoo.co.jp/" "Mozilla/5.0 (Windows NT 6.3; WOW64; Trident/7.0; rv:11.0) like Gecko"
40.77.167.54 - - [12/Jan/2018:06:07:55 +0100] "GET /?montecarlo HTTP/1.1" 200 8044 "-" "Mozilla/5.0 (iPhone; CPU iPhone OS 7_0 like Mac OS X) AppleWebKit/537.51.1 (KHTML, like Gecko) Version/7.0 Mobile/11A465 Safari/9537.53 (compatible; bingbot/2.0; +http://www.bing.com/bingbot.htm)"
173.236.224.154 - - [12/Jan/2018:06:07:55 +0100] "HEAD /?PavolLisy HTTP/1.1" 200 3325 "http://tasliyol.com" "Mozilla/5.0 (compatible; MSIE 9.0; Windows NT 6.1; WOW64; Trident/5.0)"
187.99.250.248 - - [12/Jan/2018:06:07:56 +0100] "GET /?TrompTaylorRules HTTP/1.1" 200 6694 "https://www.google.com.br/" "Mozilla/5.0 (X11; Ubuntu; Linux x86_64; rv:57.0) Gecko/20100101 Firefox/57.0"
46.229.168.77 - - [12/Jan/2018:06:07:57 +0100] "GET /?forum=LambdaSearch HTTP/1.1" 200 5145 "-" "Mozilla/5.0 (compatible; SemrushBot/1.2~bl; +http://www.semrush.com/bot.html)"
213.180.203.2 - - [12/Jan/2018:06:08:02 +0100] "GET /?QGO HTTP/1.1" 200 7995 "-" "Mozilla/5.0 (compatible; YandexBot/3.0; +http://yandex.com/bots)"
78.46.156.169 - - [12/Jan/2018:06:08:06 +0100] "GET /?Mdobbins HTTP/1.1" 200 11118 "-" "Mozilla/5.0 (Macintosh; Intel Mac OS X 10_6_8) AppleWebKit/534.59.8 (KHTML, like Gecko) Version/5.1.9 Safari/534.59.8"
117.103.185.20 - - [12/Jan/2018:06:08:10 +0100] "GET /?StrikeAtTheWaistOfTheKeima HTTP/1.1" 200 12445 "https://senseis.xmp.net/?SixGoodAndSixBadShapes" "Mozilla/5.0 (Windows NT 6.3; WOW64; Trident/7.0; rv:11.0) like Gecko"
46.229.168.79 - - [12/Jan/2018:06:08:11 +0100] "GET /?forum=PracticalEndgameTests HTTP/1.1" 200 5161 "-" "Mozilla/5.0 (compatible; SemrushBot/1.2~bl; +http://www.semrush.com/bot.html)"
213.180.203.2 - - [12/Jan/2018:06:08:14 +0100] "GET /?SenteNoGote HTTP/1.1" 200 7045 "-" "Mozilla/5.0 (compatible; YandexBot/3.0; +http://yandex.com/bots)"
35.226.23.240 - - [12/Jan/2018:06:08:15 +0100] "GET /robots.txt HTTP/1.1" 200 2281 "-" "ltx71 - (http://ltx71.com/)"
40.77.167.7 - - [12/Jan/2018:06:08:17 +0100] "GET /?professionalplayersgostyles HTTP/1.1" 200 13590 "-" "Mozilla/5.0 (iPhone; CPU iPhone OS 7_0 like Mac OS X) AppleWebKit/537.51.1 (KHTML, like Gecko) Version/7.0 Mobile/11A465 Safari/9537.53 (compatible; bingbot/2.0; +http://www.bing.com/bingbot.htm)"
40.77.167.80 - - [12/Jan/2018:06:08:19 +0100] "GET /?DifferenceBetweenProsAndAmateurs HTTP/1.1" 200 19183 "-" "Mozilla/5.0 (iPhone; CPU iPhone OS 7_0 like Mac OS X) AppleWebKit/537.51.1 (KHTML, like Gecko) Version/7.0 Mobile/11A465 Safari/9537.53 (compatible; bingbot/2.0; +http://www.bing.com/bingbot.htm)"
46.229.168.68 - - [12/Jan/2018:06:08:22 +0100] "GET /?forum=BorrowARouteToConquerGuo HTTP/1.1" 200 5321 "-" "Mozilla/5.0 (compatible; SemrushBot/1.2~bl; +http://www.semrush.com/bot.html)"
46.229.168.79 - - [12/Jan/2018:06:08:29 +0100] "GET /?forum=PracticalEndgameTests HTTP/1.1" 200 5161 "-" "Mozilla/5.0 (compatible; SemrushBot/1.2~bl; +http://www.semrush.com/bot.html)"
72.187.218.117 - - [12/Jan/2018:06:08:33 +0100] "GET /?HosaiSFormation HTTP/1.1" 200 6763 "https://www.google.com/" "Mozilla/5.0 (Windows NT 6.1; Win64; x64) AppleWebKit/537.36 (KHTML, like Gecko) Chrome/63.0.3239.132 Safari/537.36"
66.249.64.201 - - [12/Jan/2018:06:08:37 +0100] "GET /?geta HTTP/1.1" 200 7559 "-" "Mozilla/5.0 (Linux; Android 6.0.1; Nexus 5X Build/MMB29P) AppleWebKit/537.36 (KHTML, like Gecko) Chrome/41.0.2272.96 Mobile Safari/537.36 (compatible; Googlebot/2.1; +http://www.google.com/bot.html)"
213.180.203.2 - - [12/Jan/2018:06:08:39 +0100] "GET /?AudouardCoordinates HTTP/1.1" 200 9719 "-" "Mozilla/5.0 (compatible; YandexBot/3.0; +http://yandex.com/bots)"
151.80.109.120 - - [12/Jan/2018:06:08:42 +0100] "GET /?ChineseGoTerms HTTP/1.1" 200 24947 "-" "Mozilla/5.0 (Macintosh; Intel Mac OS X 10.12; rv:57.0) Gecko/20100101 Firefox/57.0"
46.229.168.68 - - [12/Jan/2018:06:08:43 +0100] "GET /?forum=BorrowARouteToConquerGuo HTTP/1.1" 200 5321 "-" "Mozilla/5.0 (compatible; SemrushBot/1.2~bl; +http://www.semrush.com/bot.html)"
213.180.203.2 - - [12/Jan/2018:06:08:44 +0100] "GET /?Wb HTTP/1.1" 200 2531 "-" "Mozilla/5.0 (compatible; YandexBot/3.0; +http://yandex.com/bots)"
46.229.168.69 - - [12/Jan/2018:06:08:48 +0100] "GET /?SimultaneousCapture HTTP/1.1" 200 8153 "-" "Mozilla/5.0 (compatible; SemrushBot/1.2~bl; +http://www.semrush.com/bot.html)"
203.241.151.50 - - [12/Jan/2018:06:08:53 +0100] "GET /?GoServers HTTP/1.1" 200 12071 "https://en.wikipedia.org/" "Mozilla/5.0 (Windows NT 6.1; Win64; x64) AppleWebKit/537.36 (KHTML, like Gecko) Chrome/63.0.3239.132 Safari/537.36"
68.180.230.239 - - [12/Jan/2018:06:08:58 +0100] "GET /?forum=MigeruVRgGame3 HTTP/1.1" 200 5408 "-" "Mozilla/5.0 (compatible; Yahoo! Slurp; http://help.yahoo.com/help/us/ysearch/slurp)"
46.229.168.68 - - [12/Jan/2018:06:09:00 +0100] "GET /?forum=IcedEarth HTTP/1.1" 200 5145 "-" "Mozilla/5.0 (compatible; SemrushBot/1.2~bl; +http://www.semrush.com/bot.html)"
203.241.151.50 - - [12/Jan/2018:06:09:00 +0100] "GET /favicon.ico HTTP/1.1" 200 3707 "https://senseis.xmp.net/notify-https_notice_page?aHR0cHM6Ly9zZW5zZWlzLnhtcC5uZXQvP0dvU2VydmVycw==;Km0Sj2Wuct0X0dwGqTUB917MssshW5OFK9Wf/glREXA=" "Mozilla/5.0 (Windows NT 6.1; Win64; x64) AppleWebKit/537.36 (KHTML, like Gecko) Chrome/63.0.3239.132 Safari/537.36"
213.180.203.2 - - [12/Jan/2018:06:09:01 +0100] "GET /?topic=2261 HTTP/1.1" 200 6585 "-" "Mozilla/5.0 (compatible; YandexBot/3.0; +http://yandex.com/bots)"
37.9.113.55 - - [12/Jan/2018:06:09:03 +0100] "GET /?IgoHatsuyoRonProblems HTTP/1.1" 200 7380 "-" "Mozilla/5.0 (compatible; YandexBot/3.0; +http://yandex.com/bots)"
213.180.203.2 - - [12/Jan/2018:06:09:03 +0100] "GET /?forum=Kuksu47Game4Melee HTTP/1.1" 200 2330 "-" "Mozilla/5.0 (compatible; YandexBot/3.0; +http://yandex.com/bots)"
37.9.113.55 - - [12/Jan/2018:06:09:04 +0100] "GET /?GokyoShumyoSection1Problem3%2FSolution HTTP/1.1" 200 6448 "-" "Mozilla/5.0 (compatible; YandexBot/3.0; +http://yandex.com/bots)"
37.9.113.55 - - [12/Jan/2018:06:09:04 +0100] "GET /?Grundkurs HTTP/1.1" 200 30717 "-" "Mozilla/5.0 (compatible; YandexBot/3.0; +http://yandex.com/bots)"
72.187.218.117 - - [12/Jan/2018:06:09:09 +0100] "GET /?MarkIIKobayashiFormation HTTP/1.1" 200 5213 "https://www.google.com/" "Mozilla/5.0 (Windows NT 6.1; Win64; x64) AppleWebKit/537.36 (KHTML, like Gecko) Chrome/63.0.3239.132 Safari/537.36"
46.229.168.69 - - [12/Jan/2018:06:09:10 +0100] "GET /?ShikatsuMyokiTsumegoSeries85 HTTP/1.1" 200 5737 "-" "Mozilla/5.0 (compatible; SemrushBot/1.2~bl; +http://www.semrush.com/bot.html)"
174.255.197.183 - - [12/Jan/2018:06:09:10 +0100] "GET /?HosaiSFormation HTTP/1.1" 200 6763 "https://www.google.com/" "Mozilla/5.0 (Linux; Android 7.1.1; Z899VL Build/NMF26V) AppleWebKit/537.36 (KHTML, like Gecko) Chrome/63.0.3239.111 Mobile Safari/537.36"
213.180.203.2 - - [12/Jan/2018:06:09:11 +0100] "GET /?forum=ChineseYearbook HTTP/1.1" 200 5569 "-" "Mozilla/5.0 (compatible; YandexBot/3.0; +http://yandex.com/bots)"
174.255.197.183 - - [12/Jan/2018:06:09:12 +0100] "GET /?HosaiSFormation HTTP/1.1" 200 6762 "-" "Dalvik/2.1.0 (Linux; U; Android 7.1.1; Z899VL Build/NMF26V)"
71.126.173.72 - - [12/Jan/2018:06:09:12 +0100] "GET /?IntroExercise5 HTTP/1.1" 200 3035 "https://senseis.xmp.net/?IntroExercise4%2FAnswer" "Mozilla/5.0 (iPad; CPU OS 11_2_2 like Mac OS X) AppleWebKit/604.4.7 (KHTML, like Gecko) Version/11.0 Mobile/15C202 Safari/604.1"
213.180.203.2 - - [12/Jan/2018:06:09:14 +0100] "GET /?EstimatingTheScore HTTP/1.1" 200 14832 "-" "Mozilla/5.0 (compatible; YandexBot/3.0; +http://yandex.com/bots)"
37.9.113.55 - - [12/Jan/2018:06:09:14 +0100] "GET /?forum=BQM243 HTTP/1.1" 200 5535 "-" "Mozilla/5.0 (compatible; YandexBot/3.0; +http://yandex.com/bots)"
46.229.168.68 - - [12/Jan/2018:06:09:16 +0100] "GET /?forum=IcedEarth HTTP/1.1" 200 5145 "-" "Mozilla/5.0 (compatible; SemrushBot/1.2~bl; +http://www.semrush.com/bot.html)"
117.103.185.20 - - [12/Jan/2018:06:09:17 +0100] "GET /?CuttingTheKeima HTTP/1.1" 200 19853 "https://senseis.xmp.net/?StrikeAtTheWaistOfTheKeima" "Mozilla/5.0 (Windows NT 6.3; WOW64; Trident/7.0; rv:11.0) like Gecko"
99.118.1.110 - - [12/Jan/2018:06:09:18 +0100] "GET /?InterestingBoardSizes HTTP/1.1" 200 7209 "https://senseis.xmp.net/?DifferentSizedBoards" "Mozilla/5.0 (Windows NT 6.1; Win64; x64) AppleWebKit/537.36 (KHTML, like Gecko) Chrome/63.0.3239.132 Safari/537.36"
71.126.173.72 - - [12/Jan/2018:06:09:19 +0100] "GET /?IntroExercise5%2FAnswer HTTP/1.1" 200 3117 "https://senseis.xmp.net/?IntroExercise5" "Mozilla/5.0 (iPad; CPU OS 11_2_2 like Mac OS X) AppleWebKit/604.4.7 (KHTML, like Gecko) Version/11.0 Mobile/15C202 Safari/604.1"
213.180.203.2 - - [12/Jan/2018:06:09:22 +0100] "GET /?YaoZhiteng HTTP/1.1" 200 6510 "-" "Mozilla/5.0 (compatible; YandexBot/3.0; +http://yandex.com/bots)"
99.118.1.110 - - [12/Jan/2018:06:09:22 +0100] "GET /?LinearBoards HTTP/1.1" 200 5723 "https://senseis.xmp.net/?DifferentSizedBoards" "Mozilla/5.0 (Windows NT 6.1; Win64; x64) AppleWebKit/537.36 (KHTML, like Gecko) Chrome/63.0.3239.132 Safari/537.36"
37.9.113.55 - - [12/Jan/2018:06:09:23 +0100] "GET /?JapanCoolPlaces HTTP/1.1" 200 15424 "-" "Mozilla/5.0 (compatible; YandexBot/3.0; +http://yandex.com/bots)"
71.235.186.105 - - [12/Jan/2018:06:09:24 +0100] "GET /?QuadrupleKo HTTP/1.1" 200 7423 "https://www.google.com/" "Mozilla/5.0 (Windows NT 10.0; Win64; x64) AppleWebKit/537.36 (KHTML, like Gecko) Chrome/63.0.3239.132 Safari/537.36"
71.235.186.105 - - [12/Jan/2018:06:09:25 +0100] "GET /favicon.ico HTTP/1.1" 200 646 "https://senseis.xmp.net/?QuadrupleKo" "Mozilla/5.0 (Windows NT 10.0; Win64; x64) AppleWebKit/537.36 (KHTML, like Gecko) Chrome/63.0.3239.132 Safari/537.36"
46.229.168.79 - - [12/Jan/2018:06:09:26 +0100] "GET /?TeachingGame67 HTTP/1.1" 200 6825 "-" "Mozilla/5.0 (compatible; SemrushBot/1.2~bl; +http://www.semrush.com/bot.html)"
213.180.203.2 - - [12/Jan/2018:06:09:26 +0100] "GET /?mogo HTTP/1.1" 200 6263 "-" "Mozilla/5.0 (iPhone; CPU iPhone OS 8_1 like Mac OS X) AppleWebKit/600.1.4 (KHTML, like Gecko) Version/8.0 Mobile/12B411 Safari/600.1.4 (compatible; YandexMobileBot/3.0; +http://yandex.com/bots)"
99.118.1.110 - - [12/Jan/2018:06:09:26 +0100] "GET /?NarrowBoards HTTP/1.1" 200 4258 "https://senseis.xmp.net/?DifferentSizedBoards" "Mozilla/5.0 (Windows NT 6.1; Win64; x64) AppleWebKit/537.36 (KHTML, like Gecko) Chrome/63.0.3239.132 Safari/537.36"
46.229.168.69 - - [12/Jan/2018:06:09:27 +0100] "GET /?ShikatsuMyokiTsumegoSeries85 HTTP/1.1" 200 5737 "-" "Mozilla/5.0 (compatible; SemrushBot/1.2~bl; +http://www.semrush.com/bot.html)"
99.118.1.110 - - [12/Jan/2018:06:09:28 +0100] "GET /?RectangularBoards HTTP/1.1" 200 3093 "https://senseis.xmp.net/?DifferentSizedBoards" "Mozilla/5.0 (Windows NT 6.1; Win64; x64) AppleWebKit/537.36 (KHTML, like Gecko) Chrome/63.0.3239.132 Safari/537.36"
71.126.173.72 - - [12/Jan/2018:06:09:31 +0100] "GET /?BentThree HTTP/1.1" 200 3492 "https://senseis.xmp.net/?IntroExercise5%2FAnswer" "Mozilla/5.0 (iPad; CPU OS 11_2_2 like Mac OS X) AppleWebKit/604.4.7 (KHTML, like Gecko) Version/11.0 Mobile/15C202 Safari/604.1"
99.118.1.110 - - [12/Jan/2018:06:09:31 +0100] "GET /?EvenSizedBoards HTTP/1.1" 200 3916 "https://senseis.xmp.net/?DifferentSizedBoards" "Mozilla/5.0 (Windows NT 6.1; Win64; x64) AppleWebKit/537.36 (KHTML, like Gecko) Chrome/63.0.3239.132 Safari/537.36"
213.180.203.2 - - [12/Jan/2018:06:09:34 +0100] "GET /?path=GoHumour&page=KameNoItte HTTP/1.1" 200 7411 "-" "Mozilla/5.0 (compatible; YandexBot/3.0; +http://yandex.com/bots)"
213.180.203.2 - - [12/Jan/2018:06:09:38 +0100] "GET /?forum=GoMagazines HTTP/1.1" 200 2235 "-" "Mozilla/5.0 (compatible; YandexBot/3.0; +http://yandex.com/bots)"
70.44.23.48 - - [12/Jan/2018:06:09:39 +0100] "GET /?GoProverbs HTTP/1.1" 200 11938 "-" "Mozilla/5.0 (Linux; Android 5.0.2; SM-S906L Build/LRX22G) AppleWebKit/537.36 (KHTML, like Gecko) Chrome/63.0.3239.111 Mobile Safari/537.36"
37.9.113.55 - - [12/Jan/2018:06:09:40 +0100] "GET /?forum=TesujiSoftwareGoLibrary HTTP/1.1" 200 5471 "-" "Mozilla/5.0 (compatible; YandexBot/3.0; +http://yandex.com/bots)"
70.44.23.48 - - [12/Jan/2018:06:09:40 +0100] "GET /favicon.ico HTTP/1.1" 200 646 "https://senseis.xmp.net/?GoProverbs" "Mozilla/5.0 (Linux; Android 5.0.2; SM-S906L Build/LRX22G) AppleWebKit/537.36 (KHTML, like Gecko) Chrome/63.0.3239.111 Mobile Safari/537.36"
46.154.59.29 - - [12/Jan/2018:06:09:40 +0100] "GET /?ChineseGoTerms HTTP/1.1" 200 24804 "https://www.google.com.tr/" "Mozilla/5.0 (iPhone; CPU iPhone OS 10_3_3 like Mac OS X) AppleWebKit/603.1.30 (KHTML, like Gecko) CriOS/63.0.3239.73 Mobile/14G60 Safari/602.1"
213.180.203.2 - - [12/Jan/2018:06:09:42 +0100] "GET /?Tower HTTP/1.1" 200 3192 "-" "Mozilla/5.0 (compatible; YandexBot/3.0; +http://yandex.com/bots)"
46.229.168.79 - - [12/Jan/2018:06:09:45 +0100] "GET /?TeachingGame67 HTTP/1.1" 200 6825 "-" "Mozilla/5.0 (compatible; SemrushBot/1.2~bl; +http://www.semrush.com/bot.html)"
99.231.20.63 - - [12/Jan/2018:06:09:48 +0100] "GET /?TheEmptyTriangleIsBad HTTP/1.1" 200 9623 "https://senseis.xmp.net/?PagesForBeginners" "Mozilla/5.0 (Windows NT 10.0; Win64; x64) AppleWebKit/537.36 (KHTML, like Gecko) Chrome/63.0.3239.132 Safari/537.36"
37.9.113.55 - - [12/Jan/2018:06:09:56 +0100] "GET /?HoninboDochi HTTP/1.1" 200 6418 "-" "Mozilla/5.0 (compatible; YandexBot/3.0; +http://yandex.com/bots)"
95.79.30.13 - - [12/Jan/2018:06:09:56 +0100] "GET / HTTP/1.0" 200 10855 "https://senseis.xmp.net/" "Mozilla/5.0 (Windows NT 6.1; WOW64) AppleWebKit/537.36 (KHTML, like Gecko) Chrome/57.0.2987.133 Safari/537.36"
99.231.20.63 - - [12/Jan/2018:06:09:58 +0100] "GET /?PagesForBeginners HTTP/1.1" 200 4692 "https://senseis.xmp.net/?StartingPoints" "Mozilla/5.0 (Windows NT 10.0; Win64; x64) AppleWebKit/537.36 (KHTML, like Gecko) Chrome/63.0.3239.132 Safari/537.36"
46.229.168.73 - - [12/Jan/2018:06:10:02 +0100] "GET /?forum=Rakshasa HTTP/1.1" 200 5129 "-" "Mozilla/5.0 (compatible; SemrushBot/1.2~bl; +http://www.semrush.com/bot.html)"
174.255.197.183 - - [12/Jan/2018:06:10:02 +0100] "GET /?HosaiSFormation HTTP/1.1" 304 377 "https://online-go.com/overview" "Mozilla/5.0 (Linux; Android 7.1.1; Z899VL Build/NMF26V) AppleWebKit/537.36 (KHTML, like Gecko) Chrome/63.0.3239.111 Mobile Safari/537.36"
213.180.203.2 - - [12/Jan/2018:06:10:02 +0100] "GET /?ApproachMoves HTTP/1.1" 200 6933 "-" "Mozilla/5.0 (compatible; YandexBot/3.0; +http://yandex.com/bots)"
71.235.186.105 - - [12/Jan/2018:06:10:05 +0100] "GET /?KoFight HTTP/1.1" 200 3745 "https://senseis.xmp.net/?QuadrupleKo" "Mozilla/5.0 (Windows NT 10.0; Win64; x64) AppleWebKit/537.36 (KHTML, like Gecko) Chrome/63.0.3239.132 Safari/537.36"
188.238.6.67 - - [12/Jan/2018:06:10:12 +0100] "GET /robots.txt HTTP/1.0" 200 3356 "-" "HactarGoBot/Nutch-1.12 (Bot to collect SGF files; http://gowrite.net/lauri.html)"
40.77.167.54 - - [12/Jan/2018:06:10:20 +0100] "GET /?GoServerReviewsAndReports HTTP/1.1" 200 22064 "-" "Mozilla/5.0 (iPhone; CPU iPhone OS 7_0 like Mac OS X) AppleWebKit/537.51.1 (KHTML, like Gecko) Version/7.0 Mobile/11A465 Safari/9537.53 (compatible; bingbot/2.0; +http://www.bing.com/bingbot.htm)"
71.235.186.105 - - [12/Jan/2018:06:10:25 +0100] "GET /?ResolveTheKo HTTP/1.1" 200 3841 "https://senseis.xmp.net/?KoFight" "Mozilla/5.0 (Windows NT 10.0; Win64; x64) AppleWebKit/537.36 (KHTML, like Gecko) Chrome/63.0.3239.132 Safari/537.36"
46.229.168.65 - - [12/Jan/2018:06:10:25 +0100] "GET /?forum=JustEnoughJapaneseVolumeTwo HTTP/1.1" 200 5177 "-" "Mozilla/5.0 (compatible; SemrushBot/1.2~bl; +http://www.semrush.com/bot.html)"
138.75.80.143 - - [12/Jan/2018:06:10:32 +0100] "GET /?KillingTechniques HTTP/1.1" 200 6300 "-" "Mozilla/5.0 (Windows NT 6.3; Win64; x64) AppleWebKit/537.36 (KHTML, like Gecko) Chrome/63.0.3239.132 Safari/537.36"
138.75.80.143 - - [12/Jan/2018:06:10:32 +0100] "GET /?LifeAndDeath HTTP/1.1" 200 9133 "-" "Mozilla/5.0 (Windows NT 6.3; Win64; x64) AppleWebKit/537.36 (KHTML, like Gecko) Chrome/63.0.3239.132 Safari/537.36"
99.118.1.110 - - [12/Jan/2018:06:10:32 +0100] "GET /?Why19x19 HTTP/1.1" 200 5343 "https://senseis.xmp.net/?EvenSizedBoards" "Mozilla/5.0 (Windows NT 6.1; Win64; x64) AppleWebKit/537.36 (KHTML, like Gecko) Chrome/63.0.3239.132 Safari/537.36"
54.36.149.53 - - [12/Jan/2018:06:10:33 +0100] "GET /?forum=PrimaryKoThreat HTTP/1.1" 200 5436 "-" "Mozilla/5.0 (compatible; AhrefsBot/5.2; +http://ahrefs.com/robot/)"
73.106.184.225 - - [12/Jan/2018:06:10:40 +0100] "GET /?Shugen HTTP/1.1" 200 6186 "https://en.wikipedia.org/" "Mozilla/5.0 (Windows NT 10.0; Win64; x64) AppleWebKit/537.36 (KHTML, like Gecko) Chrome/63.0.3239.132 Safari/537.36"
40.77.167.22 - - [12/Jan/2018:06:10:42 +0100] "GET /?NumberOfPossibleGoGames HTTP/1.1" 200 13346 "-" "Mozilla/5.0 (iPhone; CPU iPhone OS 7_0 like Mac OS X) AppleWebKit/537.51.1 (KHTML, like Gecko) Version/7.0 Mobile/11A465 Safari/9537.53 (compatible; bingbot/2.0; +http://www.bing.com/bingbot.htm)"
71.126.173.72 - - [12/Jan/2018:06:10:44 +0100] "GET /?IntroExercise6 HTTP/1.1" 200 5898 "https://senseis.xmp.net/?IntroExercise5%2FAnswer" "Mozilla/5.0 (iPad; CPU OS 11_2_2 like Mac OS X) AppleWebKit/604.4.7 (KHTML, like Gecko) Version/11.0 Mobile/15C202 Safari/604.1"
46.229.168.80 - - [12/Jan/2018:06:10:45 +0100] "GET /?forum=YashiroKumiko HTTP/1.1" 200 5145 "-" "Mozilla/5.0 (compatible; SemrushBot/1.2~bl; +http://www.semrush.com/bot.html)"
46.229.168.80 - - [12/Jan/2018:06:10:47 +0100] "GET /?GokyoShumyoSection2Problem18%2FSolution HTTP/1.1" 200 5689 "-" "Mozilla/5.0 (compatible; SemrushBot/1.2~bl; +http://www.semrush.com/bot.html)"
46.229.168.65 - - [12/Jan/2018:06:10:47 +0100] "GET /?forum=JustEnoughJapaneseVolumeTwo HTTP/1.1" 200 5177 "-" "Mozilla/5.0 (compatible; SemrushBot/1.2~bl; +http://www.semrush.com/bot.html)"
24.252.44.184 - - [12/Jan/2018:06:10:48 +0100] "GET /?GnuGo HTTP/1.1" 200 10011 "https://www.google.com/" "Mozilla/5.0 (X11; Linux x86_64) AppleWebKit/537.36 (KHTML, like Gecko) Chrome/63.0.3239.132 Safari/537.36"
66.249.83.220 - - [12/Jan/2018:06:10:49 +0100] "GET / HTTP/1.1" 200 6841 "-" "Mozilla/5.0 (X11; Linux x86_64) AppleWebKit/537.36 (KHTML, like Gecko) Chrome/49.0.2623.75 Safari/537.36 Google Favicon"
66.249.83.220 - - [12/Jan/2018:06:10:49 +0100] "GET /favicon.ico HTTP/1.1" 200 646 "-" "Mozilla/5.0 (X11; Linux x86_64) AppleWebKit/537.36 (KHTML, like Gecko) Chrome/49.0.2623.75 Safari/537.36 Google Favicon"
24.252.44.184 - - [12/Jan/2018:06:10:50 +0100] "GET /favicon.ico HTTP/1.1" 200 646 "https://senseis.xmp.net/?GnuGo" "Mozilla/5.0 (X11; Linux x86_64) AppleWebKit/537.36 (KHTML, like Gecko) Chrome/63.0.3239.132 Safari/537.36"
68.180.230.239 - - [12/Jan/2018:06:10:56 +0100] "GET /?forum=UECCup HTTP/1.1" 200 5391 "-" "Mozilla/5.0 (compatible; Yahoo! Slurp; http://help.yahoo.com/help/us/ysearch/slurp)"
73.106.184.225 - - [12/Jan/2018:06:10:57 +0100] "GET /?Shuetsu HTTP/1.1" 200 2933 "https://senseis.xmp.net/?Shugen" "Mozilla/5.0 (Windows NT 10.0; Win64; x64) AppleWebKit/537.36 (KHTML, like Gecko) Chrome/63.0.3239.132 Safari/537.36"
46.229.168.79 - - [12/Jan/2018:06:10:58 +0100] "GET /?VPP HTTP/1.1" 200 5769 "-" "Mozilla/5.0 (compatible; SemrushBot/1.2~bl; +http://www.semrush.com/bot.html)"
176.127.0.42 - - [12/Jan/2018:06:11:00 +0100] "GET /?34PointJosekis HTTP/1.1" 200 11553 "https://www.google.ch/" "Mozilla/5.0 (Macintosh; Intel Mac OS X 10_12_6) AppleWebKit/537.36 (KHTML, like Gecko) Chrome/63.0.3239.132 Safari/537.36"
46.229.168.65 - - [12/Jan/2018:06:11:00 +0100] "GET /?Thejonbon HTTP/1.1" 200 5321 "-" "Mozilla/5.0 (compatible; SemrushBot/1.2~bl; +http://www.semrush.com/bot.html)"
176.127.0.42 - - [12/Jan/2018:06:11:00 +0100] "GET /favicon.ico HTTP/1.1" 200 646 "https://senseis.xmp.net/?34PointJosekis" "Mozilla/5.0 (Macintosh; Intel Mac OS X 10_12_6) AppleWebKit/537.36 (KHTML, like Gecko) Chrome/63.0.3239.132 Safari/537.36"
71.126.173.72 - - [12/Jan/2018:06:11:02 +0100] "GET /?IntroExercise6%2FAnswer HTTP/1.1" 200 3339 "https://senseis.xmp.net/?IntroExercise6" "Mozilla/5.0 (iPad; CPU OS 11_2_2 like Mac OS X) AppleWebKit/604.4.7 (KHTML, like Gecko) Version/11.0 Mobile/15C202 Safari/604.1"
46.229.168.80 - - [12/Jan/2018:06:11:02 +0100] "GET /?forum=YashiroKumiko HTTP/1.1" 200 5145 "-" "Mozilla/5.0 (compatible; SemrushBot/1.2~bl; +http://www.semrush.com/bot.html)"
176.127.0.42 - - [12/Jan/2018:06:11:03 +0100] "GET /?34pointjosekis HTTP/1.1" 200 8325 "https://senseis.xmp.net/?34PointJosekis" "Mozilla/5.0 (Macintosh; Intel Mac OS X 10_12_6) AppleWebKit/537.36 (KHTML, like Gecko) Chrome/63.0.3239.132 Safari/537.36"
176.127.0.42 - - [12/Jan/2018:06:11:05 +0100] "GET /?34PointHighApproachOneSpaceLowPincer HTTP/1.1" 200 4100 "https://senseis.xmp.net/?34pointjosekis" "Mozilla/5.0 (Macintosh; Intel Mac OS X 10_12_6) AppleWebKit/537.36 (KHTML, like Gecko) Chrome/63.0.3239.132 Safari/537.36"
46.229.168.65 - - [12/Jan/2018:06:11:08 +0100] "GET /?forum=JustEnoughJapaneseVolumeTwo HTTP/1.1" 200 5177 "-" "Mozilla/5.0 (compatible; SemrushBot/1.2~bl; +http://www.semrush.com/bot.html)"
46.154.59.29 - - [12/Jan/2018:06:11:11 +0100] "GET /favicon.ico?ChineseGoTerms HTTP/1.1" 200 3874 "-" "Mozilla/5.0 (iPhone; CPU iPhone OS 10_3_3 like Mac OS X) AppleWebKit/603.1.30 (KHTML, like Gecko) CriOS/63.0.3239.73 Mobile/14G60 Safari/602.1"
46.229.168.69 - - [12/Jan/2018:06:11:14 +0100] "GET /?forum=Heuristic HTTP/1.1" 200 5145 "-" "Mozilla/5.0 (compatible; SemrushBot/1.2~bl; +http://www.semrush.com/bot.html)"
35.226.23.240 - - [12/Jan/2018:06:11:14 +0100] "GET /?KyuExercise28 HTTP/1.1" 200 4643 "-" "ltx71 - (http://ltx71.com/)"
71.126.173.72 - - [12/Jan/2018:06:11:15 +0100] "GET /?Seki HTTP/1.1" 200 10962 "https://senseis.xmp.net/?IntroExercise6%2FAnswer" "Mozilla/5.0 (iPad; CPU OS 11_2_2 like Mac OS X) AppleWebKit/604.4.7 (KHTML, like Gecko) Version/11.0 Mobile/15C202 Safari/604.1"
54.36.149.97 - - [12/Jan/2018:06:11:17 +0100] "GET /?forum=GokyoSeimyoVolume3Problem82 HTTP/1.1" 200 5339 "-" "Mozilla/5.0 (compatible; AhrefsBot/5.2; +http://ahrefs.com/robot/)"
54.36.148.207 - - [12/Jan/2018:06:11:21 +0100] "GET /?forum=XNTrick HTTP/1.1" 200 5210 "-" "Mozilla/5.0 (compatible; AhrefsBot/5.2; +http://ahrefs.com/robot/)"
46.229.168.79 - - [12/Jan/2018:06:11:21 +0100] "GET /?VPP HTTP/1.1" 200 5769 "-" "Mozilla/5.0 (compatible; SemrushBot/1.2~bl; +http://www.semrush.com/bot.html)"
106.11.152.228 - - [12/Jan/2018:06:11:26 +0100] "GET /?YamadaTakuji HTTP/1.1" 200 6250 "-" "YisouSpider"
176.127.0.42 - - [12/Jan/2018:06:11:28 +0100] "GET /?34Point54ApproachOneSpaceLowPincerMovingOut HTTP/1.1" 200 6425 "https://senseis.xmp.net/?34PointHighApproachOneSpaceLowPincer" "Mozilla/5.0 (Macintosh; Intel Mac OS X 10_12_6) AppleWebKit/537.36 (KHTML, like Gecko) Chrome/63.0.3239.132 Safari/537.36"
54.36.149.24 - - [12/Jan/2018:06:11:30 +0100] "GET /?Pincer HTTP/1.1" 200 8629 "-" "Mozilla/5.0 (compatible; AhrefsBot/5.2; +http://ahrefs.com/robot/)"
46.229.168.79 - - [12/Jan/2018:06:11:30 +0100] "GET /?BasicLivingEyeShapes HTTP/1.1" 200 7161 "-" "Mozilla/5.0 (compatible; SemrushBot/1.2~bl; +http://www.semrush.com/bot.html)"
46.229.168.80 - - [12/Jan/2018:06:11:31 +0100] "GET /?SakataEio HTTP/1.1" 200 12078 "-" "Mozilla/5.0 (compatible; SemrushBot/1.2~bl; +http://www.semrush.com/bot.html)"
46.229.168.79 - - [12/Jan/2018:06:11:34 +0100] "GET /?VPP HTTP/1.1" 200 5769 "-" "Mozilla/5.0 (compatible; SemrushBot/1.2~bl; +http://www.semrush.com/bot.html)"
213.180.203.2 - - [12/Jan/2018:06:11:44 +0100] "GET /?EndgameProblem2%2FSolution HTTP/1.1" 200 6280 "-" "Mozilla/5.0 (compatible; YandexBot/3.0; +http://yandex.com/bots)"
40.77.167.7 - - [12/Jan/2018:06:11:47 +0100] "GET /?fujisawarina HTTP/1.1" 200 4315 "-" "Mozilla/5.0 (iPhone; CPU iPhone OS 7_0 like Mac OS X) AppleWebKit/537.51.1 (KHTML, like Gecko) Version/7.0 Mobile/11A465 Safari/9537.53 (compatible; bingbot/2.0; +http://www.bing.com/bingbot.htm)"
40.77.167.7 - - [12/Jan/2018:06:11:48 +0100] "GET /?ProfessionalPlayersGoStyles HTTP/1.1" 200 9935 "-" "Mozilla/5.0 (iPhone; CPU iPhone OS 7_0 like Mac OS X) AppleWebKit/537.51.1 (KHTML, like Gecko) Version/7.0 Mobile/11A465 Safari/9537.53 (compatible; bingbot/2.0; +http://www.bing.com/bingbot.htm)"
40.77.167.54 - - [12/Jan/2018:06:11:50 +0100] "GET /?nadarejoseki HTTP/1.1" 200 8526 "-" "Mozilla/5.0 (iPhone; CPU iPhone OS 7_0 like Mac OS X) AppleWebKit/537.51.1 (KHTML, like Gecko) Version/7.0 Mobile/11A465 Safari/9537.53 (compatible; bingbot/2.0; +http://www.bing.com/bingbot.htm)"
46.229.168.79 - - [12/Jan/2018:06:11:50 +0100] "GET /?BasicLivingEyeShapes HTTP/1.1" 200 7161 "-" "Mozilla/5.0 (compatible; SemrushBot/1.2~bl; +http://www.semrush.com/bot.html)"
71.126.173.72 - - [12/Jan/2018:06:11:52 +0100] "GET /?IntroExercise7 HTTP/1.1" 200 3028 "https://senseis.xmp.net/?IntroExercise6%2FAnswer" "Mozilla/5.0 (iPad; CPU OS 11_2_2 like Mac OS X) AppleWebKit/604.4.7 (KHTML, like Gecko) Version/11.0 Mobile/15C202 Safari/604.1"
40.77.167.54 - - [12/Jan/2018:06:11:55 +0100] "GET /?kleinbottle HTTP/1.1" 200 7913 "-" "Mozilla/5.0 (iPhone; CPU iPhone OS 7_0 like Mac OS X) AppleWebKit/537.51.1 (KHTML, like Gecko) Version/7.0 Mobile/11A465 Safari/9537.53 (compatible; bingbot/2.0; +http://www.bing.com/bingbot.htm)"
213.180.203.2 - - [12/Jan/2018:06:11:55 +0100] "GET /?CICSGoClub HTTP/1.1" 200 5909 "-" "Mozilla/5.0 (compatible; YandexBot/3.0; +http://yandex.com/bots)"
40.77.167.7 - - [12/Jan/2018:06:11:56 +0100] "GET /?largebamboojoints HTTP/1.1" 200 11062 "-" "Mozilla/5.0 (iPhone; CPU iPhone OS 7_0 like Mac OS X) AppleWebKit/537.51.1 (KHTML, like Gecko) Version/7.0 Mobile/11A465 Safari/9537.53 (compatible; bingbot/2.0; +http://www.bing.com/bingbot.htm)"
71.126.173.72 - - [12/Jan/2018:06:12:04 +0100] "GET /?IntroExercise7%2FAnswer HTTP/1.1" 200 3399 "https://senseis.xmp.net/?IntroExercise7" "Mozilla/5.0 (iPad; CPU OS 11_2_2 like Mac OS X) AppleWebKit/604.4.7 (KHTML, like Gecko) Version/11.0 Mobile/15C202 Safari/604.1"
174.255.197.183 - - [12/Jan/2018:06:12:12 +0100] "GET /?MarkIIKobayashiFormation HTTP/1.1" 304 377 "https://www.google.com/" "Mozilla/5.0 (Linux; Android 7.1.1; Z899VL Build/NMF26V) AppleWebKit/537.36 (KHTML, like Gecko) Chrome/63.0.3239.111 Mobile Safari/537.36"
174.255.197.183 - - [12/Jan/2018:06:12:14 +0100] "GET /?MarkIIKobayashiFormation HTTP/1.1" 200 5213 "-" "Dalvik/2.1.0 (Linux; U; Android 7.1.1; Z899VL Build/NMF26V)"
176.127.0.42 - - [12/Jan/2018:06:12:15 +0100] "GET /?Timm HTTP/1.1" 200 2889 "https://senseis.xmp.net/?34Point54ApproachOneSpaceLowPincerMovingOut" "Mozilla/5.0 (Macintosh; Intel Mac OS X 10_12_6) AppleWebKit/537.36 (KHTML, like Gecko) Chrome/63.0.3239.132 Safari/537.36"
216.244.66.249 - - [12/Jan/2018:06:12:26 +0100] "GET /?Intersections HTTP/1.1" 200 9249 "-" "Mozilla/5.0 (compatible; DotBot/1.1; http://www.opensiteexplorer.org/dotbot, help@moz.com)"
54.36.148.75 - - [12/Jan/2018:06:12:29 +0100] "GET /?topic=2692 HTTP/1.1" 200 6404 "-" "Mozilla/5.0 (compatible; AhrefsBot/5.2; +http://ahrefs.com/robot/)"
66.249.64.201 - - [12/Jan/2018:06:12:36 +0100] "GET /?TakaoMatsuda HTTP/1.1" 200 6042 "-" "Mozilla/5.0 (compatible; Googlebot/2.1; +http://www.google.com/bot.html)"
46.229.168.73 - - [12/Jan/2018:06:12:38 +0100] "GET /?GoPlacesInEurope HTTP/1.1" 200 13678 "-" "Mozilla/5.0 (compatible; SemrushBot/1.2~bl; +http://www.semrush.com/bot.html)"
122.44.163.175 - - [12/Jan/2018:06:12:48 +0100] "GET /?KoreanGoTerms HTTP/1.1" 200 12079 "http://www.cyberoro.com/column/column_view.oro?group=42&div=87&column_no=5470&pageNo=5&m_div=A4" "Mozilla/5.0 (Windows NT 6.1; Win64; x64) AppleWebKit/537.36 (KHTML, like Gecko) Chrome/63.0.3239.132 Safari/537.36"
122.44.163.175 - - [12/Jan/2018:06:12:50 +0100] "GET /favicon.ico HTTP/1.1" 200 646 "https://senseis.xmp.net/?KoreanGoTerms" "Mozilla/5.0 (Windows NT 6.1; Win64; x64) AppleWebKit/537.36 (KHTML, like Gecko) Chrome/63.0.3239.132 Safari/537.36"
46.229.168.73 - - [12/Jan/2018:06:12:50 +0100] "GET /?GoPlacesInEurope HTTP/1.1" 200 13678 "-" "Mozilla/5.0 (compatible; SemrushBot/1.2~bl; +http://www.semrush.com/bot.html)"
72.187.218.117 - - [12/Jan/2018:06:12:53 +0100] "GET /?KobayashiFuseki HTTP/1.1" 200 4730 "https://www.google.com/" "Mozilla/5.0 (Windows NT 6.1; Win64; x64) AppleWebKit/537.36 (KHTML, like Gecko) Chrome/63.0.3239.132 Safari/537.36"
78.46.90.120 - - [12/Jan/2018:06:12:53 +0100] "GET /%3fKimKiYong HTTP/1.1" 404 3711 "-" "Mozilla/5.0 (Windows NT 5.1; rv:11.0) Gecko Firefox/11.0"
216.244.66.249 - - [12/Jan/2018:06:12:55 +0100] "GET /?forum=NoPassGoProblem1 HTTP/1.1" 200 8867 "-" "Mozilla/5.0 (compatible; DotBot/1.1; http://www.opensiteexplorer.org/dotbot, help@moz.com)"
46.229.168.74 - - [12/Jan/2018:06:12:56 +0100] "GET /?Flower%2FComparisonChessWeiQi HTTP/1.1" 200 6153 "-" "Mozilla/5.0 (compatible; SemrushBot/1.2~bl; +http://www.semrush.com/bot.html)"
71.126.173.72 - - [12/Jan/2018:06:13:00 +0100] "GET /?IntroductionToLifeAndDeath HTTP/1.1" 304 377 "https://senseis.xmp.net/?IntroExercise7%2FAnswer" "Mozilla/5.0 (iPad; CPU OS 11_2_2 like Mac OS X) AppleWebKit/604.4.7 (KHTML, like Gecko) Version/11.0 Mobile/15C202 Safari/604.1"
182.68.189.68 - - [12/Jan/2018:06:13:01 +0100] "GET /wp-login.php HTTP/1.1" 404 3750 "-" "Mozilla/5.0 (Windows NT 6.1; WOW64; rv:40.0) Gecko/20100101 Firefox/40.1"
182.68.189.68 - - [12/Jan/2018:06:13:02 +0100] "GET / HTTP/1.1" 200 9314 "-" "Mozilla/5.0 (Windows NT 6.1; WOW64; rv:40.0) Gecko/20100101 Firefox/40.1"
71.126.173.72 - - [12/Jan/2018:06:13:03 +0100] "GET /?UnsettledIntroductory HTTP/1.1" 200 3559 "https://senseis.xmp.net/?IntroductionToLifeAndDeath" "Mozilla/5.0 (iPad; CPU OS 11_2_2 like Mac OS X) AppleWebKit/604.4.7 (KHTML, like Gecko) Version/11.0 Mobile/15C202 Safari/604.1"
122.44.163.175 - - [12/Jan/2018:06:13:05 +0100] "GET /?KoreanGoTerms HTTP/1.1" 304 377 "http://www.cyberoro.com/column/column_view.oro?group=42&div=87&column_no=5470&pageNo=5&m_div=A4" "Mozilla/5.0 (Windows NT 6.1; Win64; x64) AppleWebKit/537.36 (KHTML, like Gecko) Chrome/63.0.3239.132 Safari/537.36"
122.44.163.175 - - [12/Jan/2018:06:13:11 +0100] "GET /?Resign HTTP/1.1" 200 3043 "https://senseis.xmp.net/?KoreanGoTerms" "Mozilla/5.0 (Windows NT 6.1; Win64; x64) AppleWebKit/537.36 (KHTML, like Gecko) Chrome/63.0.3239.132 Safari/537.36"
71.126.173.72 - - [12/Jan/2018:06:13:12 +0100] "GET /?IntroductionToLifeAndDeath HTTP/1.1" 304 377 "https://senseis.xmp.net/?UnsettledIntroductory" "Mozilla/5.0 (iPad; CPU OS 11_2_2 like Mac OS X) AppleWebKit/604.4.7 (KHTML, like Gecko) Version/11.0 Mobile/15C202 Safari/604.1"
46.229.168.73 - - [12/Jan/2018:06:13:12 +0100] "GET /?GoPlacesInEurope HTTP/1.1" 200 13678 "-" "Mozilla/5.0 (compatible; SemrushBot/1.2~bl; +http://www.semrush.com/bot.html)"
99.118.1.110 - - [12/Jan/2018:06:13:13 +0100] "GET /?PlatinumDragon%2FBoardsThatHaveTengenAsBestStartingMove HTTP/1.1" 200 5359 "https://senseis.xmp.net/?Why19x19" "Mozilla/5.0 (Windows NT 6.1; Win64; x64) AppleWebKit/537.36 (KHTML, like Gecko) Chrome/63.0.3239.132 Safari/537.36"
71.126.173.72 - - [12/Jan/2018:06:13:15 +0100] "GET /?AliveIntroductory HTTP/1.1" 200 3918 "https://senseis.xmp.net/?IntroductionToLifeAndDeath" "Mozilla/5.0 (iPad; CPU OS 11_2_2 like Mac OS X) AppleWebKit/604.4.7 (KHTML, like Gecko) Version/11.0 Mobile/15C202 Safari/604.1"
71.126.173.72 - - [12/Jan/2018:06:13:23 +0100] "GET /?IntroductionToLifeAndDeath HTTP/1.1" 304 377 "https://senseis.xmp.net/?AliveIntroductory" "Mozilla/5.0 (iPad; CPU OS 11_2_2 like Mac OS X) AppleWebKit/604.4.7 (KHTML, like Gecko) Version/11.0 Mobile/15C202 Safari/604.1"
71.126.173.72 - - [12/Jan/2018:06:13:25 +0100] "GET /?IntroExercise5 HTTP/1.1" 304 224 "https://senseis.xmp.net/?IntroductionToLifeAndDeath" "Mozilla/5.0 (iPad; CPU OS 11_2_2 like Mac OS X) AppleWebKit/604.4.7 (KHTML, like Gecko) Version/11.0 Mobile/15C202 Safari/604.1"
71.126.173.72 - - [12/Jan/2018:06:13:28 +0100] "GET /?IntroExercise5%2FAnswer HTTP/1.1" 304 224 "https://senseis.xmp.net/?IntroExercise5" "Mozilla/5.0 (iPad; CPU OS 11_2_2 like Mac OS X) AppleWebKit/604.4.7 (KHTML, like Gecko) Version/11.0 Mobile/15C202 Safari/604.1"
71.126.173.72 - - [12/Jan/2018:06:13:31 +0100] "GET /?IntroExercise6 HTTP/1.1" 304 224 "https://senseis.xmp.net/?IntroExercise5%2FAnswer" "Mozilla/5.0 (iPad; CPU OS 11_2_2 like Mac OS X) AppleWebKit/604.4.7 (KHTML, like Gecko) Version/11.0 Mobile/15C202 Safari/604.1"
40.77.167.7 - - [12/Jan/2018:06:13:36 +0100] "GET /?Wariuchi HTTP/1.1" 304 3879 "-" "Mozilla/5.0 (compatible; bingbot/2.0; +http://www.bing.com/bingbot.htm)"
70.44.23.48 - - [12/Jan/2018:06:13:37 +0100] "GET /?BewareOfGoingBackToPatchUp HTTP/1.1" 200 4025 "https://senseis.xmp.net/?GoProverbs" "Mozilla/5.0 (Linux; Android 5.0.2; SM-S906L Build/LRX22G) AppleWebKit/537.36 (KHTML, like Gecko) Chrome/63.0.3239.111 Mobile Safari/537.36"
71.126.173.72 - - [12/Jan/2018:06:13:40 +0100] "GET /?IntroExercise6%2FAnswer HTTP/1.1" 304 377 "https://senseis.xmp.net/?IntroExercise6" "Mozilla/5.0 (iPad; CPU OS 11_2_2 like Mac OS X) AppleWebKit/604.4.7 (KHTML, like Gecko) Version/11.0 Mobile/15C202 Safari/604.1"
40.77.167.54 - - [12/Jan/2018:06:13:41 +0100] "GET /?namesforgoinotherlanguages HTTP/1.1" 200 7437 "-" "Mozilla/5.0 (iPhone; CPU iPhone OS 7_0 like Mac OS X) AppleWebKit/537.51.1 (KHTML, like Gecko) Version/7.0 Mobile/11A465 Safari/9537.53 (compatible; bingbot/2.0; +http://www.bing.com/bingbot.htm)"
40.77.167.54 - - [12/Jan/2018:06:13:42 +0100] "GET /?FemaleKisei HTTP/1.1" 200 6756 "-" "Mozilla/5.0 (iPhone; CPU iPhone OS 7_0 like Mac OS X) AppleWebKit/537.51.1 (KHTML, like Gecko) Version/7.0 Mobile/11A465 Safari/9537.53 (compatible; bingbot/2.0; +http://www.bing.com/bingbot.htm)"
107.219.122.121 - - [12/Jan/2018:06:13:43 +0100] "GET /?Etiquette HTTP/1.1" 200 7106 "https://senseis.xmp.net/?SanziPu" "Mozilla/5.0 (X11; Ubuntu; Linux x86_64; rv:57.0) Gecko/20100101 Firefox/57.0"
46.229.168.78 - - [12/Jan/2018:06:13:44 +0100] "GET /?Huofkgs HTTP/1.1" 200 9657 "-" "Mozilla/5.0 (compatible; SemrushBot/1.2~bl; +http://www.semrush.com/bot.html)"
68.180.230.239 - - [12/Jan/2018:06:13:48 +0100] "GET /?andyliu:v2 HTTP/1.1" 304 3386 "-" "Mozilla/5.0 (compatible; Yahoo! Slurp; http://help.yahoo.com/help/us/ysearch/slurp)"
66.249.83.220 - - [12/Jan/2018:06:13:49 +0100] "GET / HTTP/1.1" 200 6841 "-" "Mozilla/5.0 (X11; Linux x86_64) AppleWebKit/537.36 (KHTML, like Gecko) Chrome/49.0.2623.75 Safari/537.36 Google Favicon"
71.126.173.72 - - [12/Jan/2018:06:13:49 +0100] "GET /?IntroExercise7 HTTP/1.1" 304 377 "https://senseis.xmp.net/?IntroExercise6%2FAnswer" "Mozilla/5.0 (iPad; CPU OS 11_2_2 like Mac OS X) AppleWebKit/604.4.7 (KHTML, like Gecko) Version/11.0 Mobile/15C202 Safari/604.1"
207.107.159.62 - - [12/Jan/2018:06:13:51 +0100] "GET /?OtherGamesConsideredUnprogrammable HTTP/1.1" 200 13547 "https://www.google.ca/" "Mozilla/5.0 (Windows NT 10.0; Win64; x64; rv:57.0) Gecko/20100101 Firefox/57.0"
207.107.159.62 - - [12/Jan/2018:06:13:52 +0100] "GET /favicon.ico HTTP/1.1" 200 646 "-" "Mozilla/5.0 (Windows NT 10.0; Win64; x64; rv:57.0) Gecko/20100101 Firefox/57.0"
107.219.122.121 - - [12/Jan/2018:06:13:53 +0100] "GET /?AskTheStrongerPlayerForAGame HTTP/1.1" 200 8325 "https://senseis.xmp.net/?Etiquette" "Mozilla/5.0 (X11; Ubuntu; Linux x86_64; rv:57.0) Gecko/20100101 Firefox/57.0"
174.255.197.183 - - [12/Jan/2018:06:13:53 +0100] "GET /?MarkIIKobayashiFormation HTTP/1.1" 304 377 "https://online-go.com/play" "Mozilla/5.0 (Linux; Android 7.1.1; Z899VL Build/NMF26V) AppleWebKit/537.36 (KHTML, like Gecko) Chrome/63.0.3239.111 Mobile Safari/537.36"
71.126.173.72 - - [12/Jan/2018:06:13:56 +0100] "GET /?IntroExercise7%2FAnswer HTTP/1.1" 304 377 "https://senseis.xmp.net/?IntroExercise7" "Mozilla/5.0 (iPad; CPU OS 11_2_2 like Mac OS X) AppleWebKit/604.4.7 (KHTML, like Gecko) Version/11.0 Mobile/15C202 Safari/604.1"
207.107.159.62 - - [12/Jan/2018:06:13:56 +0100] "GET /?ComputerGoProgramming HTTP/1.1" 200 6084 "https://senseis.xmp.net/?OtherGamesConsideredUnprogrammable" "Mozilla/5.0 (Windows NT 10.0; Win64; x64; rv:57.0) Gecko/20100101 Firefox/57.0"
35.205.235.152 - - [12/Jan/2018:06:14:01 +0100] "GET /favicon.ico HTTP/1.1" 200 3627 "-" "Slack-ImgProxy (+https://api.slack.com/robots)"
71.126.173.72 - - [12/Jan/2018:06:14:03 +0100] "GET /?IntroExercise8 HTTP/1.1" 200 3021 "https://senseis.xmp.net/?IntroExercise7%2FAnswer" "Mozilla/5.0 (iPad; CPU OS 11_2_2 like Mac OS X) AppleWebKit/604.4.7 (KHTML, like Gecko) Version/11.0 Mobile/15C202 Safari/604.1"
207.107.159.62 - - [12/Jan/2018:06:14:07 +0100] "GET /?ComplexityOfGo HTTP/1.1" 200 6399 "https://senseis.xmp.net/?ComputerGoProgramming" "Mozilla/5.0 (Windows NT 10.0; Win64; x64; rv:57.0) Gecko/20100101 Firefox/57.0"
46.229.168.78 - - [12/Jan/2018:06:14:09 +0100] "GET /?Huofkgs HTTP/1.1" 200 9657 "-" "Mozilla/5.0 (compatible; SemrushBot/1.2~bl; +http://www.semrush.com/bot.html)"
107.219.122.121 - - [12/Jan/2018:06:14:11 +0100] "GET /?HowToResign HTTP/1.1" 200 4134 "https://senseis.xmp.net/?Etiquette" "Mozilla/5.0 (X11; Ubuntu; Linux x86_64; rv:57.0) Gecko/20100101 Firefox/57.0"
207.107.159.62 - - [12/Jan/2018:06:14:14 +0100] "GET /?OtherGamesConsideredUnprogrammable HTTP/1.1" 304 377 "https://www.google.ca/" "Mozilla/5.0 (Windows NT 10.0; Win64; x64; rv:57.0) Gecko/20100101 Firefox/57.0"
213.180.203.2 - - [12/Jan/2018:06:14:17 +0100] "GET /?Referee HTTP/1.1" 200 6265 "-" "Mozilla/5.0 (compatible; YandexBot/3.0; +http://yandex.com/bots)"
46.229.168.74 - - [12/Jan/2018:06:14:19 +0100] "GET /?forum=44PointLowApproachOneSpaceLowPincerKeimaJump HTTP/1.1" 200 5305 "-" "Mozilla/5.0 (compatible; SemrushBot/1.2~bl; +http://www.semrush.com/bot.html)"
35.192.107.155 - - [12/Jan/2018:06:14:22 +0100] "GET /?GoPlacesInTheUSA= HTTP/1.1" 404 3954 "-" "Mozilla/5.0 (iPhone; CPU iPhone OS 8_3 like Mac OS X) AppleWebKit/600.1.4 (KHTML, like Gecko) Version/8.0 Mobile/12F70 Safari/600.1.4 (compatible; Laserlikebot/0.1)"
35.192.107.155 - - [12/Jan/2018:06:14:22 +0100] "GET /?JosekiEveryDDKShouldKnow= HTTP/1.1" 404 3962 "-" "Mozilla/5.0 (iPhone; CPU iPhone OS 8_3 like Mac OS X) AppleWebKit/600.1.4 (KHTML, like Gecko) Version/8.0 Mobile/12F70 Safari/600.1.4 (compatible; Laserlikebot/0.1)"
71.126.173.72 - - [12/Jan/2018:06:14:23 +0100] "GET /?IntroExercise8%2FAnswer HTTP/1.1" 200 3309 "https://senseis.xmp.net/?IntroExercise8" "Mozilla/5.0 (iPad; CPU OS 11_2_2 like Mac OS X) AppleWebKit/604.4.7 (KHTML, like Gecko) Version/11.0 Mobile/15C202 Safari/604.1"
46.229.168.67 - - [12/Jan/2018:06:14:25 +0100] "GET /?forum=GoWorldArchive HTTP/1.1" 200 5145 "-" "Mozilla/5.0 (compatible; SemrushBot/1.2~bl; +http://www.semrush.com/bot.html)"
107.219.122.121 - - [12/Jan/2018:06:14:30 +0100] "GET /?AnalyseTheGame HTTP/1.1" 200 7377 "https://senseis.xmp.net/?Etiquette" "Mozilla/5.0 (X11; Ubuntu; Linux x86_64; rv:57.0) Gecko/20100101 Firefox/57.0"
107.219.122.121 - - [12/Jan/2018:06:14:32 +0100] "GET /?ThankingYourOpponentAfterTheGame HTTP/1.1" 200 2965 "https://senseis.xmp.net/?Etiquette" "Mozilla/5.0 (X11; Ubuntu; Linux x86_64; rv:57.0) Gecko/20100101 Firefox/57.0"
201.76.249.197 - - [12/Jan/2018:06:14:34 +0100] "GET /?StarPoint HTTP/1.1" 200 7301 "https://www.google.com.br/" "Mozilla/5.0 (Windows NT 10.0; Win64; x64) AppleWebKit/537.36 (KHTML, like Gecko) Chrome/62.0.3202.94 Safari/537.36 OPR/49.0.2725.64"
66.249.64.201 - - [12/Jan/2018:06:14:36 +0100] "GET /?StudyingProfessionalGames HTTP/1.1" 200 7768 "-" "Mozilla/5.0 (compatible; Googlebot/2.1; +http://www.google.com/bot.html)"
46.229.168.78 - - [12/Jan/2018:06:14:38 +0100] "GET /?Huofkgs HTTP/1.1" 200 9657 "-" "Mozilla/5.0 (compatible; SemrushBot/1.2~bl; +http://www.semrush.com/bot.html)"
5.9.112.6 - - [12/Jan/2018:06:14:39 +0100] "GET /?JohnBarrs HTTP/1.1" 200 10506 "-" "Mozilla/5.0 (Windows NT 5.1; rv:21.0) Gecko/20100101 Firefox/21.0"
46.229.168.67 - - [12/Jan/2018:06:14:40 +0100] "GET /?forum=GoWorldArchive HTTP/1.1" 200 5145 "-" "Mozilla/5.0 (compatible; SemrushBot/1.2~bl; +http://www.semrush.com/bot.html)"
106.11.153.253 - - [12/Jan/2018:06:14:55 +0100] "GET /?related=NiLinqiang/Discussion HTTP/1.1" 403 2529 "-" "YisouSpider"
46.229.168.67 - - [12/Jan/2018:06:14:59 +0100] "GET /?forum=GoWorldArchive HTTP/1.1" 200 5145 "-" "Mozilla/5.0 (compatible; SemrushBot/1.2~bl; +http://www.semrush.com/bot.html)"
46.229.168.65 - - [12/Jan/2018:06:15:04 +0100] "GET /?SidePattern44And44 HTTP/1.1" 200 7465 "-" "Mozilla/5.0 (compatible; SemrushBot/1.2~bl; +http://www.semrush.com/bot.html)"
46.229.168.65 - - [12/Jan/2018:06:15:12 +0100] "GET /?forum=KyuExercise182 HTTP/1.1" 200 5225 "-" "Mozilla/5.0 (compatible; SemrushBot/1.2~bl; +http://www.semrush.com/bot.html)"
46.229.168.68 - - [12/Jan/2018:06:15:17 +0100] "GET /?forum=GokyoShumyoSection4Problem42 HTTP/1.1" 200 5273 "-" "Mozilla/5.0 (compatible; SemrushBot/1.2~bl; +http://www.semrush.com/bot.html)"
46.229.168.65 - - [12/Jan/2018:06:15:18 +0100] "GET /?SidePattern44And44 HTTP/1.1" 200 7465 "-" "Mozilla/5.0 (compatible; SemrushBot/1.2~bl; +http://www.semrush.com/bot.html)"
46.229.168.68 - - [12/Jan/2018:06:15:26 +0100] "GET /?forum=GokyoShumyoSection4Problem42 HTTP/1.1" 200 5273 "-" "Mozilla/5.0 (compatible; SemrushBot/1.2~bl; +http://www.semrush.com/bot.html)"
71.126.173.72 - - [12/Jan/2018:06:15:28 +0100] "GET /?IntroExercise9 HTTP/1.1" 200 3019 "https://senseis.xmp.net/?IntroExercise8%2FAnswer" "Mozilla/5.0 (iPad; CPU OS 11_2_2 like Mac OS X) AppleWebKit/604.4.7 (KHTML, like Gecko) Version/11.0 Mobile/15C202 Safari/604.1"
40.77.167.54 - - [12/Jan/2018:06:15:32 +0100] "GET /?PositionalJudgement1 HTTP/1.1" 200 10219 "-" "Mozilla/5.0 (iPhone; CPU iPhone OS 7_0 like Mac OS X) AppleWebKit/537.51.1 (KHTML, like Gecko) Version/7.0 Mobile/11A465 Safari/9537.53 (compatible; bingbot/2.0; +http://www.bing.com/bingbot.htm)"
40.77.167.80 - - [12/Jan/2018:06:15:33 +0100] "GET /?forum=LongLGroup HTTP/1.1" 200 6032 "-" "Mozilla/5.0 (compatible; bingbot/2.0; +http://www.bing.com/bingbot.htm)"
46.229.168.79 - - [12/Jan/2018:06:15:35 +0100] "GET /?DoNotCreateTwoWeakGroups HTTP/1.1" 200 6537 "-" "Mozilla/5.0 (compatible; SemrushBot/1.2~bl; +http://www.semrush.com/bot.html)"
71.126.173.72 - - [12/Jan/2018:06:15:35 +0100] "GET /?IntroExercise9%2FAnswer HTTP/1.1" 200 3063 "https://senseis.xmp.net/?IntroExercise9" "Mozilla/5.0 (iPad; CPU OS 11_2_2 like Mac OS X) AppleWebKit/604.4.7 (KHTML, like Gecko) Version/11.0 Mobile/15C202 Safari/604.1"
46.229.168.65 - - [12/Jan/2018:06:15:39 +0100] "GET /?SidePattern44And44 HTTP/1.1" 200 7465 "-" "Mozilla/5.0 (compatible; SemrushBot/1.2~bl; +http://www.semrush.com/bot.html)"
107.219.122.121 - - [12/Jan/2018:06:15:42 +0100] "GET /?LetTheMostRespectedPlayerSitInTheBetterPlace HTTP/1.1" 200 4822 "https://senseis.xmp.net/?Etiquette" "Mozilla/5.0 (X11; Ubuntu; Linux x86_64; rv:57.0) Gecko/20100101 Firefox/57.0"
46.229.168.79 - - [12/Jan/2018:06:15:45 +0100] "GET /?DoNotCreateTwoWeakGroups HTTP/1.1" 200 6537 "-" "Mozilla/5.0 (compatible; SemrushBot/1.2~bl; +http://www.semrush.com/bot.html)"
54.36.148.252 - - [12/Jan/2018:06:15:48 +0100] "GET /?topic=2131 HTTP/1.1" 200 6073 "-" "Mozilla/5.0 (compatible; AhrefsBot/5.2; +http://ahrefs.com/robot/)"
213.180.203.2 - - [12/Jan/2018:06:15:54 +0100] "GET /?Wme HTTP/1.1" 200 7691 "-" "Mozilla/5.0 (compatible; YandexBot/3.0; +http://yandex.com/bots)"
46.229.168.80 - - [12/Jan/2018:06:15:59 +0100] "GET /?Origamika HTTP/1.1" 200 5193 "-" "Mozilla/5.0 (compatible; SemrushBot/1.2~bl; +http://www.semrush.com/bot.html)"
71.126.173.72 - - [12/Jan/2018:06:16:13 +0100] "GET /?IntroExercise10 HTTP/1.1" 200 5873 "https://senseis.xmp.net/?IntroExercise9%2FAnswer" "Mozilla/5.0 (iPad; CPU OS 11_2_2 like Mac OS X) AppleWebKit/604.4.7 (KHTML, like Gecko) Version/11.0 Mobile/15C202 Safari/604.1"
46.229.168.79 - - [12/Jan/2018:06:16:18 +0100] "GET /?ShikatsuMyokiTsumegoSeries161 HTTP/1.1" 200 5753 "-" "Mozilla/5.0 (compatible; SemrushBot/1.2~bl; +http://www.semrush.com/bot.html)"
54.36.148.119 - - [12/Jan/2018:06:16:20 +0100] "GET /?116WWNotcher HTTP/1.1" 200 5840 "-" "Mozilla/5.0 (compatible; AhrefsBot/5.2; +http://ahrefs.com/robot/)"
54.36.148.101 - - [12/Jan/2018:06:16:23 +0100] "GET /?forum=BeginnerExercise54 HTTP/1.1" 200 5413 "-" "Mozilla/5.0 (compatible; AhrefsBot/5.2; +http://ahrefs.com/robot/)"
107.219.122.121 - - [12/Jan/2018:06:16:24 +0100] "GET /?Nigiri HTTP/1.1" 200 5575 "https://senseis.xmp.net/?Etiquette" "Mozilla/5.0 (X11; Ubuntu; Linux x86_64; rv:57.0) Gecko/20100101 Firefox/57.0"
46.229.168.80 - - [12/Jan/2018:06:16:25 +0100] "GET /?forum=WildCardGo HTTP/1.1" 200 5145 "-" "Mozilla/5.0 (compatible; SemrushBot/1.2~bl; +http://www.semrush.com/bot.html)"
68.180.230.239 - - [12/Jan/2018:06:16:25 +0100] "GET /?TakaoShinji HTTP/1.1" 304 3386 "-" "Mozilla/5.0 (compatible; Yahoo! Slurp; http://help.yahoo.com/help/us/ysearch/slurp)"
54.36.148.18 - - [12/Jan/2018:06:16:26 +0100] "GET /?ConventionalWisdom HTTP/1.1" 200 6374 "-" "Mozilla/5.0 (compatible; AhrefsBot/5.2; +http://ahrefs.com/robot/)"
54.36.148.177 - - [12/Jan/2018:06:16:28 +0100] "GET /?forum=LibertyTacticalSense HTTP/1.1" 200 5232 "-" "Mozilla/5.0 (compatible; AhrefsBot/5.2; +http://ahrefs.com/robot/)"
71.126.173.72 - - [12/Jan/2018:06:16:29 +0100] "GET /?IntroExercise10%2FAnswer HTTP/1.1" 200 3358 "https://senseis.xmp.net/?IntroExercise10" "Mozilla/5.0 (iPad; CPU OS 11_2_2 like Mac OS X) AppleWebKit/604.4.7 (KHTML, like Gecko) Version/11.0 Mobile/15C202 Safari/604.1"
162.156.164.12 - - [12/Jan/2018:06:16:32 +0100] "GET /?ListOfKoreanNames HTTP/1.1" 200 13664 "https://www.google.ca/" "Mozilla/5.0 (iPhone; CPU iPhone OS 11_2_2 like Mac OS X) AppleWebKit/604.1.34 (KHTML, like Gecko) CriOS/63.0.3239.73 Mobile/15C202 Safari/604.1"
162.156.164.12 - - [12/Jan/2018:06:16:35 +0100] "GET /favicon.ico?ListOfKoreanNames HTTP/1.1" 200 3874 "-" "Mozilla/5.0 (iPhone; CPU iPhone OS 11_2_2 like Mac OS X) AppleWebKit/604.1.34 (KHTML, like Gecko) CriOS/63.0.3239.73 Mobile/15C202 Safari/604.1"
66.249.64.201 - - [12/Jan/2018:06:16:36 +0100] "GET /?L2Group HTTP/1.1" 200 10184 "-" "Mozilla/5.0 (compatible; Googlebot/2.1; +http://www.google.com/bot.html)"
46.229.168.79 - - [12/Jan/2018:06:16:38 +0100] "GET /?ShikatsuMyokiTsumegoSeries161 HTTP/1.1" 200 5753 "-" "Mozilla/5.0 (compatible; SemrushBot/1.2~bl; +http://www.semrush.com/bot.html)"
46.229.168.71 - - [12/Jan/2018:06:16:46 +0100] "GET /?forum=Mad12 HTTP/1.1" 200 5145 "-" "Mozilla/5.0 (compatible; SemrushBot/1.2~bl; +http://www.semrush.com/bot.html)"
68.190.213.138 - - [12/Jan/2018:06:16:49 +0100] "GET /?IshiPress HTTP/1.1" 200 8152 "-" "Mozilla/5.0 (Macintosh; Intel Mac OS X 10_12_6) AppleWebKit/604.4.7 (KHTML, like Gecko)"
