40.77.167.54 - - [12/Jan/2018:06:31:50 +0100] "GET /?NaturalStonePlacement HTTP/1.1" 200 10314 "-" "Mozilla/5.0 (iPhone; CPU iPhone OS 7_0 like Mac OS X) AppleWebKit/537.51.1 (KHTML, like Gecko) Version/7.0 Mobile/11A465 Safari/9537.53 (compatible; bingbot/2.0; +http://www.bing.com/bingbot.htm)"
89.141.194.72 - - [12/Jan/2018:06:31:53 +0100] "GET /?BentFour HTTP/1.1" 200 4297 "-" "Mozilla/5.0 (iPad; CPU OS 10_3_3 like Mac OS X) AppleWebKit/603.3.8 (KHTML, like Gecko) Version/10.0 Mobile/14G60 Safari/602.1"
40.77.167.54 - - [12/Jan/2018:06:31:55 +0100] "GET /?gogameassistant HTTP/1.1" 200 6710 "-" "Mozilla/5.0 (iPhone; CPU iPhone OS 7_0 like Mac OS X) AppleWebKit/537.51.1 (KHTML, like Gecko) Version/7.0 Mobile/11A465 Safari/9537.53 (compatible; bingbot/2.0; +http://www.bing.com/bingbot.htm)"
40.77.167.7 - - [12/Jan/2018:06:32:00 +0100] "GET /?PerceivingTheDirectionOfPlay HTTP/1.1" 200 7715 "-" "Mozilla/5.0 (compatible; bingbot/2.0; +http://www.bing.com/bingbot.htm)"
46.229.168.71 - - [12/Jan/2018:06:32:07 +0100] "GET /?MiyamotoYoshihisa HTTP/1.1" 200 5417 "-" "Mozilla/5.0 (compatible; SemrushBot/1.2~bl; +http://www.semrush.com/bot.html)"
40.77.167.54 - - [12/Jan/2018:06:32:10 +0100] "GET /?HermanHiddema%2FReverseButtonGo HTTP/1.1" 200 8102 "-" "Mozilla/5.0 (compatible; bingbot/2.0; +http://www.bing.com/bingbot.htm)"
89.141.194.72 - - [12/Jan/2018:06:32:12 +0100] "GET /?ButterflySeven HTTP/1.1" 200 4456 "-" "Mozilla/5.0 (iPad; CPU OS 10_3_3 like Mac OS X) AppleWebKit/603.3.8 (KHTML, like Gecko) Version/10.0 Mobile/14G60 Safari/602.1"
46.229.168.71 - - [12/Jan/2018:06:32:17 +0100] "GET /?MiyamotoYoshihisa HTTP/1.1" 200 5417 "-" "Mozilla/5.0 (compatible; SemrushBot/1.2~bl; +http://www.semrush.com/bot.html)"
54.36.148.79 - - [12/Jan/2018:06:32:24 +0100] "GET /?forum=YoHo HTTP/1.1" 200 5207 "-" "Mozilla/5.0 (compatible; AhrefsBot/5.2; +http://ahrefs.com/robot/)"
46.229.168.76 - - [12/Jan/2018:06:32:32 +0100] "GET /?benjimin HTTP/1.1" 200 5257 "-" "Mozilla/5.0 (compatible; SemrushBot/1.2~bl; +http://www.semrush.com/bot.html)"
66.249.64.205 - - [12/Jan/2018:06:32:37 +0100] "GET /?topic=3146 HTTP/1.1" 200 6859 "-" "Mozilla/5.0 (compatible; Googlebot/2.1; +http://www.google.com/bot.html)"
40.77.167.80 - - [12/Jan/2018:06:32:52 +0100] "GET /?topic=3107 HTTP/1.1" 200 7382 "-" "Mozilla/5.0 (compatible; bingbot/2.0; +http://www.bing.com/bingbot.htm)"
68.180.230.239 - - [12/Jan/2018:06:32:52 +0100] "GET /?pashley HTTP/1.1" 304 3386 "-" "Mozilla/5.0 (compatible; Yahoo! Slurp; http://help.yahoo.com/help/us/ysearch/slurp)"
114.109.32.62 - - [12/Jan/2018:06:32:53 +0100] "GET /?Invasion HTTP/1.1" 304 3452 "https://senseis.xmp.net/?OpeningTheoryMadeEasy" "Mozilla/5.0 (Linux; Android 7.0; SAMSUNG SM-G920I Build/NRD90M) AppleWebKit/537.36 (KHTML, like Gecko) SamsungBrowser/6.2 Chrome/56.0.2924.87 Mobile Safari/537.36"
120.151.176.211 - - [12/Jan/2018:06:33:00 +0100] "GET /?Yunzi%2Fdiscussion HTTP/1.1" 200 14774 "https://www.google.com.au/" "Mozilla/5.0 (Windows NT 10.0; Win64; x64; rv:57.0) Gecko/20100101 Firefox/57.0"
54.36.148.138 - - [12/Jan/2018:06:33:03 +0100] "GET /?forum=GetStrongAtCheating HTTP/1.1" 200 5228 "-" "Mozilla/5.0 (compatible; AhrefsBot/5.2; +http://ahrefs.com/robot/)"
120.151.176.211 - - [12/Jan/2018:06:33:04 +0100] "GET /favicon.ico HTTP/1.1" 200 646 "-" "Mozilla/5.0 (Windows NT 10.0; Win64; x64; rv:57.0) Gecko/20100101 Firefox/57.0"
40.77.167.7 - - [12/Jan/2018:06:33:05 +0100] "GET /?StrategicConceptsOfGo HTTP/1.1" 200 7742 "-" "Mozilla/5.0 (iPhone; CPU iPhone OS 7_0 like Mac OS X) AppleWebKit/537.51.1 (KHTML, like Gecko) Version/7.0 Mobile/11A465 Safari/9537.53 (compatible; bingbot/2.0; +http://www.bing.com/bingbot.htm)"
46.229.168.71 - - [12/Jan/2018:06:33:07 +0100] "GET /?100TippsFuerAmateure HTTP/1.1" 200 6073 "-" "Mozilla/5.0 (compatible; SemrushBot/1.2~bl; +http://www.semrush.com/bot.html)"
114.109.32.62 - - [12/Jan/2018:06:33:10 +0100] "GET /favicon.ico HTTP/1.1" 200 799 "https://senseis.xmp.net/?Invasion" "Mozilla/5.0 (Linux; Android 7.0; SAMSUNG SM-G920I Build/NRD90M) AppleWebKit/537.36 (KHTML, like Gecko) SamsungBrowser/6.2 Chrome/56.0.2924.87 Mobile Safari/537.36"
46.229.168.66 - - [12/Jan/2018:06:33:15 +0100] "GET /?HoenShinpo HTTP/1.1" 200 6073 "-" "Mozilla/5.0 (compatible; SemrushBot/1.2~bl; +http://www.semrush.com/bot.html)"
46.229.168.71 - - [12/Jan/2018:06:33:16 +0100] "GET /?100TippsFuerAmateure HTTP/1.1" 200 6073 "-" "Mozilla/5.0 (compatible; SemrushBot/1.2~bl; +http://www.semrush.com/bot.html)"
46.229.168.79 - - [12/Jan/2018:06:33:17 +0100] "GET /?MadnessAndChess HTTP/1.1" 200 12254 "-" "Mozilla/5.0 (compatible; SemrushBot/1.2~bl; +http://www.semrush.com/bot.html)"
106.11.157.250 - - [12/Jan/2018:06:33:25 +0100] "GET /?edit=Velobici&section=17 HTTP/1.1" 403 2449 "-" "YisouSpider"
51.255.71.128 - - [12/Jan/2018:06:33:31 +0100] "GET /?GoStones HTTP/1.1" 200 8681 "-" "Mozilla/5.0 (compatible; AhrefsBot/5.2; +http://ahrefs.com/robot/)"
54.36.148.86 - - [12/Jan/2018:06:33:32 +0100] "GET /?IgoHatsuyoRonProblem78 HTTP/1.1" 200 6042 "-" "Mozilla/5.0 (compatible; AhrefsBot/5.2; +http://ahrefs.com/robot/)"
46.229.168.66 - - [12/Jan/2018:06:33:34 +0100] "GET /?HoenShinpo HTTP/1.1" 200 6073 "-" "Mozilla/5.0 (compatible; SemrushBot/1.2~bl; +http://www.semrush.com/bot.html)"
106.120.173.113 - - [12/Jan/2018:06:33:44 +0100] "GET /?Twixt HTTP/1.1" 200 11007 "-" "Sogou web spider/4.0(+http://www.sogou.com/docs/help/webmasters.htm#07)"
54.36.148.133 - - [12/Jan/2018:06:33:46 +0100] "GET /?ZenGoProgram HTTP/1.1" 200 7370 "-" "Mozilla/5.0 (compatible; AhrefsBot/5.2; +http://ahrefs.com/robot/)"
46.229.168.65 - - [12/Jan/2018:06:33:48 +0100] "GET /?forum=Bjoern HTTP/1.1" 200 5241 "-" "Mozilla/5.0 (compatible; SemrushBot/1.2~bl; +http://www.semrush.com/bot.html)"
46.229.168.66 - - [12/Jan/2018:06:33:49 +0100] "GET /?HoenShinpo HTTP/1.1" 200 6073 "-" "Mozilla/5.0 (compatible; SemrushBot/1.2~bl; +http://www.semrush.com/bot.html)"
54.36.148.187 - - [12/Jan/2018:06:33:58 +0100] "GET /?BayAreaHighSchoolGoTournament HTTP/1.1" 200 5947 "-" "Mozilla/5.0 (compatible; AhrefsBot/5.2; +http://ahrefs.com/robot/)"
46.229.168.65 - - [12/Jan/2018:06:34:01 +0100] "GET /?Trevoke HTTP/1.1" 200 5353 "-" "Mozilla/5.0 (compatible; SemrushBot/1.2~bl; +http://www.semrush.com/bot.html)"
46.229.168.65 - - [12/Jan/2018:06:34:05 +0100] "GET /?Trevoke HTTP/1.1" 200 5353 "-" "Mozilla/5.0 (compatible; SemrushBot/1.2~bl; +http://www.semrush.com/bot.html)"
213.180.203.2 - - [12/Jan/2018:06:34:05 +0100] "GET /?PMurphy HTTP/1.1" 200 5693 "-" "Mozilla/5.0 (compatible; YandexBot/3.0; +http://yandex.com/bots)"
58.110.174.21 - - [12/Jan/2018:06:33:59 +0100] "GET /?IljaShikshin HTTP/1.1" 200 7335 "-" "Mozilla/5.0 (Windows NT 6.3; Win64; x64) AppleWebKit/537.36 (KHTML, like Gecko) Chrome/58.0.3029.110 Safari/537.36"
46.229.168.73 - - [12/Jan/2018:06:34:03 +0100] "GET /?StrangeLivingShapes HTTP/1.1" 200 7641 "-" "Mozilla/5.0 (compatible; SemrushBot/1.2~bl; +http://www.semrush.com/bot.html)"
46.229.168.77 - - [12/Jan/2018:06:34:08 +0100] "GET /?IngPrize HTTP/1.1" 200 6713 "-" "Mozilla/5.0 (compatible; SemrushBot/1.2~bl; +http://www.semrush.com/bot.html)"
46.229.168.69 - - [12/Jan/2018:06:34:14 +0100] "GET /?topic=480 HTTP/1.1" 200 5865 "-" "Mozilla/5.0 (compatible; SemrushBot/1.2~bl; +http://www.semrush.com/bot.html)"
58.110.174.21 - - [12/Jan/2018:06:34:14 +0100] "GET /?IljaShikshin HTTP/1.1" 200 4260 "-" "Mozilla/5.0 (Windows NT 6.3; Win64; x64) AppleWebKit/537.36 (KHTML, like Gecko) Chrome/58.0.3029.110 Safari/537.36"
46.229.168.73 - - [12/Jan/2018:06:34:27 +0100] "GET /?StrangeLivingShapes HTTP/1.1" 200 7641 "-" "Mozilla/5.0 (compatible; SemrushBot/1.2~bl; +http://www.semrush.com/bot.html)"
46.229.168.77 - - [12/Jan/2018:06:34:32 +0100] "GET /?IngPrize HTTP/1.1" 200 6713 "-" "Mozilla/5.0 (compatible; SemrushBot/1.2~bl; +http://www.semrush.com/bot.html)"
46.229.168.66 - - [12/Jan/2018:06:34:33 +0100] "GET /?HighInvasionOfFourthLineThreeSpaceExtension HTTP/1.1" 200 8857 "-" "Mozilla/5.0 (compatible; SemrushBot/1.2~bl; +http://www.semrush.com/bot.html)"
46.229.168.65 - - [12/Jan/2018:06:34:36 +0100] "GET /?Trevoke HTTP/1.1" 200 5353 "-" "Mozilla/5.0 (compatible; SemrushBot/1.2~bl; +http://www.semrush.com/bot.html)"
66.249.64.205 - - [12/Jan/2018:06:34:36 +0100] "GET /?SqueezeTesujiInAction2 HTTP/1.1" 200 6302 "-" "Mozilla/5.0 (compatible; Googlebot/2.1; +http://www.google.com/bot.html)"
46.229.168.66 - - [12/Jan/2018:06:34:39 +0100] "GET /?HighInvasionOfFourthLineThreeSpaceExtension HTTP/1.1" 200 8857 "-" "Mozilla/5.0 (compatible; SemrushBot/1.2~bl; +http://www.semrush.com/bot.html)"
54.36.148.238 - - [12/Jan/2018:06:34:39 +0100] "GET /?Kake HTTP/1.1" 200 6134 "-" "Mozilla/5.0 (compatible; AhrefsBot/5.2; +http://ahrefs.com/robot/)"
68.180.230.239 - - [12/Jan/2018:06:34:46 +0100] "GET /?SenAiSen HTTP/1.1" 304 3386 "-" "Mozilla/5.0 (compatible; Yahoo! Slurp; http://help.yahoo.com/help/us/ysearch/slurp)"
46.229.168.73 - - [12/Jan/2018:06:34:53 +0100] "GET /?StrangeLivingShapes HTTP/1.1" 200 7641 "-" "Mozilla/5.0 (compatible; SemrushBot/1.2~bl; +http://www.semrush.com/bot.html)"
106.38.241.183 - - [12/Jan/2018:06:35:00 +0100] "GET /?topic=911 HTTP/1.1" 200 8430 "-" "Sogou web spider/4.0(+http://www.sogou.com/docs/help/webmasters.htm#07)"
129.65.216.192 - - [12/Jan/2018:06:35:04 +0100] "GET /?IllegalMove HTTP/1.1" 200 7519 "https://www.google.com/" "Mozilla/5.0 (Windows NT 10.0; Win64; x64) AppleWebKit/537.36 (KHTML, like Gecko) Chrome/63.0.3239.132 Safari/537.36"
129.65.216.192 - - [12/Jan/2018:06:35:05 +0100] "GET /favicon.ico HTTP/1.1" 200 646 "https://senseis.xmp.net/?IllegalMove" "Mozilla/5.0 (Windows NT 10.0; Win64; x64) AppleWebKit/537.36 (KHTML, like Gecko) Chrome/63.0.3239.132 Safari/537.36"
195.22.127.140 - - [12/Jan/2018:06:35:08 +0100] "GET /?positionsandgameson2x2 HTTP/1.1" 200 8986 "-" "Mozilla/5.0 (Windows NT 6.1) AppleWebKit/537.36 (KHTML, like Gecko) Chrome/41.0.2228.0 Safari/537.36"
46.229.168.76 - - [12/Jan/2018:06:35:08 +0100] "GET /?forum=SongsAboutGo HTTP/1.1" 200 5241 "-" "Mozilla/5.0 (compatible; SemrushBot/1.2~bl; +http://www.semrush.com/bot.html)"
46.229.168.70 - - [12/Jan/2018:06:35:10 +0100] "GET /?topic=65 HTTP/1.1" 200 7689 "-" "Mozilla/5.0 (compatible; SemrushBot/1.2~bl; +http://www.semrush.com/bot.html)"
58.110.174.21 - - [12/Jan/2018:06:35:14 +0100] "GET /?Rank HTTP/1.1" 200 4021 "https://www.google.com.au/" "Mozilla/5.0 (Windows NT 6.3; Win64; x64) AppleWebKit/537.36 (KHTML, like Gecko) Chrome/58.0.3029.110 Safari/537.36"
46.229.168.70 - - [12/Jan/2018:06:35:19 +0100] "GET /?topic=65 HTTP/1.1" 200 7689 "-" "Mozilla/5.0 (compatible; SemrushBot/1.2~bl; +http://www.semrush.com/bot.html)"
46.229.168.76 - - [12/Jan/2018:06:35:25 +0100] "GET /?forum=SongsAboutGo HTTP/1.1" 200 5241 "-" "Mozilla/5.0 (compatible; SemrushBot/1.2~bl; +http://www.semrush.com/bot.html)"
213.180.203.2 - - [12/Jan/2018:06:35:25 +0100] "GET /?44Point33InvasionJosekiHaneInsideCut%2FOtakeHideoVsSatoMasaharu HTTP/1.1" 200 8131 "-" "Mozilla/5.0 (compatible; YandexBot/3.0; +http://yandex.com/bots)"
40.77.167.7 - - [12/Jan/2018:06:35:30 +0100] "GET /?killyourselfingote HTTP/1.1" 200 7410 "-" "Mozilla/5.0 (iPhone; CPU iPhone OS 7_0 like Mac OS X) AppleWebKit/537.51.1 (KHTML, like Gecko) Version/7.0 Mobile/11A465 Safari/9537.53 (compatible; bingbot/2.0; +http://www.bing.com/bingbot.htm)"
46.229.168.73 - - [12/Jan/2018:06:35:37 +0100] "GET /?Hanedashi HTTP/1.1" 200 6617 "-" "Mozilla/5.0 (compatible; SemrushBot/1.2~bl; +http://www.semrush.com/bot.html)"
107.219.122.121 - - [12/Jan/2018:06:35:43 +0100] "GET /?RegulationFuseki HTTP/1.1" 200 8019 "https://senseis.xmp.net/?TheSanrenseiFiles" "Mozilla/5.0 (X11; Ubuntu; Linux x86_64; rv:57.0) Gecko/20100101 Firefox/57.0"
107.219.122.121 - - [12/Jan/2018:06:35:45 +0100] "GET /?OrthodoxFuseki HTTP/1.1" 200 6543 "https://senseis.xmp.net/?TheSanrenseiFiles" "Mozilla/5.0 (X11; Ubuntu; Linux x86_64; rv:57.0) Gecko/20100101 Firefox/57.0"
40.77.167.7 - - [12/Jan/2018:06:35:46 +0100] "GET /?OverviewOfFusekiPatterns HTTP/1.1" 200 7091 "-" "Mozilla/5.0 (iPhone; CPU iPhone OS 7_0 like Mac OS X) AppleWebKit/537.51.1 (KHTML, like Gecko) Version/7.0 Mobile/11A465 Safari/9537.53 (compatible; bingbot/2.0; +http://www.bing.com/bingbot.htm)"
54.36.149.64 - - [12/Jan/2018:06:35:59 +0100] "GET /?YuanlaoCup HTTP/1.1" 200 5476 "-" "Mozilla/5.0 (compatible; AhrefsBot/5.2; +http://ahrefs.com/robot/)"
68.180.230.239 - - [12/Jan/2018:06:36:01 +0100] "GET /?Doetsu HTTP/1.1" 304 3386 "-" "Mozilla/5.0 (compatible; Yahoo! Slurp; http://help.yahoo.com/help/us/ysearch/slurp)"
58.110.174.21 - - [12/Jan/2018:06:36:03 +0100] "GET /?Kyu HTTP/1.1" 200 3418 "https://senseis.xmp.net/?Rank" "Mozilla/5.0 (Windows NT 6.3; Win64; x64) AppleWebKit/537.36 (KHTML, like Gecko) Chrome/58.0.3029.110 Safari/537.36"
47.8.201.67 - - [12/Jan/2018:06:36:15 +0100] "GET /?ParallelLadders HTTP/1.1" 200 6112 "http://www.google.co.in/" "Mozilla/5.0 (Linux; Android 6.0; CPH1609 Build/MRA58K) AppleWebKit/537.36 (KHTML, like Gecko) Chrome/62.0.3202.84 Mobile Safari/537.36"
58.110.174.21 - - [12/Jan/2018:06:36:15 +0100] "GET /?RankAmateurAndProfessional HTTP/1.1" 200 2981 "https://senseis.xmp.net/?Rank" "Mozilla/5.0 (Windows NT 6.3; Win64; x64) AppleWebKit/537.36 (KHTML, like Gecko) Chrome/58.0.3029.110 Safari/537.36"
47.8.201.67 - - [12/Jan/2018:06:36:16 +0100] "GET /favicon.ico HTTP/1.1" 200 646 "https://senseis.xmp.net/?ParallelLadders" "Mozilla/5.0 (Linux; Android 6.0; CPH1609 Build/MRA58K) AppleWebKit/537.36 (KHTML, like Gecko) Chrome/62.0.3202.84 Mobile Safari/537.36"
46.229.168.74 - - [12/Jan/2018:06:36:17 +0100] "GET /?UCSantaCruzGOClub HTTP/1.1" 200 5753 "-" "Mozilla/5.0 (compatible; SemrushBot/1.2~bl; +http://www.semrush.com/bot.html)"
54.36.148.105 - - [12/Jan/2018:06:36:17 +0100] "GET /?IntermediateDistance HTTP/1.1" 200 7010 "-" "Mozilla/5.0 (compatible; AhrefsBot/5.2; +http://ahrefs.com/robot/)"
46.229.168.76 - - [12/Jan/2018:06:36:18 +0100] "GET /?DingShaojie HTTP/1.1" 200 5401 "-" "Mozilla/5.0 (compatible; SemrushBot/1.2~bl; +http://www.semrush.com/bot.html)"
47.8.201.67 - - [12/Jan/2018:06:36:20 +0100] "GET /?TaxonomyOfTechniques HTTP/1.1" 200 4489 "https://senseis.xmp.net/?ParallelLadders" "Mozilla/5.0 (Linux; Android 6.0; CPH1609 Build/MRA58K) AppleWebKit/537.36 (KHTML, like Gecko) Chrome/62.0.3202.84 Mobile Safari/537.36"
46.229.168.73 - - [12/Jan/2018:06:36:21 +0100] "GET /?forum=WooDongHa HTTP/1.1" 200 5145 "-" "Mozilla/5.0 (compatible; SemrushBot/1.2~bl; +http://www.semrush.com/bot.html)"
58.250.125.99 - - [12/Jan/2018:06:36:24 +0100] "GET /?WhatDoYouMean HTTP/1.1" 200 6227 "-" "Sogou web spider/4.0(+http://www.sogou.com/docs/help/webmasters.htm#07)"
58.110.174.21 - - [12/Jan/2018:06:36:30 +0100] "GET /?RankAndWhatYouKnow HTTP/1.1" 200 12105 "https://senseis.xmp.net/?Rank" "Mozilla/5.0 (Windows NT 6.3; Win64; x64) AppleWebKit/537.36 (KHTML, like Gecko) Chrome/58.0.3029.110 Safari/537.36"
68.180.230.239 - - [12/Jan/2018:06:36:32 +0100] "GET /?Tagaisen HTTP/1.1" 304 3386 "-" "Mozilla/5.0 (compatible; Yahoo! Slurp; http://help.yahoo.com/help/us/ysearch/slurp)"
40.77.167.80 - - [12/Jan/2018:06:36:34 +0100] "GET /?Djmj HTTP/1.1" 304 3879 "-" "Mozilla/5.0 (compatible; bingbot/2.0; +http://www.bing.com/bingbot.htm)"
46.229.168.68 - - [12/Jan/2018:06:36:35 +0100] "GET /?AllAboutJoseki HTTP/1.1" 200 7401 "-" "Mozilla/5.0 (compatible; SemrushBot/1.2~bl; +http://www.semrush.com/bot.html)"
66.249.64.203 - - [12/Jan/2018:06:36:37 +0100] "GET /?kobayashisatoru HTTP/1.1" 200 6730 "-" "Mozilla/5.0 (compatible; Googlebot/2.1; +http://www.google.com/bot.html)"
46.229.168.73 - - [12/Jan/2018:06:36:39 +0100] "GET /?forum=WooDongHa HTTP/1.1" 200 5145 "-" "Mozilla/5.0 (compatible; SemrushBot/1.2~bl; +http://www.semrush.com/bot.html)"
58.110.174.21 - - [12/Jan/2018:06:36:39 +0100] "GET /?RankWorldwideComparison HTTP/1.1" 200 8790 "https://senseis.xmp.net/?Rank" "Mozilla/5.0 (Windows NT 6.3; Win64; x64) AppleWebKit/537.36 (KHTML, like Gecko) Chrome/58.0.3029.110 Safari/537.36"
58.110.174.21 - - [12/Jan/2018:06:36:43 +0100] "GET /?RankAndWhatYouKnow HTTP/1.1" 304 377 "https://senseis.xmp.net/?Rank" "Mozilla/5.0 (Windows NT 6.3; Win64; x64) AppleWebKit/537.36 (KHTML, like Gecko) Chrome/58.0.3029.110 Safari/537.36"
46.229.168.68 - - [12/Jan/2018:06:36:50 +0100] "GET /?forum=CargoCultGo HTTP/1.1" 200 5145 "-" "Mozilla/5.0 (compatible; SemrushBot/1.2~bl; +http://www.semrush.com/bot.html)"
68.180.230.239 - - [12/Jan/2018:06:36:58 +0100] "GET /?forum=SenAiSen HTTP/1.1" 200 5476 "-" "Mozilla/5.0 (compatible; Yahoo! Slurp; http://help.yahoo.com/help/us/ysearch/slurp)"
107.219.122.121 - - [12/Jan/2018:06:37:05 +0100] "GET /?Style HTTP/1.1" 200 2968 "https://senseis.xmp.net/?CosmicStyle" "Mozilla/5.0 (X11; Ubuntu; Linux x86_64; rv:57.0) Gecko/20100101 Firefox/57.0"
107.219.122.121 - - [12/Jan/2018:06:37:14 +0100] "GET /?PracticeKageyamaStyle HTTP/1.1" 200 2742 "https://senseis.xmp.net/?Style" "Mozilla/5.0 (X11; Ubuntu; Linux x86_64; rv:57.0) Gecko/20100101 Firefox/57.0"
107.219.122.121 - - [12/Jan/2018:06:37:16 +0100] "GET /?Ladderproblemsandexercises HTTP/1.1" 200 3802 "https://senseis.xmp.net/?PracticeKageyamaStyle" "Mozilla/5.0 (X11; Ubuntu; Linux x86_64; rv:57.0) Gecko/20100101 Firefox/57.0"
213.180.203.2 - - [12/Jan/2018:06:37:25 +0100] "GET /?L2GroupWithDescent HTTP/1.1" 200 8560 "-" "Mozilla/5.0 (compatible; YandexBot/3.0; +http://yandex.com/bots)"
107.219.122.121 - - [12/Jan/2018:06:37:25 +0100] "GET /?HooliganStyle HTTP/1.1" 200 2890 "https://senseis.xmp.net/?Style" "Mozilla/5.0 (X11; Ubuntu; Linux x86_64; rv:57.0) Gecko/20100101 Firefox/57.0"
35.226.23.240 - - [12/Jan/2018:06:37:26 +0100] "GET /robots.txt HTTP/1.1" 200 2281 "-" "ltx71 - (http://ltx71.com/)"
213.180.203.2 - - [12/Jan/2018:06:37:27 +0100] "GET /?NoToLargeMoyo HTTP/1.1" 200 6564 "-" "Mozilla/5.0 (compatible; YandexBot/3.0; +http://yandex.com/bots)"
37.9.113.55 - - [12/Jan/2018:06:37:28 +0100] "GET /?10x10CornerGame1 HTTP/1.1" 200 8024 "-" "Mozilla/5.0 (compatible; YandexBot/3.0; +http://yandex.com/bots)"
213.180.203.2 - - [12/Jan/2018:06:37:29 +0100] "GET /?forum=ExternalAndInternalKo HTTP/1.1" 200 2355 "-" "Mozilla/5.0 (compatible; YandexBot/3.0; +http://yandex.com/bots)"
213.180.203.2 - - [12/Jan/2018:06:37:42 +0100] "GET /?RTGProblem22/Attempts HTTP/1.1" 200 6045 "-" "Mozilla/5.0 (compatible; YandexBot/3.0; +http://yandex.com/bots)"
213.180.203.2 - - [12/Jan/2018:06:37:43 +0100] "GET /?KubouchiShuchi HTTP/1.1" 200 3167 "-" "Mozilla/5.0 (compatible; YandexBot/3.0; +http://yandex.com/bots)"
46.229.168.70 - - [12/Jan/2018:06:37:47 +0100] "GET /?BQM146 HTTP/1.1" 200 6617 "-" "Mozilla/5.0 (compatible; SemrushBot/1.2~bl; +http://www.semrush.com/bot.html)"
107.219.122.121 - - [12/Jan/2018:06:37:50 +0100] "GET /?BadStyle HTTP/1.1" 200 3109 "https://senseis.xmp.net/?Style" "Mozilla/5.0 (X11; Ubuntu; Linux x86_64; rv:57.0) Gecko/20100101 Firefox/57.0"
58.110.174.21 - - [12/Jan/2018:06:37:50 +0100] "GET /?DifferencesBetweenAmateursAndBeginners HTTP/1.1" 200 5821 "https://senseis.xmp.net/?RankAndWhatYouKnow" "Mozilla/5.0 (Windows NT 6.3; Win64; x64) AppleWebKit/537.36 (KHTML, like Gecko) Chrome/58.0.3029.110 Safari/537.36"
213.180.203.2 - - [12/Jan/2018:06:37:50 +0100] "GET /?JosekiVolume2Strategy HTTP/1.1" 200 11037 "-" "Mozilla/5.0 (compatible; YandexBot/3.0; +http://yandex.com/bots)"
46.229.168.72 - - [12/Jan/2018:06:37:52 +0100] "GET /?forum=SealingAMove HTTP/1.1" 200 5145 "-" "Mozilla/5.0 (compatible; SemrushBot/1.2~bl; +http://www.semrush.com/bot.html)"
73.170.150.141 - - [12/Jan/2018:06:37:55 +0100] "GET / HTTP/1.1" 200 6856 "https://www.google.com/" "Mozilla/5.0 (Macintosh; Intel Mac OS X 10_12_6) AppleWebKit/537.36 (KHTML, like Gecko) Chrome/63.0.3239.84 Safari/537.36"
73.170.150.141 - - [12/Jan/2018:06:37:57 +0100] "GET /favicon.ico HTTP/1.1" 200 646 "https://senseis.xmp.net/" "Mozilla/5.0 (Macintosh; Intel Mac OS X 10_12_6) AppleWebKit/537.36 (KHTML, like Gecko) Chrome/63.0.3239.84 Safari/537.36"
73.170.150.141 - - [12/Jan/2018:06:37:58 +0100] "GET /?positionsearch=1 HTTP/1.1" 200 3775 "https://senseis.xmp.net/" "Mozilla/5.0 (Macintosh; Intel Mac OS X 10_12_6) AppleWebKit/537.36 (KHTML, like Gecko) Chrome/63.0.3239.84 Safari/537.36"
54.36.148.150 - - [12/Jan/2018:06:38:00 +0100] "GET /?forum=NobiTrain HTTP/1.1" 200 5330 "-" "Mozilla/5.0 (compatible; AhrefsBot/5.2; +http://ahrefs.com/robot/)"
46.229.168.70 - - [12/Jan/2018:06:38:02 +0100] "GET /?RightTemplate HTTP/1.1" 200 5737 "-" "Mozilla/5.0 (compatible; SemrushBot/1.2~bl; +http://www.semrush.com/bot.html)"
213.180.203.2 - - [12/Jan/2018:06:38:05 +0100] "GET /?Tianyuan HTTP/1.1" 200 6962 "-" "Mozilla/5.0 (compatible; YandexBot/3.0; +http://yandex.com/bots)"
213.180.203.2 - - [12/Jan/2018:06:38:11 +0100] "GET /?Scartol HTTP/1.1" 200 7032 "-" "Mozilla/5.0 (compatible; YandexBot/3.0; +http://yandex.com/bots)"
46.229.168.72 - - [12/Jan/2018:06:38:12 +0100] "GET /?forum=SealingAMove HTTP/1.1" 200 5145 "-" "Mozilla/5.0 (compatible; SemrushBot/1.2~bl; +http://www.semrush.com/bot.html)"
88.198.90.9 - - [12/Jan/2018:06:38:15 +0100] "GET /?TopAmateurPlayersByCountry HTTP/1.1" 200 109549 "-" "Mozilla/5.0 (Windows NT 6.1; rv:21.0) Gecko/20130328 Firefox/21.0"
37.9.113.55 - - [12/Jan/2018:06:38:16 +0100] "GET /?Shuko HTTP/1.1" 200 9495 "-" "Mozilla/5.0 (compatible; YandexBot/3.0; +http://yandex.com/bots)"
73.170.150.141 - - [12/Jan/2018:06:38:20 +0100] "POST / HTTP/1.1" 200 3984 "https://senseis.xmp.net/?positionsearch=1" "Mozilla/5.0 (Macintosh; Intel Mac OS X 10_12_6) AppleWebKit/537.36 (KHTML, like Gecko) Chrome/63.0.3239.84 Safari/537.36"
46.229.168.69 - - [12/Jan/2018:06:38:21 +0100] "GET /?forum=Pinyin HTTP/1.1" 200 5129 "-" "Mozilla/5.0 (compatible; SemrushBot/1.2~bl; +http://www.semrush.com/bot.html)"
107.219.122.121 - - [12/Jan/2018:06:38:21 +0100] "GET /?Suji HTTP/1.1" 200 4151 "https://senseis.xmp.net/?BadStyle" "Mozilla/5.0 (X11; Ubuntu; Linux x86_64; rv:57.0) Gecko/20100101 Firefox/57.0"
213.180.203.2 - - [12/Jan/2018:06:38:26 +0100] "GET /?topic=1364 HTTP/1.1" 200 6329 "-" "Mozilla/5.0 (compatible; YandexBot/3.0; +http://yandex.com/bots)"
46.229.168.69 - - [12/Jan/2018:06:38:27 +0100] "GET /?forum=Pinyin HTTP/1.1" 200 5129 "-" "Mozilla/5.0 (compatible; SemrushBot/1.2~bl; +http://www.semrush.com/bot.html)"
213.180.203.2 - - [12/Jan/2018:06:38:28 +0100] "GET /?forum=LargeAvalancheTurnOutward HTTP/1.1" 200 2474 "-" "Mozilla/5.0 (compatible; YandexBot/3.0; +http://yandex.com/bots)"
73.170.150.141 - - [12/Jan/2018:06:38:29 +0100] "GET /?IndirectConnection HTTP/1.1" 200 3273 "https://senseis.xmp.net/" "Mozilla/5.0 (Macintosh; Intel Mac OS X 10_12_6) AppleWebKit/537.36 (KHTML, like Gecko) Chrome/63.0.3239.84 Safari/537.36"
54.36.148.74 - - [12/Jan/2018:06:38:32 +0100] "GET /?RetrogradeAnalysisProblem2%2FAttempts HTTP/1.1" 200 5874 "-" "Mozilla/5.0 (compatible; AhrefsBot/5.2; +http://ahrefs.com/robot/)"
199.30.24.23 - - [12/Jan/2018:06:38:34 +0100] "GET /?ConnectAndDiePyramidFourGivesOneEyeInGote HTTP/1.1" 200 20753 "-" "Mozilla/5.0 (iPhone; CPU iPhone OS 7_0 like Mac OS X) AppleWebKit/537.51.1 (KHTML, like Gecko) Version/7.0 Mobile/11A465 Safari/9537.53 BingPreview/1.0b"
68.180.230.239 - - [12/Jan/2018:06:38:36 +0100] "GET /?AiIgo HTTP/1.1" 304 3386 "-" "Mozilla/5.0 (compatible; Yahoo! Slurp; http://help.yahoo.com/help/us/ysearch/slurp)"
35.192.107.155 - - [12/Jan/2018:06:38:37 +0100] "GET /?FineArt= HTTP/1.1" 404 3945 "-" "Mozilla/5.0 (iPhone; CPU iPhone OS 8_3 like Mac OS X) AppleWebKit/600.1.4 (KHTML, like Gecko) Version/8.0 Mobile/12F70 Safari/600.1.4 (compatible; Laserlikebot/0.1)"
66.249.64.201 - - [12/Jan/2018:06:38:37 +0100] "GET /?LiveBaduk HTTP/1.1" 200 7633 "-" "Mozilla/5.0 (compatible; Googlebot/2.1; +http://www.google.com/bot.html)"
46.229.168.76 - - [12/Jan/2018:06:38:43 +0100] "GET /?forum=LibraryWork HTTP/1.1" 200 5593 "-" "Mozilla/5.0 (compatible; SemrushBot/1.2~bl; +http://www.semrush.com/bot.html)"
213.180.203.2 - - [12/Jan/2018:06:38:45 +0100] "GET /?Shimari HTTP/1.1" 200 10266 "-" "Mozilla/5.0 (compatible; YandexBot/3.0; +http://yandex.com/bots)"
46.229.168.68 - - [12/Jan/2018:06:38:48 +0100] "GET /?Halo5 HTTP/1.1" 200 7113 "-" "Mozilla/5.0 (compatible; SemrushBot/1.2~bl; +http://www.semrush.com/bot.html)"
213.180.203.2 - - [12/Jan/2018:06:38:48 +0100] "GET /?Clock HTTP/1.1" 200 9912 "-" "Mozilla/5.0 (compatible; YandexBot/3.0; +http://yandex.com/bots)"
37.9.113.55 - - [12/Jan/2018:06:38:48 +0100] "GET /?BQM424 HTTP/1.1" 200 6806 "-" "Mozilla/5.0 (compatible; YandexBot/3.0; +http://yandex.com/bots)"
213.180.203.2 - - [12/Jan/2018:06:38:49 +0100] "GET /?FourInARow HTTP/1.1" 200 3243 "-" "Mozilla/5.0 (compatible; YandexBot/3.0; +http://yandex.com/bots)"
213.180.203.2 - - [12/Jan/2018:06:38:49 +0100] "GET /?BQM373 HTTP/1.1" 200 4244 "-" "Mozilla/5.0 (compatible; YandexBot/3.0; +http://yandex.com/bots)"
213.180.203.2 - - [12/Jan/2018:06:38:51 +0100] "GET /?HoninboShuusaku HTTP/1.1" 200 9316 "-" "Mozilla/5.0 (compatible; YandexBot/3.0; +http://yandex.com/bots)"
37.9.113.55 - - [12/Jan/2018:06:38:52 +0100] "GET /?forum=NotUsingYourTime HTTP/1.1" 200 2249 "-" "Mozilla/5.0 (compatible; YandexBot/3.0; +http://yandex.com/bots)"
73.170.150.141 - - [12/Jan/2018:06:38:52 +0100] "GET /?CutTheDiagonalJump HTTP/1.1" 200 4930 "https://senseis.xmp.net/" "Mozilla/5.0 (Macintosh; Intel Mac OS X 10_12_6) AppleWebKit/537.36 (KHTML, like Gecko) Chrome/63.0.3239.84 Safari/537.36"
46.229.168.69 - - [12/Jan/2018:06:38:53 +0100] "GET /?forum=Pinyin HTTP/1.1" 200 5129 "-" "Mozilla/5.0 (compatible; SemrushBot/1.2~bl; +http://www.semrush.com/bot.html)"
213.180.203.2 - - [12/Jan/2018:06:38:54 +0100] "GET /?TsumegoFromGames81%2FAttempts HTTP/1.1" 200 6496 "-" "Mozilla/5.0 (compatible; YandexBot/3.0; +http://yandex.com/bots)"
73.170.150.141 - - [12/Jan/2018:06:38:54 +0100] "GET /?34PointLowApproachTwoSpaceHighPincerHazamaTobi HTTP/1.1" 200 6390 "https://senseis.xmp.net/" "Mozilla/5.0 (Macintosh; Intel Mac OS X 10_12_6) AppleWebKit/537.36 (KHTML, like Gecko) Chrome/63.0.3239.84 Safari/537.36"
46.229.168.68 - - [12/Jan/2018:06:38:55 +0100] "GET /?Halo5 HTTP/1.1" 200 7113 "-" "Mozilla/5.0 (compatible; SemrushBot/1.2~bl; +http://www.semrush.com/bot.html)"
213.180.203.2 - - [12/Jan/2018:06:39:00 +0100] "GET /?Sazn HTTP/1.1" 200 6086 "-" "Mozilla/5.0 (compatible; YandexBot/3.0; +http://yandex.com/bots)"
213.180.203.2 - - [12/Jan/2018:06:39:01 +0100] "GET /?TheArtOf9x9Go%2Fgame1:v6 HTTP/1.1" 200 3144 "-" "Mozilla/5.0 (compatible; YandexBot/3.0; +http://yandex.com/bots)"
46.229.168.76 - - [12/Jan/2018:06:39:02 +0100] "GET /?forum=LibraryWork HTTP/1.1" 200 5593 "-" "Mozilla/5.0 (compatible; SemrushBot/1.2~bl; +http://www.semrush.com/bot.html)"
213.180.203.2 - - [12/Jan/2018:06:39:04 +0100] "GET /?Shuwa HTTP/1.1" 200 7524 "-" "Mozilla/5.0 (compatible; YandexBot/3.0; +http://yandex.com/bots)"
213.180.203.2 - - [12/Jan/2018:06:39:09 +0100] "GET /?forum=BeginnerExercise334 HTTP/1.1" 200 2332 "-" "Mozilla/5.0 (compatible; YandexBot/3.0; +http://yandex.com/bots)"
37.9.113.55 - - [12/Jan/2018:06:39:11 +0100] "GET /?YiSangCheol HTTP/1.1" 200 5583 "-" "Mozilla/5.0 (compatible; YandexBot/3.0; +http://yandex.com/bots)"
213.180.203.2 - - [12/Jan/2018:06:39:12 +0100] "GET /?Ryouga HTTP/1.1" 200 2553 "-" "Mozilla/5.0 (compatible; YandexBot/3.0; +http://yandex.com/bots)"
213.180.203.2 - - [12/Jan/2018:06:39:19 +0100] "GET /?MRFvR HTTP/1.1" 200 5811 "-" "Mozilla/5.0 (compatible; YandexBot/3.0; +http://yandex.com/bots)"
46.229.168.71 - - [12/Jan/2018:06:39:22 +0100] "GET /?forum=ShikatsuMyokiTsumegoSeries57 HTTP/1.1" 200 5257 "-" "Mozilla/5.0 (compatible; SemrushBot/1.2~bl; +http://www.semrush.com/bot.html)"
46.229.168.69 - - [12/Jan/2018:06:39:26 +0100] "GET /?ArthurAndTheBlackKnightPlayGo HTTP/1.1" 200 6793 "-" "Mozilla/5.0 (compatible; SemrushBot/1.2~bl; +http://www.semrush.com/bot.html)"
24.186.150.92 - - [12/Jan/2018:06:39:28 +0100] "GET / HTTP/1.1" 304 3452 "https://www.google.com/" "Mozilla/5.0 (X11; Linux x86_64) AppleWebKit/537.36 (KHTML, like Gecko) Chrome/60.0.3112.78 Safari/537.36"
203.118.57.172 - - [12/Jan/2018:06:39:29 +0100] "GET /?InterestingAndUninteresting HTTP/1.1" 200 8420 "https://www.google.com.sg/" "Mozilla/5.0 (Windows NT 10.0; Win64; x64) AppleWebKit/537.36 (KHTML, like Gecko) Chrome/63.0.3239.132 Safari/537.36"
203.118.57.172 - - [12/Jan/2018:06:39:30 +0100] "GET /favicon.ico HTTP/1.1" 200 646 "https://senseis.xmp.net/?InterestingAndUninteresting" "Mozilla/5.0 (Windows NT 10.0; Win64; x64) AppleWebKit/537.36 (KHTML, like Gecko) Chrome/63.0.3239.132 Safari/537.36"
46.229.168.71 - - [12/Jan/2018:06:39:38 +0100] "GET /?KyuExercise173 HTTP/1.1" 200 5801 "-" "Mozilla/5.0 (compatible; SemrushBot/1.2~bl; +http://www.semrush.com/bot.html)"
24.186.150.92 - - [12/Jan/2018:06:39:38 +0100] "GET /?search=tygem&searchtype=title HTTP/1.1" 200 3010 "https://senseis.xmp.net/" "Mozilla/5.0 (X11; Linux x86_64) AppleWebKit/537.36 (KHTML, like Gecko) Chrome/60.0.3112.78 Safari/537.36"
213.180.203.2 - - [12/Jan/2018:06:39:38 +0100] "GET /?GoSeigenKifu HTTP/1.1" 200 7330 "-" "Mozilla/5.0 (compatible; YandexBot/3.0; +http://yandex.com/bots)"
37.9.113.55 - - [12/Jan/2018:06:39:40 +0100] "GET /?BigBulge HTTP/1.1" 200 8181 "-" "Mozilla/5.0 (compatible; YandexBot/3.0; +http://yandex.com/bots)"
24.186.150.92 - - [12/Jan/2018:06:39:43 +0100] "GET /?Tygem HTTP/1.1" 200 4419 "https://senseis.xmp.net/?search=tygem&searchtype=title" "Mozilla/5.0 (X11; Linux x86_64) AppleWebKit/537.36 (KHTML, like Gecko) Chrome/60.0.3112.78 Safari/537.36"
46.229.168.69 - - [12/Jan/2018:06:39:45 +0100] "GET /?ArthurAndTheBlackKnightPlayGo HTTP/1.1" 200 6793 "-" "Mozilla/5.0 (compatible; SemrushBot/1.2~bl; +http://www.semrush.com/bot.html)"
213.180.203.2 - - [12/Jan/2018:06:39:46 +0100] "GET /?topic=3866 HTTP/1.1" 200 6350 "-" "Mozilla/5.0 (compatible; YandexBot/3.0; +http://yandex.com/bots)"
46.229.168.71 - - [12/Jan/2018:06:39:57 +0100] "GET /?forum=ShikatsuMyokiTsumegoSeries57 HTTP/1.1" 200 5257 "-" "Mozilla/5.0 (compatible; SemrushBot/1.2~bl; +http://www.semrush.com/bot.html)"
40.77.167.54 - - [12/Jan/2018:06:40:01 +0100] "GET /?Ko HTTP/1.1" 200 10786 "-" "Mozilla/5.0 (iPhone; CPU iPhone OS 7_0 like Mac OS X) AppleWebKit/537.51.1 (KHTML, like Gecko) Version/7.0 Mobile/11A465 Safari/9537.53 (compatible; bingbot/2.0; +http://www.bing.com/bingbot.htm)"
54.36.148.163 - - [12/Jan/2018:06:40:02 +0100] "GET /?forum=BoltTheDoorToCatchTheThief HTTP/1.1" 200 5389 "-" "Mozilla/5.0 (compatible; AhrefsBot/5.2; +http://ahrefs.com/robot/)"
46.229.168.68 - - [12/Jan/2018:06:40:12 +0100] "GET /?forum=XuanxuanQijingProblem6 HTTP/1.1" 200 5257 "-" "Mozilla/5.0 (compatible; SemrushBot/1.2~bl; +http://www.semrush.com/bot.html)"
73.170.150.141 - - [12/Jan/2018:06:40:17 +0100] "GET /?BQM547 HTTP/1.1" 200 3740 "https://senseis.xmp.net/?34PointLowApproachTwoSpaceHighPincerHazamaTobi" "Mozilla/5.0 (Macintosh; Intel Mac OS X 10_12_6) AppleWebKit/537.36 (KHTML, like Gecko) Chrome/63.0.3239.84 Safari/537.36"
54.36.149.90 - - [12/Jan/2018:06:40:22 +0100] "GET /?forum=Kooler HTTP/1.1" 200 5208 "-" "Mozilla/5.0 (compatible; AhrefsBot/5.2; +http://ahrefs.com/robot/)"
213.180.203.2 - - [12/Jan/2018:06:40:26 +0100] "GET /?IntroExercise4 HTTP/1.1" 200 6093 "-" "Mozilla/5.0 (compatible; YandexBot/3.0; +http://yandex.com/bots)"
40.77.167.7 - - [12/Jan/2018:06:40:32 +0100] "GET /?Reification HTTP/1.1" 200 10134 "-" "Mozilla/5.0 (iPhone; CPU iPhone OS 7_0 like Mac OS X) AppleWebKit/537.51.1 (KHTML, like Gecko) Version/7.0 Mobile/11A465 Safari/9537.53 (compatible; bingbot/2.0; +http://www.bing.com/bingbot.htm)"
66.249.64.201 - - [12/Jan/2018:06:40:37 +0100] "GET /?Maxigos HTTP/1.1" 200 6143 "-" "Mozilla/5.0 (compatible; Googlebot/2.1; +http://www.google.com/bot.html)"
46.229.168.72 - - [12/Jan/2018:06:40:46 +0100] "GET /?forum=PGB161 HTTP/1.1" 200 5129 "-" "Mozilla/5.0 (compatible; SemrushBot/1.2~bl; +http://www.semrush.com/bot.html)"
54.36.148.186 - - [12/Jan/2018:06:40:48 +0100] "GET /?GradedGoProblemsForBeginners HTTP/1.1" 200 9347 "-" "Mozilla/5.0 (compatible; AhrefsBot/5.2; +http://ahrefs.com/robot/)"
125.209.235.169 - - [12/Jan/2018:06:40:53 +0100] "GET /?DaiwaGrandChampionCup HTTP/1.1" 200 6128 "-" "Mozilla/5.0 (compatible; Yeti/1.1; +http://naver.me/bot)"
40.77.167.54 - - [12/Jan/2018:06:40:56 +0100] "GET /?PakSeungHyeon HTTP/1.1" 304 3879 "-" "Mozilla/5.0 (compatible; bingbot/2.0; +http://www.bing.com/bingbot.htm)"
68.180.230.239 - - [12/Jan/2018:06:41:04 +0100] "GET /?RussianGoAssociation HTTP/1.1" 304 3386 "-" "Mozilla/5.0 (compatible; Yahoo! Slurp; http://help.yahoo.com/help/us/ysearch/slurp)"
46.229.168.74 - - [12/Jan/2018:06:41:08 +0100] "GET /?forum=FaridBenMalek HTTP/1.1" 200 5145 "-" "Mozilla/5.0 (compatible; SemrushBot/1.2~bl; +http://www.semrush.com/bot.html)"
46.229.168.65 - - [12/Jan/2018:06:41:12 +0100] "GET /?WhyWeDoOpenOnTengen HTTP/1.1" 200 10889 "-" "Mozilla/5.0 (compatible; SemrushBot/1.2~bl; +http://www.semrush.com/bot.html)"
213.180.203.2 - - [12/Jan/2018:06:41:14 +0100] "GET /?TheAdvantageOfKnowingJoseki HTTP/1.1" 200 14517 "-" "Mozilla/5.0 (compatible; YandexBot/3.0; +http://yandex.com/bots)"
46.229.168.74 - - [12/Jan/2018:06:41:20 +0100] "GET /?forum=FaridBenMalek HTTP/1.1" 200 5145 "-" "Mozilla/5.0 (compatible; SemrushBot/1.2~bl; +http://www.semrush.com/bot.html)"
46.229.168.65 - - [12/Jan/2018:06:41:22 +0100] "GET /?AtomicWeight HTTP/1.1" 200 7033 "-" "Mozilla/5.0 (compatible; SemrushBot/1.2~bl; +http://www.semrush.com/bot.html)"
54.36.149.55 - - [12/Jan/2018:06:41:23 +0100] "GET /?topic=593 HTTP/1.1" 200 6320 "-" "Mozilla/5.0 (compatible; AhrefsBot/5.2; +http://ahrefs.com/robot/)"
24.186.150.92 - - [12/Jan/2018:06:41:48 +0100] "GET /?GoServer HTTP/1.1" 200 9162 "https://senseis.xmp.net/?Tygem" "Mozilla/5.0 (X11; Linux x86_64) AppleWebKit/537.36 (KHTML, like Gecko) Chrome/60.0.3112.78 Safari/537.36"
136.243.12.135 - - [12/Jan/2018:06:41:53 +0100] "GET /?rss=flat&type=OnlineGo HTTP/1.0" 200 5404 "-" "-"
107.219.122.121 - - [12/Jan/2018:06:42:05 +0100] "GET /?NirenseiVNirensei HTTP/1.1" 200 8166 "https://senseis.xmp.net/?Nirensei" "Mozilla/5.0 (X11; Ubuntu; Linux x86_64; rv:57.0) Gecko/20100101 Firefox/57.0"
216.244.66.249 - - [12/Jan/2018:06:42:08 +0100] "GET /?KyuExercise58%2FAttempts HTTP/1.1" 200 24880 "-" "Mozilla/5.0 (compatible; DotBot/1.1; http://www.opensiteexplorer.org/dotbot, help@moz.com)"
99.233.185.77 - - [12/Jan/2018:06:42:29 +0100] "GET /?JosekiPages HTTP/1.1" 200 7603 "https://www.google.ca/" "Mozilla/5.0 (Windows NT 10.0; Win64; x64) AppleWebKit/537.36 (KHTML, like Gecko) Chrome/63.0.3239.132 Safari/537.36"
99.233.185.77 - - [12/Jan/2018:06:42:30 +0100] "GET /favicon.ico HTTP/1.1" 200 646 "https://senseis.xmp.net/?JosekiPages" "Mozilla/5.0 (Windows NT 10.0; Win64; x64) AppleWebKit/537.36 (KHTML, like Gecko) Chrome/63.0.3239.132 Safari/537.36"
24.186.150.92 - - [12/Jan/2018:06:42:31 +0100] "GET /?IGS HTTP/1.1" 200 4828 "https://senseis.xmp.net/?GoServer" "Mozilla/5.0 (X11; Linux x86_64) AppleWebKit/537.36 (KHTML, like Gecko) Chrome/60.0.3112.78 Safari/537.36"
99.233.185.77 - - [12/Jan/2018:06:42:36 +0100] "GET /?34PointJosekis HTTP/1.1" 200 8478 "https://senseis.xmp.net/?JosekiPages" "Mozilla/5.0 (Windows NT 10.0; Win64; x64) AppleWebKit/537.36 (KHTML, like Gecko) Chrome/63.0.3239.132 Safari/537.36"
68.180.230.239 - - [12/Jan/2018:06:42:37 +0100] "GET /?ShimamuraToshihiro HTTP/1.1" 304 3386 "-" "Mozilla/5.0 (compatible; Yahoo! Slurp; http://help.yahoo.com/help/us/ysearch/slurp)"
66.249.64.201 - - [12/Jan/2018:06:42:36 +0100] "GET /?AWayofPlayForthe21stCentury HTTP/1.1" 200 8056 "-" "Mozilla/5.0 (compatible; Googlebot/2.1; +http://www.google.com/bot.html)"
213.180.203.2 - - [12/Jan/2018:06:42:45 +0100] "GET /?SteveFawthrop HTTP/1.1" 200 8386 "-" "Mozilla/5.0 (compatible; YandexBot/3.0; +http://yandex.com/bots)"
54.36.148.182 - - [12/Jan/2018:06:42:53 +0100] "GET /?forum=MandMsBrown HTTP/1.1" 200 5218 "-" "Mozilla/5.0 (compatible; AhrefsBot/5.2; +http://ahrefs.com/robot/)"
107.219.122.121 - - [12/Jan/2018:06:42:55 +0100] "GET /?MiniChinese HTTP/1.1" 200 5950 "https://senseis.xmp.net/?NirenseiVNirensei" "Mozilla/5.0 (X11; Ubuntu; Linux x86_64; rv:57.0) Gecko/20100101 Firefox/57.0"
117.103.185.20 - - [12/Jan/2018:06:42:58 +0100] "GET /?CuttingTheKeima HTTP/1.1" 200 19853 "https://senseis.xmp.net/?StrikeAtTheWaistOfTheKeima" "Mozilla/5.0 (Windows NT 6.3; WOW64; Trident/7.0; rv:11.0) like Gecko"
46.229.168.71 - - [12/Jan/2018:06:43:03 +0100] "GET /?Tapir%2FTalk HTTP/1.1" 200 7609 "-" "Mozilla/5.0 (compatible; SemrushBot/1.2~bl; +http://www.semrush.com/bot.html)"
54.36.148.62 - - [12/Jan/2018:06:43:08 +0100] "GET /?ChoiceGo HTTP/1.1" 200 6341 "-" "Mozilla/5.0 (compatible; AhrefsBot/5.2; +http://ahrefs.com/robot/)"
99.233.185.77 - - [12/Jan/2018:06:43:12 +0100] "GET /?34PointLowApproach HTTP/1.1" 200 5870 "https://senseis.xmp.net/?34PointJosekis" "Mozilla/5.0 (Windows NT 10.0; Win64; x64) AppleWebKit/537.36 (KHTML, like Gecko) Chrome/63.0.3239.132 Safari/537.36"
40.77.167.22 - - [12/Jan/2018:06:43:13 +0100] "GET /?hikarushindosuyonghonggame HTTP/1.1" 200 10776 "-" "Mozilla/5.0 (iPhone; CPU iPhone OS 7_0 like Mac OS X) AppleWebKit/537.51.1 (KHTML, like Gecko) Version/7.0 Mobile/11A465 Safari/9537.53 (compatible; bingbot/2.0; +http://www.bing.com/bingbot.htm)"
73.170.150.141 - - [12/Jan/2018:06:43:14 +0100] "POST / HTTP/1.1" 200 6533 "https://senseis.xmp.net/" "Mozilla/5.0 (Macintosh; Intel Mac OS X 10_12_6) AppleWebKit/537.36 (KHTML, like Gecko) Chrome/63.0.3239.84 Safari/537.36"
46.229.168.76 - - [12/Jan/2018:06:43:17 +0100] "GET /?forum=Igowalker HTTP/1.1" 200 5129 "-" "Mozilla/5.0 (compatible; SemrushBot/1.2~bl; +http://www.semrush.com/bot.html)"
73.170.150.141 - - [12/Jan/2018:06:43:19 +0100] "POST / HTTP/1.1" 200 3304 "https://senseis.xmp.net/" "Mozilla/5.0 (Macintosh; Intel Mac OS X 10_12_6) AppleWebKit/537.36 (KHTML, like Gecko) Chrome/63.0.3239.84 Safari/537.36"
54.36.149.54 - - [12/Jan/2018:06:43:30 +0100] "GET /?Rubik HTTP/1.1" 200 5313 "-" "Mozilla/5.0 (compatible; AhrefsBot/5.2; +http://ahrefs.com/robot/)"
54.36.148.143 - - [12/Jan/2018:06:43:48 +0100] "GET /?forum=BesiegeWeiToRescueZhao HTTP/1.1" 200 5357 "-" "Mozilla/5.0 (compatible; AhrefsBot/5.2; +http://ahrefs.com/robot/)"
46.229.168.70 - - [12/Jan/2018:06:43:51 +0100] "GET /?forum=PGB171 HTTP/1.1" 200 5129 "-" "Mozilla/5.0 (compatible; SemrushBot/1.2~bl; +http://www.semrush.com/bot.html)"
40.77.167.7 - - [12/Jan/2018:06:43:57 +0100] "GET /?UnusualEnclosures HTTP/1.1" 200 9773 "-" "Mozilla/5.0 (iPhone; CPU iPhone OS 7_0 like Mac OS X) AppleWebKit/537.51.1 (KHTML, like Gecko) Version/7.0 Mobile/11A465 Safari/9537.53 (compatible; bingbot/2.0; +http://www.bing.com/bingbot.htm)"
46.229.168.70 - - [12/Jan/2018:06:44:06 +0100] "GET /?forum=PGB171 HTTP/1.1" 200 5145 "-" "Mozilla/5.0 (compatible; SemrushBot/1.2~bl; +http://www.semrush.com/bot.html)"
107.219.122.121 - - [12/Jan/2018:06:44:18 +0100] "GET /?GoRenSeiFuseki HTTP/1.1" 200 4037 "https://senseis.xmp.net/?Yonrensei" "Mozilla/5.0 (X11; Ubuntu; Linux x86_64; rv:57.0) Gecko/20100101 Firefox/57.0"
65.55.210.180 - - [12/Jan/2018:06:44:20 +0100] "GET /?HardHeartedness HTTP/1.1" 200 21898 "-" "Mozilla/5.0 (iPhone; CPU iPhone OS 7_0 like Mac OS X) AppleWebKit/537.51.1 (KHTML, like Gecko) Version/7.0 Mobile/11A465 Safari/9537.53 BingPreview/1.0b"
46.229.168.70 - - [12/Jan/2018:06:44:26 +0100] "GET /?forum=PGB171 HTTP/1.1" 200 5145 "-" "Mozilla/5.0 (compatible; SemrushBot/1.2~bl; +http://www.semrush.com/bot.html)"
47.53.111.61 - - [12/Jan/2018:06:44:31 +0100] "GET /?Morten HTTP/1.1" 200 7073 "-" "Mozilla/5.0 (Macintosh; Intel Mac OS X 10_13_2) AppleWebKit/604.4.7 (KHTML, like Gecko) Version/11.0.2 Safari/604.4.7"
40.77.167.80 - - [12/Jan/2018:06:44:35 +0100] "GET /?FrankJanssen HTTP/1.1" 200 6420 "-" "Mozilla/5.0 (iPhone; CPU iPhone OS 7_0 like Mac OS X) AppleWebKit/537.51.1 (KHTML, like Gecko) Version/7.0 Mobile/11A465 Safari/9537.53 (compatible; bingbot/2.0; +http://www.bing.com/bingbot.htm)"
74.82.141.116 - - [12/Jan/2018:06:44:40 +0100] "GET /?Ladder HTTP/1.1" 304 3257 "-" "Mozilla/5.0 (Macintosh; Intel Mac OS X 10_11_1) AppleWebKit/603.1.30 (KHTML, like Gecko) Safari/603.1.30"
74.82.141.116 - - [12/Jan/2018:06:44:41 +0100] "GET /?Ladder HTTP/1.1" 304 3257 "-" "Mozilla/5.0 (Macintosh; Intel Mac OS X 10_11_1) AppleWebKit/603.1.30 (KHTML, like Gecko) Safari/603.1.30"
54.36.148.106 - - [12/Jan/2018:06:44:41 +0100] "GET /?DoglegFour%2FDiscussion HTTP/1.1" 200 7038 "-" "Mozilla/5.0 (compatible; AhrefsBot/5.2; +http://ahrefs.com/robot/)"
5.30.68.165 - - [12/Jan/2018:06:44:43 +0100] "GET /?JapaneseNameSuffix HTTP/1.1" 200 15710 "https://www.google.ae/" "Mozilla/5.0 (Macintosh; Intel Mac OS X 10_11_6) AppleWebKit/601.7.8 (KHTML, like Gecko) Version/9.1.2 Safari/601.7.7"
5.30.68.165 - - [12/Jan/2018:06:44:44 +0100] "GET /favicon.ico HTTP/1.1" 200 799 "https://senseis.xmp.net/?JapaneseNameSuffix" "Mozilla/5.0 (Macintosh; Intel Mac OS X 10_11_6) AppleWebKit/601.7.8 (KHTML, like Gecko) Version/9.1.2 Safari/601.7.7"
47.53.111.61 - - [12/Jan/2018:06:44:47 +0100] "GET /?GTL HTTP/1.1" 200 6092 "-" "Mozilla/5.0 (Macintosh; Intel Mac OS X 10_13_2) AppleWebKit/604.4.7 (KHTML, like Gecko) Version/11.0.2 Safari/604.4.7"
46.229.168.70 - - [12/Jan/2018:06:44:48 +0100] "GET /?forum=GokyoShumyoSection1Problem14 HTTP/1.1" 200 5369 "-" "Mozilla/5.0 (compatible; SemrushBot/1.2~bl; +http://www.semrush.com/bot.html)"
46.229.168.70 - - [12/Jan/2018:06:44:58 +0100] "GET /?Amweak HTTP/1.1" 200 7145 "-" "Mozilla/5.0 (compatible; SemrushBot/1.2~bl; +http://www.semrush.com/bot.html)"
103.231.94.239 - - [12/Jan/2018:06:45:01 +0100] "GET /?RulesOfGoIntroductory HTTP/1.1" 200 12364 "-" "Mozilla/5.0 (Windows NT 10.0; Win64; x64) AppleWebKit/537.36 (KHTML, like Gecko) Chrome/52.0.2743.116 Safari/537.36 Edge/15.15063"
103.231.94.239 - - [12/Jan/2018:06:45:03 +0100] "GET /favicon.ico HTTP/1.1" 200 3874 "-" "Mozilla/5.0 (Windows NT 10.0; Win64; x64) AppleWebKit/537.36 (KHTML, like Gecko) Chrome/52.0.2743.116 Safari/537.36 Edge/15.15063"
46.229.168.79 - - [12/Jan/2018:06:45:04 +0100] "GET /?GoAndGoMoku HTTP/1.1" 200 7337 "-" "Mozilla/5.0 (compatible; SemrushBot/1.2~bl; +http://www.semrush.com/bot.html)"
40.77.167.22 - - [12/Jan/2018:06:45:06 +0100] "GET /robots.txt HTTP/1.1" 200 4296 "-" "Mozilla/5.0 (compatible; bingbot/2.0; +http://www.bing.com/bingbot.htm)"
46.229.168.70 - - [12/Jan/2018:06:45:08 +0100] "GET /?forum=GokyoShumyoSection1Problem14 HTTP/1.1" 200 5369 "-" "Mozilla/5.0 (compatible; SemrushBot/1.2~bl; +http://www.semrush.com/bot.html)"
46.229.168.79 - - [12/Jan/2018:06:45:20 +0100] "GET /?GoAndGoMoku HTTP/1.1" 200 7337 "-" "Mozilla/5.0 (compatible; SemrushBot/1.2~bl; +http://www.semrush.com/bot.html)"
46.229.168.70 - - [12/Jan/2018:06:45:24 +0100] "GET /?Amweak HTTP/1.1" 200 7145 "-" "Mozilla/5.0 (compatible; SemrushBot/1.2~bl; +http://www.semrush.com/bot.html)"
95.94.111.98 - - [12/Jan/2018:06:45:27 +0100] "GET /wp-login.php HTTP/1.1" 404 3750 "-" "Mozilla/5.0 (Windows NT 6.1; WOW64; rv:40.0) Gecko/20100101 Firefox/40.1"
95.94.111.98 - - [12/Jan/2018:06:45:27 +0100] "GET / HTTP/1.1" 200 9314 "-" "Mozilla/5.0 (Windows NT 6.1; WOW64; rv:40.0) Gecko/20100101 Firefox/40.1"
46.229.168.73 - - [12/Jan/2018:06:45:36 +0100] "GET /?Derty HTTP/1.1" 200 5753 "-" "Mozilla/5.0 (compatible; SemrushBot/1.2~bl; +http://www.semrush.com/bot.html)"
35.226.23.240 - - [12/Jan/2018:06:45:38 +0100] "GET /robots.txt HTTP/1.1" 200 2281 "-" "ltx71 - (http://ltx71.com/)"
54.36.149.58 - - [12/Jan/2018:06:45:39 +0100] "GET /?forum=RTGProblem67 HTTP/1.1" 200 5300 "-" "Mozilla/5.0 (compatible; AhrefsBot/5.2; +http://ahrefs.com/robot/)"
40.77.167.54 - - [12/Jan/2018:06:45:42 +0100] "GET /?strategy HTTP/1.1" 200 7685 "-" "Mozilla/5.0 (iPhone; CPU iPhone OS 7_0 like Mac OS X) AppleWebKit/537.51.1 (KHTML, like Gecko) Version/7.0 Mobile/11A465 Safari/9537.53 (compatible; bingbot/2.0; +http://www.bing.com/bingbot.htm)"
86.115.206.35 - - [12/Jan/2018:06:46:03 +0100] "GET /?GoDatabases HTTP/1.1" 200 9099 "-" "Mozilla/5.0 (Macintosh; Intel Mac OS X 10_13_2) AppleWebKit/537.36 (KHTML, like Gecko) Chrome/63.0.3239.132 Safari/537.36"
86.115.206.35 - - [12/Jan/2018:06:46:05 +0100] "GET /favicon.ico HTTP/1.1" 200 646 "https://senseis.xmp.net/?GoDatabases" "Mozilla/5.0 (Macintosh; Intel Mac OS X 10_13_2) AppleWebKit/537.36 (KHTML, like Gecko) Chrome/63.0.3239.132 Safari/537.36"
40.77.167.7 - - [12/Jan/2018:06:46:07 +0100] "GET /?WomensKuksu HTTP/1.1" 200 6765 "-" "Mozilla/5.0 (iPhone; CPU iPhone OS 7_0 like Mac OS X) AppleWebKit/537.51.1 (KHTML, like Gecko) Version/7.0 Mobile/11A465 Safari/9537.53 (compatible; bingbot/2.0; +http://www.bing.com/bingbot.htm)"
47.53.111.61 - - [12/Jan/2018:06:46:12 +0100] "GET /?VitalPoint HTTP/1.1" 200 6362 "https://senseis.xmp.net/?Morten" "Mozilla/5.0 (Macintosh; Intel Mac OS X 10_13_2) AppleWebKit/604.4.7 (KHTML, like Gecko) Version/11.0.2 Safari/604.4.7"
46.229.168.72 - - [12/Jan/2018:06:46:19 +0100] "GET /?forum=Bjogo HTTP/1.1" 200 5129 "-" "Mozilla/5.0 (compatible; SemrushBot/1.2~bl; +http://www.semrush.com/bot.html)"
46.229.168.69 - - [12/Jan/2018:06:46:21 +0100] "GET /?ChoiChulhan HTTP/1.1" 200 8457 "-" "Mozilla/5.0 (compatible; SemrushBot/1.2~bl; +http://www.semrush.com/bot.html)"
74.82.141.116 - - [12/Jan/2018:06:46:26 +0100] "GET /?Ladder HTTP/1.1" 304 3257 "-" "Mozilla/5.0 (Macintosh; Intel Mac OS X 10_11_1) AppleWebKit/603.1.30 (KHTML, like Gecko) Safari/603.1.30"
46.229.168.78 - - [12/Jan/2018:06:46:26 +0100] "GET /?forum=TsumegoFromGames150 HTTP/1.1" 200 5241 "-" "Mozilla/5.0 (compatible; SemrushBot/1.2~bl; +http://www.semrush.com/bot.html)"
74.82.141.116 - - [12/Jan/2018:06:46:26 +0100] "GET /?Ladder HTTP/1.1" 304 3257 "-" "Mozilla/5.0 (Macintosh; Intel Mac OS X 10_11_1) AppleWebKit/603.1.30 (KHTML, like Gecko) Safari/603.1.30"
24.186.150.92 - - [12/Jan/2018:06:46:26 +0100] "GET / HTTP/1.1" 304 3452 "https://senseis.xmp.net/?GoServer" "Mozilla/5.0 (X11; Linux x86_64) AppleWebKit/537.36 (KHTML, like Gecko) Chrome/60.0.3112.78 Safari/537.36"
46.229.168.72 - - [12/Jan/2018:06:46:30 +0100] "GET /?forum=Bjogo HTTP/1.1" 200 5129 "-" "Mozilla/5.0 (compatible; SemrushBot/1.2~bl; +http://www.semrush.com/bot.html)"
46.229.168.78 - - [12/Jan/2018:06:46:33 +0100] "GET /?forum=TsumegoFromGames150 HTTP/1.1" 200 5241 "-" "Mozilla/5.0 (compatible; SemrushBot/1.2~bl; +http://www.semrush.com/bot.html)"
24.186.150.92 - - [12/Jan/2018:06:46:41 +0100] "GET /?RecentChanges HTTP/1.1" 200 3389 "https://senseis.xmp.net/" "Mozilla/5.0 (X11; Linux x86_64) AppleWebKit/537.36 (KHTML, like Gecko) Chrome/60.0.3112.78 Safari/537.36"
24.186.150.92 - - [12/Jan/2018:06:46:54 +0100] "GET /?random=1 HTTP/1.1" 302 490 "https://senseis.xmp.net/?RecentChanges" "Mozilla/5.0 (X11; Linux x86_64) AppleWebKit/537.36 (KHTML, like Gecko) Chrome/60.0.3112.78 Safari/537.36"
24.186.150.92 - - [12/Jan/2018:06:46:55 +0100] "GET /?GameRecorder HTTP/1.1" 200 2424 "https://senseis.xmp.net/?RecentChanges" "Mozilla/5.0 (X11; Linux x86_64) AppleWebKit/537.36 (KHTML, like Gecko) Chrome/60.0.3112.78 Safari/537.36"
46.229.168.72 - - [12/Jan/2018:06:46:56 +0100] "GET /?forum=Bjogo HTTP/1.1" 200 5129 "-" "Mozilla/5.0 (compatible; SemrushBot/1.2~bl; +http://www.semrush.com/bot.html)"
46.229.168.72 - - [12/Jan/2018:06:47:01 +0100] "GET /?TJHProblem4 HTTP/1.1" 200 5769 "-" "Mozilla/5.0 (compatible; SemrushBot/1.2~bl; +http://www.semrush.com/bot.html)"
108.59.8.70 - - [12/Jan/2018:06:47:06 +0100] "GET /robots.txt HTTP/1.1" 200 4649 "-" "Mozilla/5.0 (compatible; MJ12bot/v1.4.8; http://mj12bot.com/)"
108.59.8.70 - - [12/Jan/2018:06:47:08 +0100] "GET /?ArnoHollosi HTTP/1.1" 200 13977 "-" "Mozilla/5.0 (compatible; MJ12bot/v1.4.8; http://mj12bot.com/)"
46.229.168.80 - - [12/Jan/2018:06:47:09 +0100] "GET /?EstimatingTheScore HTTP/1.1" 200 17758 "-" "Mozilla/5.0 (compatible; SemrushBot/1.2~bl; +http://www.semrush.com/bot.html)"
108.59.8.70 - - [12/Jan/2018:06:47:12 +0100] "GET /?BeginnerStudySection HTTP/1.1" 200 11364 "-" "Mozilla/5.0 (compatible; MJ12bot/v1.4.8; http://mj12bot.com/)"
108.59.8.70 - - [12/Jan/2018:06:47:13 +0100] "GET /?FutureUseOfSL HTTP/1.1" 200 27833 "-" "Mozilla/5.0 (compatible; MJ12bot/v1.4.8; http://mj12bot.com/)"
24.186.150.92 - - [12/Jan/2018:06:47:14 +0100] "GET /?random=1 HTTP/1.1" 302 496 "https://senseis.xmp.net/?GameRecorder" "Mozilla/5.0 (X11; Linux x86_64) AppleWebKit/537.36 (KHTML, like Gecko) Chrome/60.0.3112.78 Safari/537.36"
24.186.150.92 - - [12/Jan/2018:06:47:14 +0100] "GET /?SidePattern44And44 HTTP/1.1" 200 4553 "https://senseis.xmp.net/?GameRecorder" "Mozilla/5.0 (X11; Linux x86_64) AppleWebKit/537.36 (KHTML, like Gecko) Chrome/60.0.3112.78 Safari/537.36"
108.59.8.70 - - [12/Jan/2018:06:47:15 +0100] "GET /?Go HTTP/1.1" 200 5149 "-" "Mozilla/5.0 (compatible; MJ12bot/v1.4.8; http://mj12bot.com/)"
108.59.8.70 - - [12/Jan/2018:06:47:17 +0100] "GET /?GoBook HTTP/1.1" 200 13469 "-" "Mozilla/5.0 (compatible; MJ12bot/v1.4.8; http://mj12bot.com/)"
108.59.8.70 - - [12/Jan/2018:06:47:19 +0100] "GET /?GoPlaces HTTP/1.1" 200 6075 "-" "Mozilla/5.0 (compatible; MJ12bot/v1.4.8; http://mj12bot.com/)"
195.159.176.226 - - [12/Jan/2018:06:47:20 +0100] "GET /?rss=mro&type=All HTTP/1.1" 200 4218 "-" "Gwene/1.0 (The gwene.org rss-to-news gateway)"
8.29.198.27 - - [12/Jan/2018:06:47:21 +0100] "GET /?rss=flat HTTP/1.1" 200 4182 "-" "Feedly/1.0 (+http://www.feedly.com/fetcher.html; like FeedFetcher-Google)"
108.59.8.70 - - [12/Jan/2018:06:47:21 +0100] "GET /?MessageBoard HTTP/1.1" 200 34652 "-" "Mozilla/5.0 (compatible; MJ12bot/v1.4.8; http://mj12bot.com/)"
36.84.112.163 - - [12/Jan/2018:06:47:24 +0100] "GET /?SanRenSei HTTP/1.1" 200 9844 "https://senseis.xmp.net/?CenterOrientedPlayers" "Mozilla/5.0 (Windows NT 10.0; Win64; x64) AppleWebKit/537.36 (KHTML, like Gecko) Chrome/63.0.3239.132 Safari/537.36"
108.59.8.70 - - [12/Jan/2018:06:47:24 +0100] "GET /?ProblemsAndExercises HTTP/1.1" 200 4928 "-" "Mozilla/5.0 (compatible; MJ12bot/v1.4.8; http://mj12bot.com/)"
