46.229.168.69 - - [12/Jan/2018:06:57:57 +0100] "GET /?TsumegoFromGames87 HTTP/1.1" 200 5833 "-" "Mozilla/5.0 (compatible; SemrushBot/1.2~bl; +http://www.semrush.com/bot.html)"
40.77.167.7 - - [12/Jan/2018:06:58:00 +0100] "GET /?Monteo%2FAlphaGoGod HTTP/1.1" 200 6339 "-" "Mozilla/5.0 (iPhone; CPU iPhone OS 7_0 like Mac OS X) AppleWebKit/537.51.1 (KHTML, like Gecko) Version/7.0 Mobile/11A465 Safari/9537.53 (compatible; bingbot/2.0; +http://www.bing.com/bingbot.htm)"
46.229.168.74 - - [12/Jan/2018:06:58:10 +0100] "GET /?radvendii HTTP/1.1" 200 5289 "-" "Mozilla/5.0 (compatible; SemrushBot/1.2~bl; +http://www.semrush.com/bot.html)"
93.73.234.161 - - [12/Jan/2018:06:58:14 +0100] "GET /?TrickPlayExample3 HTTP/1.1" 200 3740 "https://senseis.xmp.net/?Hamete" "Mozilla/5.0 (Linux; U; Android 6.0; zh-CN; MZ-M5c Build/MRA58K) AppleWebKit/537.36 (KHTML, like Gecko) Version/4.0 Chrome/40.0.2214.89 MZBrowser/6.9.410-2017122215 UWS/2.11.0.33 Mobile Safari/537.36"
46.229.168.69 - - [12/Jan/2018:06:58:16 +0100] "GET /?TsumegoFromGames87 HTTP/1.1" 200 5833 "-" "Mozilla/5.0 (compatible; SemrushBot/1.2~bl; +http://www.semrush.com/bot.html)"
40.77.167.22 - - [12/Jan/2018:06:58:17 +0100] "GET /?materialgoban HTTP/1.1" 200 11395 "-" "Mozilla/5.0 (iPhone; CPU iPhone OS 7_0 like Mac OS X) AppleWebKit/537.51.1 (KHTML, like Gecko) Version/7.0 Mobile/11A465 Safari/9537.53 (compatible; bingbot/2.0; +http://www.bing.com/bingbot.htm)"
24.186.150.92 - - [12/Jan/2018:06:58:23 +0100] "GET /?Tsumego HTTP/1.1" 200 7615 "https://senseis.xmp.net/?OneThousandAndOneLifeAndDeathProblems" "Mozilla/5.0 (X11; Linux x86_64) AppleWebKit/537.36 (KHTML, like Gecko) Chrome/60.0.3112.78 Safari/537.36"
174.21.155.149 - - [12/Jan/2018:06:58:24 +0100] "GET /?Onegaishimasu HTTP/1.1" 200 8154 "http://www.google.com/" "Mozilla/5.0 (Linux; Android 7.0; SM-G935V Build/NRD90M) AppleWebKit/537.36 (KHTML, like Gecko) Chrome/63.0.3239.111 Mobile Safari/537.36"
46.229.168.74 - - [12/Jan/2018:06:58:25 +0100] "GET /?radvendii HTTP/1.1" 200 5289 "-" "Mozilla/5.0 (compatible; SemrushBot/1.2~bl; +http://www.semrush.com/bot.html)"
174.21.155.149 - - [12/Jan/2018:06:58:25 +0100] "GET /favicon.ico HTTP/1.1" 200 646 "https://senseis.xmp.net/?Onegaishimasu" "Mozilla/5.0 (Linux; Android 7.0; SM-G935V Build/NRD90M) AppleWebKit/537.36 (KHTML, like Gecko) Chrome/63.0.3239.111 Mobile Safari/537.36"
213.180.203.2 - - [12/Jan/2018:06:58:30 +0100] "GET /?CGT HTTP/1.1" 200 7967 "-" "Mozilla/5.0 (compatible; YandexBot/3.0; +http://yandex.com/bots)"
40.77.167.7 - - [12/Jan/2018:06:58:35 +0100] "GET /?Kifu HTTP/1.1" 200 7464 "-" "Mozilla/5.0 (compatible; bingbot/2.0; +http://www.bing.com/bingbot.htm)"
66.249.64.201 - - [12/Jan/2018:06:58:36 +0100] "GET /?LeeSedolHongChangSikLadderGame HTTP/1.1" 200 9495 "-" "Mozilla/5.0 (compatible; Googlebot/2.1; +http://www.google.com/bot.html)"
46.229.168.76 - - [12/Jan/2018:06:58:39 +0100] "GET /?OpposingKomokus HTTP/1.1" 200 6937 "-" "Mozilla/5.0 (compatible; SemrushBot/1.2~bl; +http://www.semrush.com/bot.html)"
46.229.168.68 - - [12/Jan/2018:06:58:39 +0100] "GET /?GokyoShumyoSection4Problem67 HTTP/1.1" 200 5801 "-" "Mozilla/5.0 (compatible; SemrushBot/1.2~bl; +http://www.semrush.com/bot.html)"
216.244.66.239 - - [12/Jan/2018:06:58:41 +0100] "GET /robots.txt HTTP/1.1" 200 4483 "-" "Mozilla/5.0 (compatible; DotBot/1.1; http://www.opensiteexplorer.org/dotbot, help@moz.com)"
68.180.230.239 - - [12/Jan/2018:06:58:45 +0100] "GET /?KimMyungwan HTTP/1.1" 304 3386 "-" "Mozilla/5.0 (compatible; Yahoo! Slurp; http://help.yahoo.com/help/us/ysearch/slurp)"
68.180.230.239 - - [12/Jan/2018:06:58:46 +0100] "GET /?Macrosoft HTTP/1.1" 304 3386 "-" "Mozilla/5.0 (compatible; Yahoo! Slurp; http://help.yahoo.com/help/us/ysearch/slurp)"
46.229.168.74 - - [12/Jan/2018:06:58:47 +0100] "GET /?radvendii HTTP/1.1" 200 5289 "-" "Mozilla/5.0 (compatible; SemrushBot/1.2~bl; +http://www.semrush.com/bot.html)"
24.186.150.92 - - [12/Jan/2018:06:58:53 +0100] "GET /?MiaiExercises HTTP/1.1" 200 2666 "https://senseis.xmp.net/?Tsumego" "Mozilla/5.0 (X11; Linux x86_64) AppleWebKit/537.36 (KHTML, like Gecko) Chrome/60.0.3112.78 Safari/537.36"
46.229.168.76 - - [12/Jan/2018:06:58:53 +0100] "GET /?OpposingKomokus HTTP/1.1" 200 6937 "-" "Mozilla/5.0 (compatible; SemrushBot/1.2~bl; +http://www.semrush.com/bot.html)"
69.250.163.118 - - [12/Jan/2018:06:59:00 +0100] "GET /?Komi%2FStatistics HTTP/1.1" 200 4798 "https://www.google.com/" "Mozilla/5.0 (iPad; CPU OS 11_2_1 like Mac OS X) AppleWebKit/604.4.7 (KHTML, like Gecko) Version/11.0 Mobile/15C153 Safari/604.1"
46.229.168.71 - - [12/Jan/2018:06:59:03 +0100] "GET /?YouthGo HTTP/1.1" 200 7625 "-" "Mozilla/5.0 (compatible; SemrushBot/1.2~bl; +http://www.semrush.com/bot.html)"
24.186.150.92 - - [12/Jan/2018:06:59:05 +0100] "GET / HTTP/1.1" 304 377 "https://senseis.xmp.net/?MiaiExercises" "Mozilla/5.0 (X11; Linux x86_64) AppleWebKit/537.36 (KHTML, like Gecko) Chrome/60.0.3112.78 Safari/537.36"
40.77.167.22 - - [12/Jan/2018:06:59:14 +0100] "GET /?HoligorFillsHisOwnEye HTTP/1.1" 200 10443 "-" "Mozilla/5.0 (iPhone; CPU iPhone OS 7_0 like Mac OS X) AppleWebKit/537.51.1 (KHTML, like Gecko) Version/7.0 Mobile/11A465 Safari/9537.53 (compatible; bingbot/2.0; +http://www.bing.com/bingbot.htm)"
54.36.148.255 - - [12/Jan/2018:06:59:21 +0100] "GET /?XuanxuanQijingProblem330%2FAttempts HTTP/1.1" 200 5926 "-" "Mozilla/5.0 (compatible; AhrefsBot/5.2; +http://ahrefs.com/robot/)"
54.36.148.86 - - [12/Jan/2018:06:59:23 +0100] "GET /?topic=597 HTTP/1.1" 200 6117 "-" "Mozilla/5.0 (compatible; AhrefsBot/5.2; +http://ahrefs.com/robot/)"
46.229.168.71 - - [12/Jan/2018:06:59:26 +0100] "GET /?YouthGo HTTP/1.1" 200 7625 "-" "Mozilla/5.0 (compatible; SemrushBot/1.2~bl; +http://www.semrush.com/bot.html)"
24.186.150.92 - - [12/Jan/2018:06:59:27 +0100] "GET /?BeginnerStudySection HTTP/1.1" 200 11572 "https://senseis.xmp.net/" "Mozilla/5.0 (X11; Linux x86_64) AppleWebKit/537.36 (KHTML, like Gecko) Chrome/60.0.3112.78 Safari/537.36"
171.100.24.100 - - [12/Jan/2018:06:59:31 +0100] "GET /?MiYuting HTTP/1.1" 200 6685 "https://www.google.co.th/" "Mozilla/5.0 (iPad; CPU OS 10_3_3 like Mac OS X) AppleWebKit/603.3.8 (KHTML, like Gecko) Version/10.0 Mobile/14G60 Safari/602.1"
40.77.167.80 - - [12/Jan/2018:06:59:38 +0100] "GET /?GarzAndGo HTTP/1.1" 200 6676 "-" "Mozilla/5.0 (compatible; bingbot/2.0; +http://www.bing.com/bingbot.htm)"
73.173.254.144 - - [12/Jan/2018:06:59:45 +0100] "GET /?StoneScoring HTTP/1.1" 200 5926 "https://senseis.xmp.net/?NoPassGo" "Mozilla/5.0 (Windows NT 6.1; WOW64; rv:43.0) Gecko/20100101 Firefox/43.0"
62.210.189.101 - - [12/Jan/2018:06:59:46 +0100] "GET /?NakayamaNoriyuki HTTP/1.1" 200 14088 "-" "Mozilla/5.0 (Windows NT 6.3; WOW64; rv:54.0) Gecko/20100101 Firefox/54.0"
40.77.167.80 - - [12/Jan/2018:06:59:48 +0100] "GET /?Truc HTTP/1.1" 304 3879 "-" "Mozilla/5.0 (compatible; bingbot/2.0; +http://www.bing.com/bingbot.htm)"
40.77.167.80 - - [12/Jan/2018:06:59:54 +0100] "GET /?Atari HTTP/1.1" 200 7703 "-" "Mozilla/5.0 (compatible; bingbot/2.0; +http://www.bing.com/bingbot.htm)"
68.180.230.239 - - [12/Jan/2018:07:00:03 +0100] "GET /?HorizonX HTTP/1.1" 304 3386 "-" "Mozilla/5.0 (compatible; Yahoo! Slurp; http://help.yahoo.com/help/us/ysearch/slurp)"
40.77.167.7 - - [12/Jan/2018:07:00:05 +0100] "GET /?deadstones HTTP/1.1" 200 7474 "-" "Mozilla/5.0 (iPhone; CPU iPhone OS 7_0 like Mac OS X) AppleWebKit/537.51.1 (KHTML, like Gecko) Version/7.0 Mobile/11A465 Safari/9537.53 (compatible; bingbot/2.0; +http://www.bing.com/bingbot.htm)"
46.229.168.69 - - [12/Jan/2018:07:00:12 +0100] "GET /?BeginnerExercise132%2FAttempts HTTP/1.1" 200 9305 "-" "Mozilla/5.0 (compatible; SemrushBot/1.2~bl; +http://www.semrush.com/bot.html)"
40.77.167.80 - - [12/Jan/2018:07:00:13 +0100] "GET /?FangTianfeng HTTP/1.1" 200 6244 "-" "Mozilla/5.0 (iPhone; CPU iPhone OS 7_0 like Mac OS X) AppleWebKit/537.51.1 (KHTML, like Gecko) Version/7.0 Mobile/11A465 Safari/9537.53 (compatible; bingbot/2.0; +http://www.bing.com/bingbot.htm)"
40.77.167.80 - - [12/Jan/2018:07:00:17 +0100] "GET /?LiuDihuai HTTP/1.1" 200 6426 "-" "Mozilla/5.0 (iPhone; CPU iPhone OS 7_0 like Mac OS X) AppleWebKit/537.51.1 (KHTML, like Gecko) Version/7.0 Mobile/11A465 Safari/9537.53 (compatible; bingbot/2.0; +http://www.bing.com/bingbot.htm)"
40.77.167.80 - - [12/Jan/2018:07:00:18 +0100] "GET /?FusekiExercise6%2FDiscussion HTTP/1.1" 200 11560 "-" "Mozilla/5.0 (iPhone; CPU iPhone OS 7_0 like Mac OS X) AppleWebKit/537.51.1 (KHTML, like Gecko) Version/7.0 Mobile/11A465 Safari/9537.53 (compatible; bingbot/2.0; +http://www.bing.com/bingbot.htm)"
107.219.122.121 - - [12/Jan/2018:07:00:22 +0100] "GET /?TheBasicsOfFuseki HTTP/1.1" 200 7818 "https://senseis.xmp.net/?OrthodoxFuseki" "Mozilla/5.0 (X11; Ubuntu; Linux x86_64; rv:57.0) Gecko/20100101 Firefox/57.0"
40.77.167.7 - - [12/Jan/2018:07:00:25 +0100] "GET /?SnapbackProblem23 HTTP/1.1" 304 3879 "-" "Mozilla/5.0 (compatible; bingbot/2.0; +http://www.bing.com/bingbot.htm)"
40.77.167.7 - - [12/Jan/2018:07:00:26 +0100] "GET /?palmpilot HTTP/1.1" 200 16131 "-" "Mozilla/5.0 (iPhone; CPU iPhone OS 7_0 like Mac OS X) AppleWebKit/537.51.1 (KHTML, like Gecko) Version/7.0 Mobile/11A465 Safari/9537.53 (compatible; bingbot/2.0; +http://www.bing.com/bingbot.htm)"
46.229.168.69 - - [12/Jan/2018:07:00:27 +0100] "GET /?PalmSGF HTTP/1.1" 200 6393 "-" "Mozilla/5.0 (compatible; SemrushBot/1.2~bl; +http://www.semrush.com/bot.html)"
77.111.245.13 - - [12/Jan/2018:07:00:30 +0100] "GET /?Go HTTP/1.1" 200 8433 "http://www.gnu.org/software/gnugo/" "Mozilla/5.0 (Macintosh; Intel Mac OS X 10_12_5) AppleWebKit/537.36 (KHTML, like Gecko) Chrome/62.0.3202.94 Safari/537.36 OPR/49.0.2725.64"
66.249.64.201 - - [12/Jan/2018:07:00:36 +0100] "GET /?SaitoTadashi HTTP/1.1" 200 5710 "-" "Mozilla/5.0 (compatible; Googlebot/2.1; +http://www.google.com/bot.html)"
24.186.150.92 - - [12/Jan/2018:07:00:37 +0100] "GET /?SakataEio HTTP/1.1" 200 9293 "https://senseis.xmp.net/?BeginnerStudySection" "Mozilla/5.0 (X11; Linux x86_64) AppleWebKit/537.36 (KHTML, like Gecko) Chrome/60.0.3112.78 Safari/537.36"
46.229.168.69 - - [12/Jan/2018:07:00:37 +0100] "GET /?BeginnerExercise132%2FAttempts HTTP/1.1" 200 9305 "-" "Mozilla/5.0 (compatible; SemrushBot/1.2~bl; +http://www.semrush.com/bot.html)"
46.229.168.69 - - [12/Jan/2018:07:00:50 +0100] "GET /?PalmSGF HTTP/1.1" 200 6393 "-" "Mozilla/5.0 (compatible; SemrushBot/1.2~bl; +http://www.semrush.com/bot.html)"
46.229.168.66 - - [12/Jan/2018:07:00:51 +0100] "GET /?BeginnerExercise120 HTTP/1.1" 200 5897 "-" "Mozilla/5.0 (compatible; SemrushBot/1.2~bl; +http://www.semrush.com/bot.html)"
46.229.168.69 - - [12/Jan/2018:07:00:58 +0100] "GET /?BeginnerExercise132%2FAttempts HTTP/1.1" 200 9305 "-" "Mozilla/5.0 (compatible; SemrushBot/1.2~bl; +http://www.semrush.com/bot.html)"
68.180.230.239 - - [12/Jan/2018:07:01:04 +0100] "GET /?NoPlanInTheOpening HTTP/1.1" 304 3386 "-" "Mozilla/5.0 (compatible; Yahoo! Slurp; http://help.yahoo.com/help/us/ysearch/slurp)"
46.229.168.68 - - [12/Jan/2018:07:01:09 +0100] "GET /?PairGoTheBook HTTP/1.1" 200 5529 "-" "Mozilla/5.0 (compatible; SemrushBot/1.2~bl; +http://www.semrush.com/bot.html)"
46.229.168.69 - - [12/Jan/2018:07:01:11 +0100] "GET /?PalmSGF HTTP/1.1" 200 6393 "-" "Mozilla/5.0 (compatible; SemrushBot/1.2~bl; +http://www.semrush.com/bot.html)"
54.36.148.188 - - [12/Jan/2018:07:01:12 +0100] "GET /?IgoHatsuyoRonProblems%2FThumbnails150 HTTP/1.1" 200 7428 "-" "Mozilla/5.0 (compatible; AhrefsBot/5.2; +http://ahrefs.com/robot/)"
46.229.168.66 - - [12/Jan/2018:07:01:12 +0100] "GET /?BeginnerExercise120 HTTP/1.1" 200 5897 "-" "Mozilla/5.0 (compatible; SemrushBot/1.2~bl; +http://www.semrush.com/bot.html)"
54.36.148.104 - - [12/Jan/2018:07:01:15 +0100] "GET /?forum=3453EnclosureCappingReduction HTTP/1.1" 200 5255 "-" "Mozilla/5.0 (compatible; AhrefsBot/5.2; +http://ahrefs.com/robot/)"
171.100.24.100 - - [12/Jan/2018:07:01:16 +0100] "GET /?KeJie HTTP/1.1" 200 6462 "https://www.google.co.th/" "Mozilla/5.0 (iPad; CPU OS 10_3_3 like Mac OS X) AppleWebKit/603.3.8 (KHTML, like Gecko) Version/10.0 Mobile/14G60 Safari/602.1"
54.36.148.62 - - [12/Jan/2018:07:01:18 +0100] "GET /?forum=LexikonDerJosekiII HTTP/1.1" 200 5233 "-" "Mozilla/5.0 (compatible; AhrefsBot/5.2; +http://ahrefs.com/robot/)"
93.73.234.161 - - [12/Jan/2018:07:01:21 +0100] "GET /?45Point43ApproachKeimaContactAt35Hanedashi HTTP/1.1" 200 7731 "https://senseis.xmp.net/?TrickPlayExample3" "Mozilla/5.0 (Linux; U; Android 6.0; zh-CN; MZ-M5c Build/MRA58K) AppleWebKit/537.36 (KHTML, like Gecko) Version/4.0 Chrome/40.0.2214.89 MZBrowser/6.9.410-2017122215 UWS/2.11.0.33 Mobile Safari/537.36"
68.180.230.239 - - [12/Jan/2018:07:01:23 +0100] "GET /?HermanHiddema%2FFirstToEight HTTP/1.1" 304 3386 "-" "Mozilla/5.0 (compatible; Yahoo! Slurp; http://help.yahoo.com/help/us/ysearch/slurp)"
123.126.113.111 - - [12/Jan/2018:07:01:27 +0100] "GET /?LifeIn19x19 HTTP/1.1" 200 6520 "-" "Sogou web spider/4.0(+http://www.sogou.com/docs/help/webmasters.htm#07)"
106.120.173.116 - - [12/Jan/2018:07:01:27 +0100] "GET /?Fuseki HTTP/1.1" 200 6453 "-" "Sogou web spider/4.0(+http://www.sogou.com/docs/help/webmasters.htm#07)"
46.229.168.66 - - [12/Jan/2018:07:01:29 +0100] "GET /?forum=SenteNature HTTP/1.1" 200 5321 "-" "Mozilla/5.0 (compatible; SemrushBot/1.2~bl; +http://www.semrush.com/bot.html)"
106.120.173.149 - - [12/Jan/2018:07:01:32 +0100] "GET /?IGSScoringModeTip HTTP/1.1" 200 6666 "-" "Sogou web spider/4.0(+http://www.sogou.com/docs/help/webmasters.htm#07)"
106.38.241.71 - - [12/Jan/2018:07:01:38 +0100] "GET /?NongshimCup HTTP/1.1" 200 7027 "-" "Sogou web spider/4.0(+http://www.sogou.com/docs/help/webmasters.htm#07)"
46.229.168.66 - - [12/Jan/2018:07:01:40 +0100] "GET /?BeginnerExercise120 HTTP/1.1" 200 5897 "-" "Mozilla/5.0 (compatible; SemrushBot/1.2~bl; +http://www.semrush.com/bot.html)"
69.250.163.118 - - [12/Jan/2018:07:01:48 +0100] "GET /?Komi HTTP/1.1" 304 3257 "https://www.google.com/" "Mozilla/5.0 (iPad; CPU OS 11_2_1 like Mac OS X) AppleWebKit/604.4.7 (KHTML, like Gecko) Version/11.0 Mobile/15C153 Safari/604.1"
46.229.168.78 - - [12/Jan/2018:07:01:51 +0100] "GET /?Archaic%2FCreatingPotentialByAddingStonesToAnArea HTTP/1.1" 200 10809 "-" "Mozilla/5.0 (compatible; SemrushBot/1.2~bl; +http://www.semrush.com/bot.html)"
207.46.13.153 - - [12/Jan/2018:07:01:52 +0100] "GET /robots.txt HTTP/1.1" 200 2420 "-" "Mozilla/5.0 (compatible; bingbot/2.0; +http://www.bing.com/bingbot.htm)"
207.46.13.153 - - [12/Jan/2018:07:01:53 +0100] "GET /robots.txt HTTP/1.1" 200 3961 "-" "Mozilla/5.0 (compatible; bingbot/2.0; +http://www.bing.com/bingbot.htm)"
40.77.167.54 - - [12/Jan/2018:07:01:56 +0100] "GET /?HaneNaoki HTTP/1.1" 200 7962 "-" "Mozilla/5.0 (iPhone; CPU iPhone OS 7_0 like Mac OS X) AppleWebKit/537.51.1 (KHTML, like Gecko) Version/7.0 Mobile/11A465 Safari/9537.53 (compatible; bingbot/2.0; +http://www.bing.com/bingbot.htm)"
40.77.167.7 - - [12/Jan/2018:07:01:56 +0100] "GET /?GunSix HTTP/1.1" 200 8273 "-" "Mozilla/5.0 (iPhone; CPU iPhone OS 7_0 like Mac OS X) AppleWebKit/537.51.1 (KHTML, like Gecko) Version/7.0 Mobile/11A465 Safari/9537.53 (compatible; bingbot/2.0; +http://www.bing.com/bingbot.htm)"
130.95.13.120 - - [12/Jan/2018:07:01:59 +0100] "GET /?GoSeigen HTTP/1.1" 200 13210 "https://www.reddit.com/r/baduk/comments/2nvlp3/rip_go_siegen/" "Mozilla/5.0 (Windows NT 10.0; Win64; x64; rv:57.0) Gecko/20100101 Firefox/57.0"
130.95.13.120 - - [12/Jan/2018:07:02:01 +0100] "GET /favicon.ico HTTP/1.1" 200 646 "-" "Mozilla/5.0 (Windows NT 10.0; Win64; x64; rv:57.0) Gecko/20100101 Firefox/57.0"
46.229.168.66 - - [12/Jan/2018:07:02:04 +0100] "GET /?forum=SenteNature HTTP/1.1" 200 5321 "-" "Mozilla/5.0 (compatible; SemrushBot/1.2~bl; +http://www.semrush.com/bot.html)"
213.180.203.2 - - [12/Jan/2018:07:02:04 +0100] "GET /?The1971HoninboTournament HTTP/1.1" 200 7315 "-" "Mozilla/5.0 (compatible; YandexBot/3.0; +http://yandex.com/bots)"
213.180.203.2 - - [12/Jan/2018:07:02:16 +0100] "GET /?forum=GGPD300JosekiProblems1d3d HTTP/1.1" 200 5480 "-" "Mozilla/5.0 (compatible; YandexBot/3.0; +http://yandex.com/bots)"
125.209.235.179 - - [12/Jan/2018:07:02:23 +0100] "GET /?DrunkenGnu HTTP/1.1" 200 6752 "-" "Mozilla/5.0 (compatible; Yeti/1.1; +http://naver.me/bot)"
24.186.150.92 - - [12/Jan/2018:07:02:23 +0100] "GET /?TesujiAndAntiSujiOfGo HTTP/1.1" 200 5898 "https://senseis.xmp.net/?SakataEio" "Mozilla/5.0 (X11; Linux x86_64) AppleWebKit/537.36 (KHTML, like Gecko) Chrome/60.0.3112.78 Safari/537.36"
46.229.168.74 - - [12/Jan/2018:07:02:26 +0100] "GET /?topic=1457 HTTP/1.1" 200 5449 "-" "Mozilla/5.0 (compatible; SemrushBot/1.2~bl; +http://www.semrush.com/bot.html)"
213.180.203.2 - - [12/Jan/2018:07:02:34 +0100] "GET /?BeginnerExercise80 HTTP/1.1" 200 6147 "-" "Mozilla/5.0 (compatible; YandexBot/3.0; +http://yandex.com/bots)"
46.229.168.66 - - [12/Jan/2018:07:02:37 +0100] "GET /?GokyoShumyoSection2Problem56 HTTP/1.1" 200 5817 "-" "Mozilla/5.0 (compatible; SemrushBot/1.2~bl; +http://www.semrush.com/bot.html)"
46.229.168.78 - - [12/Jan/2018:07:02:41 +0100] "GET /?Archaic%2FCreatingPotentialByAddingStonesToAnArea HTTP/1.1" 200 10809 "-" "Mozilla/5.0 (compatible; SemrushBot/1.2~bl; +http://www.semrush.com/bot.html)"
40.77.167.80 - - [12/Jan/2018:07:02:43 +0100] "GET /?Friends21 HTTP/1.1" 200 6032 "-" "Mozilla/5.0 (iPhone; CPU iPhone OS 7_0 like Mac OS X) AppleWebKit/537.51.1 (KHTML, like Gecko) Version/7.0 Mobile/11A465 Safari/9537.53 (compatible; bingbot/2.0; +http://www.bing.com/bingbot.htm)"
24.186.150.92 - - [12/Jan/2018:07:02:43 +0100] "GET /?Tesuji HTTP/1.1" 200 5132 "https://senseis.xmp.net/?TesujiAndAntiSujiOfGo" "Mozilla/5.0 (X11; Linux x86_64) AppleWebKit/537.36 (KHTML, like Gecko) Chrome/60.0.3112.78 Safari/537.36"
46.229.168.74 - - [12/Jan/2018:07:02:48 +0100] "GET /?topic=1457 HTTP/1.1" 200 5449 "-" "Mozilla/5.0 (compatible; SemrushBot/1.2~bl; +http://www.semrush.com/bot.html)"
213.180.203.2 - - [12/Jan/2018:07:02:53 +0100] "GET /?Reduce HTTP/1.1" 200 6173 "-" "Mozilla/5.0 (compatible; YandexBot/3.0; +http://yandex.com/bots)"
69.250.163.118 - - [12/Jan/2018:07:02:58 +0100] "GET /?Komi%2FvalueOfFirstMove HTTP/1.1" 200 8329 "https://senseis.xmp.net/?Komi" "Mozilla/5.0 (iPad; CPU OS 11_2_1 like Mac OS X) AppleWebKit/604.4.7 (KHTML, like Gecko) Version/11.0 Mobile/15C153 Safari/604.1"
68.180.230.239 - - [12/Jan/2018:07:03:03 +0100] "GET /?LiHaiou HTTP/1.1" 304 3386 "-" "Mozilla/5.0 (compatible; Yahoo! Slurp; http://help.yahoo.com/help/us/ysearch/slurp)"
46.229.168.74 - - [12/Jan/2018:07:03:05 +0100] "GET /?topic=1457 HTTP/1.1" 200 5449 "-" "Mozilla/5.0 (compatible; SemrushBot/1.2~bl; +http://www.semrush.com/bot.html)"
54.36.149.86 - - [12/Jan/2018:07:03:07 +0100] "GET /?GokyoShumyoSection4Problem39%2FSolution HTTP/1.1" 200 5770 "-" "Mozilla/5.0 (compatible; AhrefsBot/5.2; +http://ahrefs.com/robot/)"
46.229.168.69 - - [12/Jan/2018:07:03:13 +0100] "GET /?RabidWolve HTTP/1.1" 200 5337 "-" "Mozilla/5.0 (compatible; SemrushBot/1.2~bl; +http://www.semrush.com/bot.html)"
73.173.254.144 - - [12/Jan/2018:07:03:13 +0100] "GET /?HistoryOfChineseScoring HTTP/1.1" 200 3671 "https://senseis.xmp.net/?StoneScoring" "Mozilla/5.0 (Windows NT 6.1; WOW64; rv:43.0) Gecko/20100101 Firefox/43.0"
46.229.168.80 - - [12/Jan/2018:07:03:13 +0100] "GET /?topic=2982 HTTP/1.1" 200 7561 "-" "Mozilla/5.0 (compatible; SemrushBot/1.2~bl; +http://www.semrush.com/bot.html)"
54.36.149.28 - - [12/Jan/2018:07:03:18 +0100] "GET /?DailyYomiuri HTTP/1.1" 200 6009 "-" "Mozilla/5.0 (compatible; AhrefsBot/5.2; +http://ahrefs.com/robot/)"
46.229.168.72 - - [12/Jan/2018:07:03:22 +0100] "GET /?forum=OD1PJuly27Problem HTTP/1.1" 200 5241 "-" "Mozilla/5.0 (compatible; SemrushBot/1.2~bl; +http://www.semrush.com/bot.html)"
93.73.234.161 - - [12/Jan/2018:07:03:24 +0100] "GET /?TrickPlayExample2 HTTP/1.1" 304 377 "https://senseis.xmp.net/?Hamete" "Mozilla/5.0 (Linux; U; Android 6.0; zh-CN; MZ-M5c Build/MRA58K) AppleWebKit/537.36 (KHTML, like Gecko) Version/4.0 Chrome/40.0.2214.89 MZBrowser/6.9.410-2017122215 UWS/2.11.0.33 Mobile Safari/537.36"
24.186.150.92 - - [12/Jan/2018:07:03:24 +0100] "GET /?Warikomi HTTP/1.1" 200 7519 "https://senseis.xmp.net/?Tesuji" "Mozilla/5.0 (X11; Linux x86_64) AppleWebKit/537.36 (KHTML, like Gecko) Chrome/60.0.3112.78 Safari/537.36"
46.229.168.80 - - [12/Jan/2018:07:03:35 +0100] "GET /?topic=2982 HTTP/1.1" 200 7561 "-" "Mozilla/5.0 (compatible; SemrushBot/1.2~bl; +http://www.semrush.com/bot.html)"
51.255.71.113 - - [12/Jan/2018:07:03:36 +0100] "GET /?forum=KoThreatExercises HTTP/1.1" 200 5318 "-" "Mozilla/5.0 (compatible; AhrefsBot/5.2; +http://ahrefs.com/robot/)"
46.229.168.69 - - [12/Jan/2018:07:03:36 +0100] "GET /?RabidWolve HTTP/1.1" 200 5337 "-" "Mozilla/5.0 (compatible; SemrushBot/1.2~bl; +http://www.semrush.com/bot.html)"
46.229.168.72 - - [12/Jan/2018:07:03:44 +0100] "GET /?forum=OD1PJuly27Problem HTTP/1.1" 200 5241 "-" "Mozilla/5.0 (compatible; SemrushBot/1.2~bl; +http://www.semrush.com/bot.html)"
69.146.147.133 - - [12/Jan/2018:07:03:44 +0100] "GET /?BQM213 HTTP/1.1" 200 26985 "http://www.google.com/" "Mozilla/5.0 (Linux; Android 7.0; SM-N920V Build/NRD90M) AppleWebKit/537.36 (KHTML, like Gecko) Chrome/63.0.3239.111 Mobile Safari/537.36"
69.146.147.133 - - [12/Jan/2018:07:03:50 +0100] "GET /favicon.ico HTTP/1.1" 200 646 "https://senseis.xmp.net/?BQM213" "Mozilla/5.0 (Linux; Android 7.0; SM-N920V Build/NRD90M) AppleWebKit/537.36 (KHTML, like Gecko) Chrome/63.0.3239.111 Mobile Safari/537.36"
40.77.167.54 - - [12/Jan/2018:07:03:56 +0100] "GET /?PrimaryLiberty HTTP/1.1" 200 6391 "-" "Mozilla/5.0 (iPhone; CPU iPhone OS 7_0 like Mac OS X) AppleWebKit/537.51.1 (KHTML, like Gecko) Version/7.0 Mobile/11A465 Safari/9537.53 (compatible; bingbot/2.0; +http://www.bing.com/bingbot.htm)"
46.229.168.69 - - [12/Jan/2018:07:04:05 +0100] "GET /?EdPoor HTTP/1.1" 200 5657 "-" "Mozilla/5.0 (compatible; SemrushBot/1.2~bl; +http://www.semrush.com/bot.html)"
68.180.230.239 - - [12/Jan/2018:07:04:06 +0100] "GET /?Draugr%2FlifeAndDeath HTTP/1.1" 304 3386 "-" "Mozilla/5.0 (compatible; Yahoo! Slurp; http://help.yahoo.com/help/us/ysearch/slurp)"
46.229.168.72 - - [12/Jan/2018:07:04:07 +0100] "GET /?forum=OD1PJuly27Problem HTTP/1.1" 200 5241 "-" "Mozilla/5.0 (compatible; SemrushBot/1.2~bl; +http://www.semrush.com/bot.html)"
93.73.234.161 - - [12/Jan/2018:07:04:13 +0100] "GET /?34PointHighApproachLowExtensionTrickPlay HTTP/1.1" 200 5189 "https://senseis.xmp.net/?Hamete" "Mozilla/5.0 (Linux; U; Android 6.0; zh-CN; MZ-M5c Build/MRA58K) AppleWebKit/537.36 (KHTML, like Gecko) Version/4.0 Chrome/40.0.2214.89 MZBrowser/6.9.410-2017122215 UWS/2.11.0.33 Mobile Safari/537.36"
46.229.168.66 - - [12/Jan/2018:07:04:19 +0100] "GET /?OutsideInfluence HTTP/1.1" 200 8233 "-" "Mozilla/5.0 (compatible; SemrushBot/1.2~bl; +http://www.semrush.com/bot.html)"
106.38.241.154 - - [12/Jan/2018:07:04:24 +0100] "GET /?KimYeongSam HTTP/1.1" 200 5702 "-" "Sogou web spider/4.0(+http://www.sogou.com/docs/help/webmasters.htm#07)"
46.229.168.69 - - [12/Jan/2018:07:04:25 +0100] "GET /?EdPoor HTTP/1.1" 200 5657 "-" "Mozilla/5.0 (compatible; SemrushBot/1.2~bl; +http://www.semrush.com/bot.html)"
66.249.64.205 - - [12/Jan/2018:07:04:36 +0100] "GET /?KajiwaraTakeo HTTP/1.1" 200 6743 "-" "Mozilla/5.0 (compatible; Googlebot/2.1; +http://www.google.com/bot.html)"
35.226.23.240 - - [12/Jan/2018:07:04:40 +0100] "GET /robots.txt HTTP/1.1" 200 2281 "-" "ltx71 - (http://ltx71.com/)"
46.229.168.66 - - [12/Jan/2018:07:04:42 +0100] "GET /?OutsideInfluence HTTP/1.1" 200 8233 "-" "Mozilla/5.0 (compatible; SemrushBot/1.2~bl; +http://www.semrush.com/bot.html)"
46.229.168.69 - - [12/Jan/2018:07:04:42 +0100] "GET /?EdPoor HTTP/1.1" 200 5657 "-" "Mozilla/5.0 (compatible; SemrushBot/1.2~bl; +http://www.semrush.com/bot.html)"
54.36.149.23 - - [12/Jan/2018:07:04:48 +0100] "GET /?forum=StrategicPlans HTTP/1.1" 200 5220 "-" "Mozilla/5.0 (compatible; AhrefsBot/5.2; +http://ahrefs.com/robot/)"
46.229.168.78 - - [12/Jan/2018:07:04:48 +0100] "GET /?forum=EndgameTesuji15 HTTP/1.1" 200 5145 "-" "Mozilla/5.0 (compatible; SemrushBot/1.2~bl; +http://www.semrush.com/bot.html)"
54.36.148.112 - - [12/Jan/2018:07:04:51 +0100] "GET /?forum=FujitaAkihiko HTTP/1.1" 200 5224 "-" "Mozilla/5.0 (compatible; AhrefsBot/5.2; +http://ahrefs.com/robot/)"
24.6.48.206 - - [12/Jan/2018:07:04:53 +0100] "GET /?Tengen HTTP/1.1" 200 7517 "https://search.yahoo.com/" "Mozilla/5.0 (X11; Linux x86_64; rv:57.0) Gecko/20100101 Firefox/57.0"
24.6.48.206 - - [12/Jan/2018:07:04:54 +0100] "GET /favicon.ico HTTP/1.1" 200 646 "-" "Mozilla/5.0 (X11; Linux x86_64; rv:57.0) Gecko/20100101 Firefox/57.0"
40.77.167.54 - - [12/Jan/2018:07:04:56 +0100] "GET /?xianjiwuku HTTP/1.1" 200 7463 "-" "Mozilla/5.0 (iPhone; CPU iPhone OS 7_0 like Mac OS X) AppleWebKit/537.51.1 (KHTML, like Gecko) Version/7.0 Mobile/11A465 Safari/9537.53 (compatible; bingbot/2.0; +http://www.bing.com/bingbot.htm)"
54.36.148.10 - - [12/Jan/2018:07:04:58 +0100] "GET /?forum=TsubouchiTakeji HTTP/1.1" 200 5222 "-" "Mozilla/5.0 (compatible; AhrefsBot/5.2; +http://ahrefs.com/robot/)"
46.229.168.66 - - [12/Jan/2018:07:05:00 +0100] "GET /?OutsideInfluence HTTP/1.1" 200 8233 "-" "Mozilla/5.0 (compatible; SemrushBot/1.2~bl; +http://www.semrush.com/bot.html)"
46.229.168.80 - - [12/Jan/2018:07:05:01 +0100] "GET /?forum=Christian3 HTTP/1.1" 200 5145 "-" "Mozilla/5.0 (compatible; SemrushBot/1.2~bl; +http://www.semrush.com/bot.html)"
130.95.13.120 - - [12/Jan/2018:07:05:05 +0100] "GET /?Uchikomi HTTP/1.1" 200 3427 "https://senseis.xmp.net/?GoSeigen" "Mozilla/5.0 (Windows NT 10.0; Win64; x64; rv:57.0) Gecko/20100101 Firefox/57.0"
46.229.168.78 - - [12/Jan/2018:07:05:09 +0100] "GET /?forum=EndgameTesuji15 HTTP/1.1" 200 5145 "-" "Mozilla/5.0 (compatible; SemrushBot/1.2~bl; +http://www.semrush.com/bot.html)"
54.36.149.10 - - [12/Jan/2018:07:05:10 +0100] "GET /?PushingBattlesInJoseki6 HTTP/1.1" 200 6739 "-" "Mozilla/5.0 (compatible; AhrefsBot/5.2; +http://ahrefs.com/robot/)"
40.77.167.80 - - [12/Jan/2018:07:05:18 +0100] "GET /?Atari%2FHatari HTTP/1.1" 304 3879 "-" "Mozilla/5.0 (compatible; bingbot/2.0; +http://www.bing.com/bingbot.htm)"
46.229.168.69 - - [12/Jan/2018:07:05:19 +0100] "GET /?forum=BQM107 HTTP/1.1" 200 5225 "-" "Mozilla/5.0 (compatible; SemrushBot/1.2~bl; +http://www.semrush.com/bot.html)"
205.209.174.107 - - [12/Jan/2018:07:05:20 +0100] "GET / HTTP/1.1" 200 6310 "-" "Mozilla/5.0 (Windows NT 6.1; Trident/7.0; rv:11.0) like Gecko"
205.209.174.107 - - [12/Jan/2018:07:05:30 +0100] "GET / HTTP/1.1" 200 3728 "-" "Mozilla/5.0 (Windows NT 6.1; Trident/7.0; rv:11.0) like Gecko"
46.229.168.69 - - [12/Jan/2018:07:05:43 +0100] "GET /?forum=BQM107 HTTP/1.1" 200 5225 "-" "Mozilla/5.0 (compatible; SemrushBot/1.2~bl; +http://www.semrush.com/bot.html)"
46.229.168.69 - - [12/Jan/2018:07:05:51 +0100] "GET /?forum=GokyoShumyoSection1Problem103 HTTP/1.1" 200 5273 "-" "Mozilla/5.0 (compatible; SemrushBot/1.2~bl; +http://www.semrush.com/bot.html)"
46.229.168.78 - - [12/Jan/2018:07:05:54 +0100] "GET /?EyePoint HTTP/1.1" 200 7257 "-" "Mozilla/5.0 (compatible; SemrushBot/1.2~bl; +http://www.semrush.com/bot.html)"
40.77.167.54 - - [12/Jan/2018:07:05:56 +0100] "GET /?topic=1374 HTTP/1.1" 200 6070 "-" "Mozilla/5.0 (compatible; bingbot/2.0; +http://www.bing.com/bingbot.htm)"
213.180.203.2 - - [12/Jan/2018:07:05:56 +0100] "GET /?BeginnerExercise338 HTTP/1.1" 200 6098 "-" "Mozilla/5.0 (compatible; YandexBot/3.0; +http://yandex.com/bots)"
46.229.168.69 - - [12/Jan/2018:07:05:59 +0100] "GET /?forum=BQM107 HTTP/1.1" 200 5225 "-" "Mozilla/5.0 (compatible; SemrushBot/1.2~bl; +http://www.semrush.com/bot.html)"
46.229.168.69 - - [12/Jan/2018:07:06:14 +0100] "GET /?forum=GokyoShumyoSection1Problem103 HTTP/1.1" 200 5273 "-" "Mozilla/5.0 (compatible; SemrushBot/1.2~bl; +http://www.semrush.com/bot.html)"
46.229.168.78 - - [12/Jan/2018:07:06:16 +0100] "GET /?EyePoint HTTP/1.1" 200 7257 "-" "Mozilla/5.0 (compatible; SemrushBot/1.2~bl; +http://www.semrush.com/bot.html)"
174.87.25.88 - - [12/Jan/2018:07:06:16 +0100] "GET /wp-login.php HTTP/1.1" 404 3750 "-" "Mozilla/5.0 (Windows NT 6.1; WOW64; rv:40.0) Gecko/20100101 Firefox/40.1"
174.87.25.88 - - [12/Jan/2018:07:06:17 +0100] "GET / HTTP/1.1" 200 9314 "-" "Mozilla/5.0 (Windows NT 6.1; WOW64; rv:40.0) Gecko/20100101 Firefox/40.1"
46.229.168.69 - - [12/Jan/2018:07:06:30 +0100] "GET /?forum=GokyoShumyoSection1Problem103 HTTP/1.1" 200 5273 "-" "Mozilla/5.0 (compatible; SemrushBot/1.2~bl; +http://www.semrush.com/bot.html)"
205.209.174.107 - - [12/Jan/2018:07:06:32 +0100] "GET / HTTP/1.1" 200 3728 "-" "Mozilla/5.0 (Windows NT 6.1; Trident/7.0; rv:11.0) like Gecko"
66.249.64.201 - - [12/Jan/2018:07:06:37 +0100] "GET /?KimHyeoimin:v1 HTTP/1.1" 200 6156 "-" "Mozilla/5.0 (compatible; Googlebot/2.1; +http://www.google.com/bot.html)"
68.180.230.239 - - [12/Jan/2018:07:06:47 +0100] "GET /?AcidBurn HTTP/1.1" 304 3386 "-" "Mozilla/5.0 (compatible; Yahoo! Slurp; http://help.yahoo.com/help/us/ysearch/slurp)"
54.36.148.156 - - [12/Jan/2018:07:06:51 +0100] "GET /?forum=MrBurns HTTP/1.1" 200 5212 "-" "Mozilla/5.0 (compatible; AhrefsBot/5.2; +http://ahrefs.com/robot/)"
135.84.144.143 - - [12/Jan/2018:07:06:53 +0100] "GET /?GGo HTTP/1.1" 200 6602 "https://www.google.com/" "Mozilla/5.0 (X11; Ubuntu; Linux x86_64; rv:57.0) Gecko/20100101 Firefox/57.0"
68.180.230.239 - - [12/Jan/2018:07:06:54 +0100] "GET /?DrKlausHeine HTTP/1.1" 304 3386 "-" "Mozilla/5.0 (compatible; Yahoo! Slurp; http://help.yahoo.com/help/us/ysearch/slurp)"
68.180.230.239 - - [12/Jan/2018:07:07:00 +0100] "GET /?H3r0 HTTP/1.1" 304 3386 "-" "Mozilla/5.0 (compatible; Yahoo! Slurp; http://help.yahoo.com/help/us/ysearch/slurp)"
54.36.148.249 - - [12/Jan/2018:07:07:02 +0100] "GET /?forum=TesujiFromGames8 HTTP/1.1" 200 5309 "-" "Mozilla/5.0 (compatible; AhrefsBot/5.2; +http://ahrefs.com/robot/)"
68.180.230.239 - - [12/Jan/2018:07:07:03 +0100] "GET /?W HTTP/1.1" 304 3386 "-" "Mozilla/5.0 (compatible; Yahoo! Slurp; http://help.yahoo.com/help/us/ysearch/slurp)"
170.177.253.22 - - [12/Jan/2018:07:07:05 +0100] "GET /?ReferenceSection HTTP/1.1" 200 8690 "https://senseis.xmp.net/" "Mozilla/5.0 (Windows NT 6.1; WOW64) AppleWebKit/537.36 (KHTML, like Gecko) Chrome/39.0.2171.95 Safari/537.36"
46.229.168.65 - - [12/Jan/2018:07:07:05 +0100] "GET /?DougsGoBlog%2FMay2003 HTTP/1.1" 200 25315 "-" "Mozilla/5.0 (compatible; SemrushBot/1.2~bl; +http://www.semrush.com/bot.html)"
68.180.230.239 - - [12/Jan/2018:07:07:07 +0100] "GET /?PlayingAgainstSanrensei HTTP/1.1" 304 3386 "-" "Mozilla/5.0 (compatible; Yahoo! Slurp; http://help.yahoo.com/help/us/ysearch/slurp)"
68.180.230.239 - - [12/Jan/2018:07:07:07 +0100] "GET /?Zappastian HTTP/1.1" 304 3386 "-" "Mozilla/5.0 (compatible; Yahoo! Slurp; http://help.yahoo.com/help/us/ysearch/slurp)"
68.180.230.239 - - [12/Jan/2018:07:07:09 +0100] "GET /?Pytta HTTP/1.1" 304 3386 "-" "Mozilla/5.0 (compatible; Yahoo! Slurp; http://help.yahoo.com/help/us/ysearch/slurp)"
68.180.230.239 - - [12/Jan/2018:07:07:09 +0100] "GET /?Verse HTTP/1.1" 304 3386 "-" "Mozilla/5.0 (compatible; Yahoo! Slurp; http://help.yahoo.com/help/us/ysearch/slurp)"
54.36.148.149 - - [12/Jan/2018:07:07:14 +0100] "GET /?ShikatsuMyokiTsumegoSeries71 HTTP/1.1" 200 5830 "-" "Mozilla/5.0 (compatible; AhrefsBot/5.2; +http://ahrefs.com/robot/)"
46.229.168.67 - - [12/Jan/2018:07:07:14 +0100] "GET /?33PointEnclosures HTTP/1.1" 200 6281 "-" "Mozilla/5.0 (compatible; SemrushBot/1.2~bl; +http://www.semrush.com/bot.html)"
68.180.230.239 - - [12/Jan/2018:07:07:16 +0100] "GET /?Lucas HTTP/1.1" 304 3386 "-" "Mozilla/5.0 (compatible; Yahoo! Slurp; http://help.yahoo.com/help/us/ysearch/slurp)"
213.180.203.2 - - [12/Jan/2018:07:07:17 +0100] "GET /?TheArtOf9x9Go%2FhhMet HTTP/1.1" 200 12281 "-" "Mozilla/5.0 (compatible; YandexBot/3.0; +http://yandex.com/bots)"
46.229.168.73 - - [12/Jan/2018:07:07:18 +0100] "GET /?forum=Blunder HTTP/1.1" 200 5225 "-" "Mozilla/5.0 (compatible; SemrushBot/1.2~bl; +http://www.semrush.com/bot.html)"
68.180.230.239 - - [12/Jan/2018:07:07:22 +0100] "GET /?StefanUnger HTTP/1.1" 304 3386 "-" "Mozilla/5.0 (compatible; Yahoo! Slurp; http://help.yahoo.com/help/us/ysearch/slurp)"
68.180.230.239 - - [12/Jan/2018:07:07:22 +0100] "GET /?GoLovers HTTP/1.1" 304 3386 "-" "Mozilla/5.0 (compatible; Yahoo! Slurp; http://help.yahoo.com/help/us/ysearch/slurp)"
68.180.230.239 - - [12/Jan/2018:07:07:23 +0100] "GET /?AndersKierulf HTTP/1.1" 304 3386 "-" "Mozilla/5.0 (compatible; Yahoo! Slurp; http://help.yahoo.com/help/us/ysearch/slurp)"
68.180.230.239 - - [12/Jan/2018:07:07:23 +0100] "GET /?Vang HTTP/1.1" 304 3386 "-" "Mozilla/5.0 (compatible; Yahoo! Slurp; http://help.yahoo.com/help/us/ysearch/slurp)"
68.180.230.239 - - [12/Jan/2018:07:07:28 +0100] "GET /?Stamm HTTP/1.1" 304 3386 "-" "Mozilla/5.0 (compatible; Yahoo! Slurp; http://help.yahoo.com/help/us/ysearch/slurp)"
68.180.230.239 - - [12/Jan/2018:07:07:29 +0100] "GET /?Utwig HTTP/1.1" 304 3386 "-" "Mozilla/5.0 (compatible; Yahoo! Slurp; http://help.yahoo.com/help/us/ysearch/slurp)"
151.230.158.148 - - [12/Jan/2018:07:07:29 +0100] "GET / HTTP/1.1" 200 6929 "-" "Mozilla/5.0 (Linux; U; Android 4.2.2; en-gb; GT-I9100 Build/JDQ39E) AppleWebKit/534.30 (KHTML, like Gecko) Version/4.0 Mobile Safari/534.30 CyanogenMod/replicant-4.2/i9100"
68.180.230.239 - - [12/Jan/2018:07:07:30 +0100] "GET /?REWind HTTP/1.1" 304 3386 "-" "Mozilla/5.0 (compatible; Yahoo! Slurp; http://help.yahoo.com/help/us/ysearch/slurp)"
151.230.158.148 - - [12/Jan/2018:07:07:30 +0100] "GET /favicon.ico HTTP/1.1" 200 645 "https://senseis.xmp.net/" "Mozilla/5.0 (Linux; U; Android 4.2.2; en-gb; GT-I9100 Build/JDQ39E) AppleWebKit/534.30 (KHTML, like Gecko) Version/4.0 Mobile Safari/534.30 CyanogenMod/replicant-4.2/i9100"
40.77.167.80 - - [12/Jan/2018:07:07:33 +0100] "GET /?Nobi HTTP/1.1" 304 3879 "-" "Mozilla/5.0 (compatible; bingbot/2.0; +http://www.bing.com/bingbot.htm)"
68.180.230.239 - - [12/Jan/2018:07:07:35 +0100] "GET /?XGo HTTP/1.1" 304 3386 "-" "Mozilla/5.0 (compatible; Yahoo! Slurp; http://help.yahoo.com/help/us/ysearch/slurp)"
170.177.253.22 - - [12/Jan/2018:07:07:37 +0100] "GET /?TsumegoFromGames HTTP/1.1" 200 8308 "https://senseis.xmp.net/" "Mozilla/5.0 (Windows NT 6.1; WOW64) AppleWebKit/537.36 (KHTML, like Gecko) Chrome/39.0.2171.95 Safari/537.36"
68.180.230.239 - - [12/Jan/2018:07:07:37 +0100] "GET /?FabianBambusch HTTP/1.1" 304 3386 "-" "Mozilla/5.0 (compatible; Yahoo! Slurp; http://help.yahoo.com/help/us/ysearch/slurp)"
216.244.66.202 - - [12/Jan/2018:07:07:38 +0100] "GET /robots.txt HTTP/1.1" 200 4483 "-" "Mozilla/5.0 (compatible; DotBot/1.1; http://www.opensiteexplorer.org/dotbot, help@moz.com)"
40.77.167.80 - - [12/Jan/2018:07:07:38 +0100] "GET /?chess HTTP/1.1" 200 8464 "-" "Mozilla/5.0 (iPhone; CPU iPhone OS 7_0 like Mac OS X) AppleWebKit/537.51.1 (KHTML, like Gecko) Version/7.0 Mobile/11A465 Safari/9537.53 (compatible; bingbot/2.0; +http://www.bing.com/bingbot.htm)"
151.230.158.148 - - [12/Jan/2018:07:07:42 +0100] "GET /?search=endgame&searchtype=title HTTP/1.1" 200 5600 "https://senseis.xmp.net/" "Mozilla/5.0 (Linux; U; Android 4.2.2; en-gb; GT-I9100 Build/JDQ39E) AppleWebKit/534.30 (KHTML, like Gecko) Version/4.0 Mobile Safari/534.30 CyanogenMod/replicant-4.2/i9100"
46.229.168.67 - - [12/Jan/2018:07:07:42 +0100] "GET /?forum=Lessdrunk HTTP/1.1" 200 5145 "-" "Mozilla/5.0 (compatible; SemrushBot/1.2~bl; +http://www.semrush.com/bot.html)"
151.230.158.148 - - [12/Jan/2018:07:07:47 +0100] "GET /?Endgame HTTP/1.1" 200 8673 "https://senseis.xmp.net/?search=endgame&searchtype=title" "Mozilla/5.0 (Linux; U; Android 4.2.2; en-gb; GT-I9100 Build/JDQ39E) AppleWebKit/534.30 (KHTML, like Gecko) Version/4.0 Mobile Safari/534.30 CyanogenMod/replicant-4.2/i9100"
46.229.168.65 - - [12/Jan/2018:07:07:48 +0100] "GET /?DougsGoBlog%2FMay2003 HTTP/1.1" 200 25315 "-" "Mozilla/5.0 (compatible; SemrushBot/1.2~bl; +http://www.semrush.com/bot.html)"
68.180.230.239 - - [12/Jan/2018:07:07:49 +0100] "GET /?Salutation HTTP/1.1" 304 3386 "-" "Mozilla/5.0 (compatible; Yahoo! Slurp; http://help.yahoo.com/help/us/ysearch/slurp)"
213.180.203.2 - - [12/Jan/2018:07:07:51 +0100] "GET /?Catch22 HTTP/1.1" 200 7310 "-" "Mozilla/5.0 (compatible; YandexBot/3.0; +http://yandex.com/bots)"
151.230.158.148 - - [12/Jan/2018:07:07:50 +0100] "GET /?BasicEndgameTheory HTTP/1.1" 200 15597 "https://senseis.xmp.net/?Endgame" "Mozilla/5.0 (Linux; U; Android 4.2.2; en-gb; GT-I9100 Build/JDQ39E) AppleWebKit/534.30 (KHTML, like Gecko) Version/4.0 Mobile Safari/534.30 CyanogenMod/replicant-4.2/i9100"
213.180.203.2 - - [12/Jan/2018:07:07:51 +0100] "GET /?Chitetsu HTTP/1.1" 200 2648 "-" "Mozilla/5.0 (compatible; YandexBot/3.0; +http://yandex.com/bots)"
73.173.254.144 - - [12/Jan/2018:07:07:53 +0100] "GET /?zhanghu HTTP/1.1" 200 5859 "https://senseis.xmp.net/?HistoryOfChineseScoring" "Mozilla/5.0 (Windows NT 6.1; WOW64; rv:43.0) Gecko/20100101 Firefox/43.0"
46.229.168.77 - - [12/Jan/2018:07:07:56 +0100] "GET /?forum=TrainLikeAPro HTTP/1.1" 200 5145 "-" "Mozilla/5.0 (compatible; SemrushBot/1.2~bl; +http://www.semrush.com/bot.html)"
40.77.167.54 - - [12/Jan/2018:07:07:56 +0100] "GET /?hikarunogoquestionsandanswers HTTP/1.1" 200 35911 "-" "Mozilla/5.0 (iPhone; CPU iPhone OS 7_0 like Mac OS X) AppleWebKit/537.51.1 (KHTML, like Gecko) Version/7.0 Mobile/11A465 Safari/9537.53 (compatible; bingbot/2.0; +http://www.bing.com/bingbot.htm)"
40.77.167.7 - - [12/Jan/2018:07:07:57 +0100] "GET /?OutOfPrintGoBooks HTTP/1.1" 200 11877 "-" "Mozilla/5.0 (iPhone; CPU iPhone OS 7_0 like Mac OS X) AppleWebKit/537.51.1 (KHTML, like Gecko) Version/7.0 Mobile/11A465 Safari/9537.53 (compatible; bingbot/2.0; +http://www.bing.com/bingbot.htm)"
46.229.168.73 - - [12/Jan/2018:07:07:58 +0100] "GET /?forum=Blunder HTTP/1.1" 200 5225 "-" "Mozilla/5.0 (compatible; SemrushBot/1.2~bl; +http://www.semrush.com/bot.html)"
68.180.230.239 - - [12/Jan/2018:07:07:58 +0100] "GET /?MrBurns HTTP/1.1" 304 3386 "-" "Mozilla/5.0 (compatible; Yahoo! Slurp; http://help.yahoo.com/help/us/ysearch/slurp)"
68.180.230.239 - - [12/Jan/2018:07:07:59 +0100] "GET /?SamZimmerman HTTP/1.1" 304 3386 "-" "Mozilla/5.0 (compatible; Yahoo! Slurp; http://help.yahoo.com/help/us/ysearch/slurp)"
68.180.230.239 - - [12/Jan/2018:07:08:00 +0100] "GET /?EmptyMind HTTP/1.1" 304 3386 "-" "Mozilla/5.0 (compatible; Yahoo! Slurp; http://help.yahoo.com/help/us/ysearch/slurp)"
46.229.168.67 - - [12/Jan/2018:07:08:05 +0100] "GET /?forum=Lessdrunk HTTP/1.1" 200 5129 "-" "Mozilla/5.0 (compatible; SemrushBot/1.2~bl; +http://www.semrush.com/bot.html)"
213.180.203.2 - - [12/Jan/2018:07:08:06 +0100] "GET /?KidoYearbook HTTP/1.1" 200 6146 "-" "Mozilla/5.0 (compatible; YandexBot/3.0; +http://yandex.com/bots)"
46.229.168.72 - - [12/Jan/2018:07:08:06 +0100] "GET /?TicklingShodan HTTP/1.1" 200 10921 "-" "Mozilla/5.0 (compatible; SemrushBot/1.2~bl; +http://www.semrush.com/bot.html)"
40.77.167.7 - - [12/Jan/2018:07:08:07 +0100] "GET /?TurboGo HTTP/1.1" 200 9172 "-" "Mozilla/5.0 (iPhone; CPU iPhone OS 7_0 like Mac OS X) AppleWebKit/537.51.1 (KHTML, like Gecko) Version/7.0 Mobile/11A465 Safari/9537.53 (compatible; bingbot/2.0; +http://www.bing.com/bingbot.htm)"
103.232.241.5 - - [12/Jan/2018:07:08:07 +0100] "GET /?RobsonsProofThatGOIsEXPTimeHard HTTP/1.1" 200 7991 "-" "Mozilla/5.0 (Windows NT 10.0; Win64; x64; rv:57.0) Gecko/20100101 Firefox/57.0"
68.180.230.239 - - [12/Jan/2018:07:08:11 +0100] "GET /?Okw HTTP/1.1" 304 3386 "-" "Mozilla/5.0 (compatible; Yahoo! Slurp; http://help.yahoo.com/help/us/ysearch/slurp)"
213.180.203.2 - - [12/Jan/2018:07:08:12 +0100] "GET /?ShikatsuMyokiTsumegoSeries51 HTTP/1.1" 200 6074 "-" "Mozilla/5.0 (compatible; YandexBot/3.0; +http://yandex.com/bots)"
68.180.230.239 - - [12/Jan/2018:07:08:17 +0100] "GET /?Oenava HTTP/1.1" 304 3386 "-" "Mozilla/5.0 (compatible; Yahoo! Slurp; http://help.yahoo.com/help/us/ysearch/slurp)"
182.71.16.206 - - [12/Jan/2018:07:08:21 +0100] "GET /?InterestingAndUninteresting%2FDiscussion HTTP/1.1" 200 9536 "https://www.google.co.in/" "Mozilla/5.0 (Windows NT 10.0; Win64; x64) AppleWebKit/537.36 (KHTML, like Gecko) Chrome/63.0.3239.132 Safari/537.36"
68.180.230.239 - - [12/Jan/2018:07:08:21 +0100] "GET /?forum=H3r0 HTTP/1.1" 200 5386 "-" "Mozilla/5.0 (compatible; Yahoo! Slurp; http://help.yahoo.com/help/us/ysearch/slurp)"
182.71.16.206 - - [12/Jan/2018:07:08:22 +0100] "GET /favicon.ico HTTP/1.1" 200 646 "https://senseis.xmp.net/?InterestingAndUninteresting%2FDiscussion" "Mozilla/5.0 (Windows NT 10.0; Win64; x64) AppleWebKit/537.36 (KHTML, like Gecko) Chrome/63.0.3239.132 Safari/537.36"
68.180.230.239 - - [12/Jan/2018:07:08:24 +0100] "GET /?Jsha HTTP/1.1" 304 3386 "-" "Mozilla/5.0 (compatible; Yahoo! Slurp; http://help.yahoo.com/help/us/ysearch/slurp)"
213.180.203.2 - - [12/Jan/2018:07:08:26 +0100] "GET /?TeachingGame67/Moves81Thru90 HTTP/1.1" 200 9010 "-" "Mozilla/5.0 (compatible; YandexBot/3.0; +http://yandex.com/bots)"
46.229.168.67 - - [12/Jan/2018:07:08:27 +0100] "GET /?forum=Lessdrunk HTTP/1.1" 200 5145 "-" "Mozilla/5.0 (compatible; SemrushBot/1.2~bl; +http://www.semrush.com/bot.html)"
68.180.230.239 - - [12/Jan/2018:07:08:28 +0100] "GET /?Kibate HTTP/1.1" 304 3386 "-" "Mozilla/5.0 (compatible; Yahoo! Slurp; http://help.yahoo.com/help/us/ysearch/slurp)"
68.180.230.239 - - [12/Jan/2018:07:08:30 +0100] "GET /?JapaneseBigQuestionMark HTTP/1.1" 304 3386 "-" "Mozilla/5.0 (compatible; Yahoo! Slurp; http://help.yahoo.com/help/us/ysearch/slurp)"
46.229.168.72 - - [12/Jan/2018:07:08:30 +0100] "GET /?TicklingShodan HTTP/1.1" 200 10937 "-" "Mozilla/5.0 (compatible; SemrushBot/1.2~bl; +http://www.semrush.com/bot.html)"
190.160.121.184 - - [12/Jan/2018:07:08:31 +0100] "GET /?CommonGoTerms HTTP/1.1" 200 8699 "https://www.google.cl/" "Mozilla/5.0 (Linux; Android 7.0; SM-G930F Build/NRD90M) AppleWebKit/537.36 (KHTML, like Gecko) Chrome/61.0.3163.98 Mobile Safari/537.36"
190.160.121.184 - - [12/Jan/2018:07:08:33 +0100] "GET /favicon.ico HTTP/1.1" 200 646 "https://senseis.xmp.net/?CommonGoTerms" "Mozilla/5.0 (Linux; Android 7.0; SM-G930F Build/NRD90M) AppleWebKit/537.36 (KHTML, like Gecko) Chrome/61.0.3163.98 Mobile Safari/537.36"
68.180.230.239 - - [12/Jan/2018:07:08:33 +0100] "GET /?topic=2154 HTTP/1.1" 200 6509 "-" "Mozilla/5.0 (compatible; Yahoo! Slurp; http://help.yahoo.com/help/us/ysearch/slurp)"
40.77.167.22 - - [12/Jan/2018:07:08:36 +0100] "GET /?omoyo HTTP/1.1" 200 7061 "-" "Mozilla/5.0 (iPhone; CPU iPhone OS 7_0 like Mac OS X) AppleWebKit/537.51.1 (KHTML, like Gecko) Version/7.0 Mobile/11A465 Safari/9537.53 (compatible; bingbot/2.0; +http://www.bing.com/bingbot.htm)"
66.249.64.201 - - [12/Jan/2018:07:08:37 +0100] "GET /?LeeSedolHongCHangSikLadderGame HTTP/1.1" 200 9496 "-" "Mozilla/5.0 (compatible; Googlebot/2.1; +http://www.google.com/bot.html)"
103.232.241.5 - - [12/Jan/2018:07:08:38 +0100] "HEAD /https://senseis.xmp.net/ HTTP/1.1" 404 3381 "-" "Test Certificate Info"
68.180.230.239 - - [12/Jan/2018:07:08:43 +0100] "GET /?Autarch HTTP/1.1" 304 3386 "-" "Mozilla/5.0 (compatible; Yahoo! Slurp; http://help.yahoo.com/help/us/ysearch/slurp)"
213.180.203.2 - - [12/Jan/2018:07:08:48 +0100] "GET /?Bend HTTP/1.1" 200 7266 "-" "Mozilla/5.0 (compatible; YandexBot/3.0; +http://yandex.com/bots)"
173.236.224.154 - - [12/Jan/2018:07:08:51 +0100] "HEAD /?KoreaPrimeMinisterCupWorldBadukChampionship HTTP/1.1" 200 3325 "http://tasliyol.com" "Mozilla/5.0 (compatible; MSIE 9.0; Windows NT 6.1; WOW64; Trident/5.0)"
169.1.33.203 - - [12/Jan/2018:07:08:51 +0100] "GET /?44PointHighApproach HTTP/1.1" 304 3452 "-" "Mozilla/5.0 (X11; Ubuntu; Linux x86_64; rv:57.0) Gecko/20100101 Firefox/57.0"
169.1.33.203 - - [12/Jan/2018:07:08:51 +0100] "GET /?34PointHighApproachKeima HTTP/1.1" 304 3452 "-" "Mozilla/5.0 (X11; Ubuntu; Linux x86_64; rv:57.0) Gecko/20100101 Firefox/57.0"
169.1.33.203 - - [12/Jan/2018:07:08:51 +0100] "GET /?JosekiPages HTTP/1.1" 304 3452 "-" "Mozilla/5.0 (X11; Ubuntu; Linux x86_64; rv:57.0) Gecko/20100101 Firefox/57.0"
46.229.168.74 - - [12/Jan/2018:07:08:52 +0100] "GET /?forum=XuanxuanQijingProblem143 HTTP/1.1" 200 5241 "-" "Mozilla/5.0 (compatible; SemrushBot/1.2~bl; +http://www.semrush.com/bot.html)"
46.229.168.72 - - [12/Jan/2018:07:08:53 +0100] "GET /?TicklingShodan HTTP/1.1" 200 10937 "-" "Mozilla/5.0 (compatible; SemrushBot/1.2~bl; +http://www.semrush.com/bot.html)"
213.180.203.2 - - [12/Jan/2018:07:08:54 +0100] "GET /?BigEye HTTP/1.1" 200 6488 "-" "Mozilla/5.0 (compatible; YandexBot/3.0; +http://yandex.com/bots)"
68.180.230.239 - - [12/Jan/2018:07:08:56 +0100] "GET /?MonkeyJumpProblem1%2FSolution HTTP/1.1" 304 3386 "-" "Mozilla/5.0 (compatible; Yahoo! Slurp; http://help.yahoo.com/help/us/ysearch/slurp)"
213.180.203.2 - - [12/Jan/2018:07:09:00 +0100] "GET /?CornerApproach HTTP/1.1" 200 6925 "-" "Mozilla/5.0 (compatible; YandexBot/3.0; +http://yandex.com/bots)"
46.229.168.65 - - [12/Jan/2018:07:09:00 +0100] "GET /?3x4Problems HTTP/1.1" 200 6105 "-" "Mozilla/5.0 (compatible; SemrushBot/1.2~bl; +http://www.semrush.com/bot.html)"
40.77.167.22 - - [12/Jan/2018:07:09:02 +0100] "GET /?pairgo HTTP/1.1" 200 9224 "-" "Mozilla/5.0 (iPhone; CPU iPhone OS 7_0 like Mac OS X) AppleWebKit/537.51.1 (KHTML, like Gecko) Version/7.0 Mobile/11A465 Safari/9537.53 (compatible; bingbot/2.0; +http://www.bing.com/bingbot.htm)"
40.77.167.7 - - [12/Jan/2018:07:09:02 +0100] "GET /?IshiNoNagare HTTP/1.1" 200 7047 "-" "Mozilla/5.0 (iPhone; CPU iPhone OS 7_0 like Mac OS X) AppleWebKit/537.51.1 (KHTML, like Gecko) Version/7.0 Mobile/11A465 Safari/9537.53 (compatible; bingbot/2.0; +http://www.bing.com/bingbot.htm)"
46.229.168.74 - - [12/Jan/2018:07:09:09 +0100] "GET /?Scsiduck HTTP/1.1" 200 5401 "-" "Mozilla/5.0 (compatible; SemrushBot/1.2~bl; +http://www.semrush.com/bot.html)"
46.229.168.79 - - [12/Jan/2018:07:09:13 +0100] "GET /?HoninboSansa HTTP/1.1" 200 6777 "-" "Mozilla/5.0 (compatible; SemrushBot/1.2~bl; +http://www.semrush.com/bot.html)"
46.229.168.74 - - [12/Jan/2018:07:09:14 +0100] "GET /?forum=XuanxuanQijingProblem143 HTTP/1.1" 200 5241 "-" "Mozilla/5.0 (compatible; SemrushBot/1.2~bl; +http://www.semrush.com/bot.html)"
68.180.230.239 - - [12/Jan/2018:07:09:15 +0100] "GET /?PB11 HTTP/1.1" 304 3386 "-" "Mozilla/5.0 (compatible; Yahoo! Slurp; http://help.yahoo.com/help/us/ysearch/slurp)"
73.173.254.144 - - [12/Jan/2018:07:09:15 +0100] "GET /?TsumegoFromGames25 HTTP/1.1" 200 3023 "https://senseis.xmp.net/?zhanghu" "Mozilla/5.0 (Windows NT 6.1; WOW64; rv:43.0) Gecko/20100101 Firefox/43.0"
68.180.230.239 - - [12/Jan/2018:07:09:16 +0100] "GET /?MasamuneXGP HTTP/1.1" 304 3386 "-" "Mozilla/5.0 (compatible; Yahoo! Slurp; http://help.yahoo.com/help/us/ysearch/slurp)"
213.180.203.2 - - [12/Jan/2018:07:09:18 +0100] "GET /?Ranks HTTP/1.1" 200 7087 "-" "Mozilla/5.0 (compatible; YandexBot/3.0; +http://yandex.com/bots)"
35.226.23.240 - - [12/Jan/2018:07:09:22 +0100] "GET /robots.txt HTTP/1.1" 200 2281 "-" "ltx71 - (http://ltx71.com/)"
172.58.140.10 - - [12/Jan/2018:07:09:28 +0100] "GET / HTTP/1.1" 200 6856 "-" "Mozilla/5.0 (Linux; Android 7.0; LG-H918 Build/NRD90M) AppleWebKit/537.36 (KHTML, like Gecko) Chrome/63.0.3239.111 Mobile Safari/537.36"
213.180.203.2 - - [12/Jan/2018:07:09:29 +0100] "GET /?Mogo HTTP/1.1" 200 9481 "-" "Mozilla/5.0 (compatible; YandexBot/3.0; +http://yandex.com/bots)"
46.229.168.65 - - [12/Jan/2018:07:09:32 +0100] "GET /?3x4Problems HTTP/1.1" 200 6105 "-" "Mozilla/5.0 (compatible; SemrushBot/1.2~bl; +http://www.semrush.com/bot.html)"
68.180.230.239 - - [12/Jan/2018:07:09:33 +0100] "GET /?forum=Homepages HTTP/1.1" 200 5391 "-" "Mozilla/5.0 (compatible; Yahoo! Slurp; http://help.yahoo.com/help/us/ysearch/slurp)"
68.180.230.239 - - [12/Jan/2018:07:09:35 +0100] "GET /?forum=MrBurns HTTP/1.1" 200 5392 "-" "Mozilla/5.0 (compatible; Yahoo! Slurp; http://help.yahoo.com/help/us/ysearch/slurp)"
1.52.36.8 - - [12/Jan/2018:07:09:36 +0100] "GET / HTTP/1.1" 200 6856 "https://vi.wikipedia.org/" "Mozilla/5.0 (Windows NT 6.1; Win64; x64) AppleWebKit/537.36 (KHTML, like Gecko) Chrome/63.0.3239.132 Safari/537.36"
213.180.203.2 - - [12/Jan/2018:07:09:36 +0100] "GET /?XuanxuanQijingProblem129%2FAttempts HTTP/1.1" 200 6524 "-" "Mozilla/5.0 (compatible; YandexBot/3.0; +http://yandex.com/bots)"
1.52.36.8 - - [12/Jan/2018:07:09:38 +0100] "GET /favicon.ico HTTP/1.1" 200 646 "https://senseis.xmp.net/" "Mozilla/5.0 (Windows NT 6.1; Win64; x64) AppleWebKit/537.36 (KHTML, like Gecko) Chrome/63.0.3239.132 Safari/537.36"
46.229.168.80 - - [12/Jan/2018:07:09:38 +0100] "GET /?HoligorPondersYosePrinciplesAndTheory HTTP/1.1" 200 12142 "-" "Mozilla/5.0 (compatible; SemrushBot/1.2~bl; +http://www.semrush.com/bot.html)"
46.229.168.74 - - [12/Jan/2018:07:09:39 +0100] "GET /?Scsiduck HTTP/1.1" 200 5401 "-" "Mozilla/5.0 (compatible; SemrushBot/1.2~bl; +http://www.semrush.com/bot.html)"
68.180.230.239 - - [12/Jan/2018:07:09:42 +0100] "GET /?Androxylo HTTP/1.1" 304 3386 "-" "Mozilla/5.0 (compatible; Yahoo! Slurp; http://help.yahoo.com/help/us/ysearch/slurp)"
172.58.140.10 - - [12/Jan/2018:07:09:42 +0100] "GET /?search=Eight+in+the+corner&searchtype=title HTTP/1.1" 200 2992 "https://senseis.xmp.net/" "Mozilla/5.0 (Linux; Android 7.0; LG-H918 Build/NRD90M) AppleWebKit/537.36 (KHTML, like Gecko) Chrome/63.0.3239.111 Mobile Safari/537.36"
68.180.230.239 - - [12/Jan/2018:07:09:46 +0100] "GET /?Phillippe HTTP/1.1" 304 3386 "-" "Mozilla/5.0 (compatible; Yahoo! Slurp; http://help.yahoo.com/help/us/ysearch/slurp)"
213.180.203.2 - - [12/Jan/2018:07:09:46 +0100] "GET /?AScientificIntroductionToGo HTTP/1.1" 200 5976 "-" "Mozilla/5.0 (compatible; YandexBot/3.0; +http://yandex.com/bots)"
40.77.167.22 - - [12/Jan/2018:07:09:47 +0100] "GET /?sgf HTTP/1.1" 200 13638 "-" "Mozilla/5.0 (iPhone; CPU iPhone OS 7_0 like Mac OS X) AppleWebKit/537.51.1 (KHTML, like Gecko) Version/7.0 Mobile/11A465 Safari/9537.53 (compatible; bingbot/2.0; +http://www.bing.com/bingbot.htm)"
46.229.168.74 - - [12/Jan/2018:07:09:48 +0100] "GET /?Scsiduck HTTP/1.1" 200 5401 "-" "Mozilla/5.0 (compatible; SemrushBot/1.2~bl; +http://www.semrush.com/bot.html)"
